ARM Linker, 5.03 [Build 76] [MDK-ARM Professional]

==============================================================================

Section Cross References

    stm32f10x_it.o(i.SDIO_IRQHandler) refers to sdcard.o(i.SD_ProcessIRQSrc) for SD_ProcessIRQSrc
    sdcard.o(i.CmdResp1Error) refers to stm32f10x_sdio.o(i.SDIO_ClearFlag) for SDIO_ClearFlag
    sdcard.o(i.CmdResp1Error) refers to stm32f10x_sdio.o(i.SDIO_GetCommandResponse) for SDIO_GetCommandResponse
    sdcard.o(i.CmdResp1Error) refers to stm32f10x_sdio.o(i.SDIO_GetResponse) for SDIO_GetResponse
    sdcard.o(i.CmdResp2Error) refers to stm32f10x_sdio.o(i.SDIO_ClearFlag) for SDIO_ClearFlag
    sdcard.o(i.CmdResp6Error) refers to stm32f10x_sdio.o(i.SDIO_ClearFlag) for SDIO_ClearFlag
    sdcard.o(i.CmdResp6Error) refers to stm32f10x_sdio.o(i.SDIO_GetCommandResponse) for SDIO_GetCommandResponse
    sdcard.o(i.CmdResp6Error) refers to stm32f10x_sdio.o(i.SDIO_GetResponse) for SDIO_GetResponse
    sdcard.o(i.DMA_RxConfiguration) refers to stm32f10x_dma.o(i.DMA_ClearFlag) for DMA_ClearFlag
    sdcard.o(i.DMA_RxConfiguration) refers to stm32f10x_dma.o(i.DMA_Cmd) for DMA_Cmd
    sdcard.o(i.DMA_RxConfiguration) refers to stm32f10x_dma.o(i.DMA_Init) for DMA_Init
    sdcard.o(i.DMA_TxConfiguration) refers to stm32f10x_dma.o(i.DMA_ClearFlag) for DMA_ClearFlag
    sdcard.o(i.DMA_TxConfiguration) refers to stm32f10x_dma.o(i.DMA_Cmd) for DMA_Cmd
    sdcard.o(i.DMA_TxConfiguration) refers to stm32f10x_dma.o(i.DMA_Init) for DMA_Init
    sdcard.o(i.FindSCR) refers to stm32f10x_sdio.o(i.SDIO_SendCommand) for SDIO_SendCommand
    sdcard.o(i.FindSCR) refers to sdcard.o(i.CmdResp1Error) for CmdResp1Error
    sdcard.o(i.FindSCR) refers to stm32f10x_sdio.o(i.SDIO_DataConfig) for SDIO_DataConfig
    sdcard.o(i.FindSCR) refers to stm32f10x_sdio.o(i.SDIO_GetFlagStatus) for SDIO_GetFlagStatus
    sdcard.o(i.FindSCR) refers to stm32f10x_sdio.o(i.SDIO_ClearFlag) for SDIO_ClearFlag
    sdcard.o(i.FindSCR) refers to stm32f10x_sdio.o(i.SDIO_ReadData) for SDIO_ReadData
    sdcard.o(i.FindSCR) refers to sdcard.o(.bss) for .bss
    sdcard.o(i.FindSCR) refers to sdcard.o(.data) for .data
    sdcard.o(i.IsCardProgramming) refers to stm32f10x_sdio.o(i.SDIO_SendCommand) for SDIO_SendCommand
    sdcard.o(i.IsCardProgramming) refers to stm32f10x_sdio.o(i.SDIO_ClearFlag) for SDIO_ClearFlag
    sdcard.o(i.IsCardProgramming) refers to stm32f10x_sdio.o(i.SDIO_GetCommandResponse) for SDIO_GetCommandResponse
    sdcard.o(i.IsCardProgramming) refers to stm32f10x_sdio.o(i.SDIO_GetResponse) for SDIO_GetResponse
    sdcard.o(i.IsCardProgramming) refers to sdcard.o(.data) for .data
    sdcard.o(i.IsCardProgramming) refers to sdcard.o(.bss) for .bss
    sdcard.o(i.SDEnWideBus) refers to stm32f10x_sdio.o(i.SDIO_GetResponse) for SDIO_GetResponse
    sdcard.o(i.SDEnWideBus) refers to sdcard.o(i.FindSCR) for FindSCR
    sdcard.o(i.SDEnWideBus) refers to stm32f10x_sdio.o(i.SDIO_SendCommand) for SDIO_SendCommand
    sdcard.o(i.SDEnWideBus) refers to sdcard.o(i.CmdResp1Error) for CmdResp1Error
    sdcard.o(i.SDEnWideBus) refers to sdcard.o(.data) for .data
    sdcard.o(i.SDEnWideBus) refers to sdcard.o(.bss) for .bss
    sdcard.o(i.SD_EnableWideBusOperation) refers to sdcard.o(i.SDEnWideBus) for SDEnWideBus
    sdcard.o(i.SD_EnableWideBusOperation) refers to stm32f10x_sdio.o(i.SDIO_Init) for SDIO_Init
    sdcard.o(i.SD_EnableWideBusOperation) refers to sdcard.o(.data) for .data
    sdcard.o(i.SD_EnableWideBusOperation) refers to sdcard.o(.bss) for .bss
    sdcard.o(i.SD_Erase) refers to stm32f10x_sdio.o(i.SDIO_GetResponse) for SDIO_GetResponse
    sdcard.o(i.SD_Erase) refers to stm32f10x_sdio.o(i.SDIO_SendCommand) for SDIO_SendCommand
    sdcard.o(i.SD_Erase) refers to sdcard.o(i.CmdResp1Error) for CmdResp1Error
    sdcard.o(i.SD_Erase) refers to sdcard.o(i.IsCardProgramming) for IsCardProgramming
    sdcard.o(i.SD_Erase) refers to sdcard.o(.bss) for .bss
    sdcard.o(i.SD_Erase) refers to sdcard.o(.data) for .data
    sdcard.o(i.SD_GetCardInfo) refers to sdcard.o(.data) for .data
    sdcard.o(i.SD_GetCardInfo) refers to sdcard.o(.bss) for .bss
    sdcard.o(i.SD_Init) refers to stm32f10x_rcc.o(i.RCC_APB2PeriphClockCmd) for RCC_APB2PeriphClockCmd
    sdcard.o(i.SD_Init) refers to stm32f10x_gpio.o(i.GPIO_Init) for GPIO_Init
    sdcard.o(i.SD_Init) refers to stm32f10x_gpio.o(i.GPIO_ResetBits) for GPIO_ResetBits
    sdcard.o(i.SD_Init) refers to stm32f10x_rcc.o(i.RCC_AHBPeriphClockCmd) for RCC_AHBPeriphClockCmd
    sdcard.o(i.SD_Init) refers to stm32f10x_sdio.o(i.SDIO_DeInit) for SDIO_DeInit
    sdcard.o(i.SD_Init) refers to sdcard.o(i.SD_PowerON) for SD_PowerON
    sdcard.o(i.SD_Init) refers to sdcard.o(i.SD_InitializeCards) for SD_InitializeCards
    sdcard.o(i.SD_Init) refers to stm32f10x_sdio.o(i.SDIO_Init) for SDIO_Init
    sdcard.o(i.SD_Init) refers to sdcard.o(.bss) for .bss
    sdcard.o(i.SD_InitializeCards) refers to stm32f10x_sdio.o(i.SDIO_GetPowerState) for SDIO_GetPowerState
[...]
    ../clib/microlib/printf/printf.c         0x00000000   Number         0  printfa.o ABSOLUTE
    ../clib/microlib/printf/stubs.s          0x00000000   Number         0  stubs.o ABSOLUTE
    ../clib/microlib/stdio/streams.c         0x00000000   Number         0  stdout.o ABSOLUTE
    ../clib/microlib/string/strstr.c         0x00000000   Number         0  strstr.o ABSOLUTE
    ../clib/microlib/stubs.s                 0x00000000   Number         0  iusefp.o ABSOLUTE
    ../fplib/microlib/fpadd.c                0x00000000   Number         0  dadd.o ABSOLUTE
    ../fplib/microlib/fpadd.c                0x00000000   Number         0  fadd.o ABSOLUTE
    ../fplib/microlib/fpdiv.c                0x00000000   Number         0  fdiv.o ABSOLUTE
    ../fplib/microlib/fpdiv.c                0x00000000   Number         0  ddiv.o ABSOLUTE
    ../fplib/microlib/fpepilogue.c           0x00000000   Number         0  depilogue.o ABSOLUTE
    ../fplib/microlib/fpepilogue.c           0x00000000   Number         0  fepilogue.o ABSOLUTE
    ../fplib/microlib/fpfix.c                0x00000000   Number         0  ffixui.o ABSOLUTE
    ../fplib/microlib/fpfix.c                0x00000000   Number         0  dfixul.o ABSOLUTE
    ../fplib/microlib/fpflt.c                0x00000000   Number         0  ffltui.o ABSOLUTE
    ../fplib/microlib/fpmul.c                0x00000000   Number         0  dmul.o ABSOLUTE
    ../fplib/microlib/fpmul.c                0x00000000   Number         0  fmul.o ABSOLUTE
    ../fplib/microlib/fpscalb.c              0x00000000   Number         0  fscalb.o ABSOLUTE
    FWlib\SRC\misc.c                         0x00000000   Number         0  misc.o ABSOLUTE
    FWlib\SRC\stm32f10x_dma.c                0x00000000   Number         0  stm32f10x_dma.o ABSOLUTE
    FWlib\SRC\stm32f10x_fsmc.c               0x00000000   Number         0  stm32f10x_fsmc.o ABSOLUTE
    FWlib\SRC\stm32f10x_gpio.c               0x00000000   Number         0  stm32f10x_gpio.o ABSOLUTE
    FWlib\SRC\stm32f10x_rcc.c                0x00000000   Number         0  stm32f10x_rcc.o ABSOLUTE
    FWlib\SRC\stm32f10x_sdio.c               0x00000000   Number         0  stm32f10x_sdio.o ABSOLUTE
    FWlib\SRC\stm32f10x_tim.c                0x00000000   Number         0  stm32f10x_tim.o ABSOLUTE
    FWlib\SRC\stm32f10x_usart.c              0x00000000   Number         0  stm32f10x_usart.o ABSOLUTE
    cdrcmple.s                               0x00000000   Number         0  cdrcmple.o ABSOLUTE
    cfcmple.s                                0x00000000   Number         0  cfcmple.o ABSOLUTE
    dc.s                                     0x00000000   Number         0  dc.o ABSOLUTE
    fatfs\diskio.c                           0x00000000   Number         0  diskio.o ABSOLUTE
    fatfs\ff.c                               0x00000000   Number         0  ff.o ABSOLUTE
    handlers.s                               0x00000000   Number         0  handlers.o ABSOLUTE
    init.s                                   0x00000000   Number         0  init.o ABSOLUTE
    picture\piclib.c                         0x00000000   Number         0  piclib.o ABSOLUTE
    picture\tjpgd.c                          0x00000000   Number         0  tjpgd.o ABSOLUTE
    startup\startup_stm32f10x_hd.s           0x00000000   Number         0  startup_stm32f10x_hd.o ABSOLUTE
    user\\core_cm3.c                         0x00000000   Number         0  core_cm3.o ABSOLUTE
    user\core_cm3.c                          0x00000000   Number         0  core_cm3.o ABSOLUTE
    user\deal_file.c                         0x00000000   Number         0  deal_file.o ABSOLUTE
    user\delay.c                             0x00000000   Number         0  delay.o ABSOLUTE
    user\lcd.c                               0x00000000   Number         0  lcd.o ABSOLUTE
    user\main.c                              0x00000000   Number         0  main.o ABSOLUTE
    user\malloc.c                            0x00000000   Number         0  malloc.o ABSOLUTE
    user\parse_msg.c                         0x00000000   Number         0  parse_msg.o ABSOLUTE
    user\sdcard.c                            0x00000000   Number         0  sdcard.o ABSOLUTE
    user\sim900a.c                           0x00000000   Number         0  sim900a.o ABSOLUTE
    user\stm32f10x_it.c                      0x00000000   Number         0  stm32f10x_it.o ABSOLUTE
    user\system_stm32f10x.c                  0x00000000   Number         0  system_stm32f10x.o ABSOLUTE
    user\timer.c                             0x00000000   Number         0  timer.o ABSOLUTE
    user\usart.c                             0x00000000   Number         0  usart.o ABSOLUTE
    RESET                                    0x08000000   Section      304  startup_stm32f10x_hd.o(RESET)
    .ARM.Collect$$$$00000000                 0x08000130   Section        0  entry.o(.ARM.Collect$$$$00000000)
    .ARM.Collect$$$$00000001                 0x08000130   Section        4  entry2.o(.ARM.Collect$$$$00000001)
    .ARM.Collect$$$$00000004                 0x08000134   Section        4  entry5.o(.ARM.Collect$$$$00000004)
    .ARM.Collect$$$$00000008                 0x08000138   Section        0  entry7b.o(.ARM.Collect$$$$00000008)
    .ARM.Collect$$$$0000000A                 0x08000138   Section        0  entry8b.o(.ARM.Collect$$$$0000000A)
    .ARM.Collect$$$$0000000B                 0x08000138   Section        8  entry9a.o(.ARM.Collect$$$$0000000B)
    .ARM.Collect$$$$0000000D                 0x08000140   Section        0  entry10a.o(.ARM.Collect$$$$0000000D)
    .ARM.Collect$$$$0000000F                 0x08000140   Section        0  entry11a.o(.ARM.Collect$$$$0000000F)
    .ARM.Collect$$$$00002712                 0x08000140   Section        4  entry2.o(.ARM.Collect$$$$00002712)
    __lit__00000000                          0x08000140   Data           4  entry2.o(.ARM.Collect$$$$00002712)
    .text                                    0x08000144   Section       48  startup_stm32f10x_hd.o(.text)
    .text                                    0x08000174   Section        0  strstr.o(.text)
    .text                                    0x08000198   Section        0  fadd.o(.text)
    .text                                    0x08000248   Section        0  fmul.o(.text)
    .text                                    0x080002b4   Section        0  fdiv.o(.text)
    .text                                    0x08000334   Section        0  fscalb.o(.text)
    .text                                    0x0800034c   Section        0  ffltui.o(.text)
    .text                                    0x08000356   Section        0  ffixui.o(.text)
    .text                                    0x08000380   Section       20  cfcmple.o(.text)
    .text                                    0x08000394   Section        0  uldiv.o(.text)
    .text                                    0x080003f6   Section        0  iusefp.o(.text)
    .text                                    0x080003f6   Section        0  fepilogue.o(.text)
    .text                                    0x08000464   Section       36  init.o(.text)
    .text                                    0x08000488   Section        0  llshl.o(.text)
    .text                                    0x080004a6   Section        0  llushr.o(.text)
    i.BusFault_Handler                       0x080004c6   Section        0  stm32f10x_it.o(i.BusFault_Handler)
    i.CLR_Buf2                               0x080004c8   Section        0  usart.o(i.CLR_Buf2)
    i.ClearGlobalParam                       0x080004e8   Section        0  main.o(i.ClearGlobalParam)
    ClearGlobalParam                         0x080004e9   Thumb Code    36  main.o(i.ClearGlobalParam)
    i.CmdResp1Error                          0x08000524   Section        0  sdcard.o(i.CmdResp1Error)
    CmdResp1Error                            0x08000525   Thumb Code   224  sdcard.o(i.CmdResp1Error)
    i.CmdResp2Error                          0x0800060c   Section        0  sdcard.o(i.CmdResp2Error)
    CmdResp2Error                            0x0800060d   Thumb Code    46  sdcard.o(i.CmdResp2Error)
    i.CmdResp6Error                          0x08000640   Section        0  sdcard.o(i.CmdResp6Error)
    CmdResp6Error                            0x08000641   Thumb Code   108  sdcard.o(i.CmdResp6Error)
    i.Connect_Server                         0x080006b0   Section        0  sim900a.o(i.Connect_Server)
    i.CreateJPGFile                          0x080007f4   Section        0  deal_file.o(i.CreateJPGFile)
    i.DMA_ClearFlag                          0x08000880   Section        0  stm32f10x_dma.o(i.DMA_ClearFlag)
    i.DMA_Cmd                                0x08000898   Section        0  stm32f10x_dma.o(i.DMA_Cmd)
    i.DMA_GetFlagStatus                      0x080008ac   Section        0  stm32f10x_dma.o(i.DMA_GetFlagStatus)
    i.DMA_Init                               0x080008cc   Section        0  stm32f10x_dma.o(i.DMA_Init)
    i.DMA_RxConfiguration                    0x08000908   Section        0  sdcard.o(i.DMA_RxConfiguration)
    DMA_RxConfiguration                      0x08000909   Thumb Code    80  sdcard.o(i.DMA_RxConfiguration)
    i.DMA_TxConfiguration                    0x08000964   Section        0  sdcard.o(i.DMA_TxConfiguration)
    DMA_TxConfiguration                      0x08000965   Thumb Code    82  sdcard.o(i.DMA_TxConfiguration)
    i.DebugMon_Handler                       0x080009c4   Section        0  stm32f10x_it.o(i.DebugMon_Handler)
    i.FSMC_NORSRAMCmd                        0x080009c8   Section        0  stm32f10x_fsmc.o(i.FSMC_NORSRAMCmd)
    i.FSMC_NORSRAMInit                       0x080009e8   Section        0  stm32f10x_fsmc.o(i.FSMC_NORSRAMInit)
    i.Find                                   0x08000aa8   Section        0  sim900a.o(i.Find)
    i.GPIO_Init                              0x08000ac0   Section        0  stm32f10x_gpio.o(i.GPIO_Init)
    i.GPIO_ResetBits                         0x08000b5e   Section        0  stm32f10x_gpio.o(i.GPIO_ResetBits)
    i.HardFault_Handler                      0x08000b62   Section        0  stm32f10x_it.o(i.HardFault_Handler)
    i.IsCardProgramming                      0x08000b64   Section        0  sdcard.o(i.IsCardProgramming)
    IsCardProgramming                        0x08000b65   Thumb Code   316  sdcard.o(i.IsCardProgramming)
    i.LCD_BGR2RGB                            0x08000cb0   Section        0  lcd.o(i.LCD_BGR2RGB)
    i.LCD_Clear                              0x08000cc4   Section        0  lcd.o(i.LCD_Clear)
    i.LCD_Display_Dir                        0x08000d30   Section        0  lcd.o(i.LCD_Display_Dir)
    i.LCD_Fast_DrawPoint                     0x08000e7c   Section        0  lcd.o(i.LCD_Fast_DrawPoint)
    i.LCD_Fill                               0x08000efc   Section        0  lcd.o(i.LCD_Fill)
    i.LCD_Init                               0x08000f88   Section        0  lcd.o(i.LCD_Init)
    i.LCD_ReadPoint                          0x08003214   Section        0  lcd.o(i.LCD_ReadPoint)
    i.LCD_ReadReg                            0x08003300   Section        0  lcd.o(i.LCD_ReadReg)
    i.LCD_Scan_Dir                           0x08003318   Section        0  lcd.o(i.LCD_Scan_Dir)
    i.LCD_SetCursor                          0x08003460   Section        0  lcd.o(i.LCD_SetCursor)
    i.LCD_Set_Window                         0x080034d8   Section        0  lcd.o(i.LCD_Set_Window)
    i.LCD_WriteRAM                           0x080035b0   Section        0  lcd.o(i.LCD_WriteRAM)
    i.LCD_WriteRAM_Prepare                   0x080035bc   Section        0  lcd.o(i.LCD_WriteRAM_Prepare)
    i.LCD_WriteReg                           0x080035d0   Section        0  lcd.o(i.LCD_WriteReg)
    i.MemManage_Handler                      0x080035e0   Section        0  stm32f10x_it.o(i.MemManage_Handler)
    i.MountSD                                0x080035e4   Section        0  deal_file.o(i.MountSD)
    i.NMI_Handler                            0x08003604   Section        0  stm32f10x_it.o(i.NMI_Handler)
    i.NVIC_Configuration                     0x08003606   Section        0  main.o(i.NVIC_Configuration)
    i.NVIC_Init                              0x08003648   Section        0  misc.o(i.NVIC_Init)
    i.NVIC_PriorityGroupConfig               0x080036ac   Section        0  misc.o(i.NVIC_PriorityGroupConfig)
    i.ParseMsg                               0x080036c0   Section        0  parse_msg.o(i.ParseMsg)
    i.PendSV_Handler                         0x08003784   Section        0  stm32f10x_it.o(i.PendSV_Handler)
    i.RCC_AHBPeriphClockCmd                  0x08003788   Section        0  stm32f10x_rcc.o(i.RCC_AHBPeriphClockCmd)
    i.RCC_APB1PeriphClockCmd                 0x080037a0   Section        0  stm32f10x_rcc.o(i.RCC_APB1PeriphClockCmd)
    i.RCC_APB1PeriphResetCmd                 0x080037b8   Section        0  stm32f10x_rcc.o(i.RCC_APB1PeriphResetCmd)
    i.RCC_APB2PeriphClockCmd                 0x080037d0   Section        0  stm32f10x_rcc.o(i.RCC_APB2PeriphClockCmd)
    i.RCC_APB2PeriphResetCmd                 0x080037e8   Section        0  stm32f10x_rcc.o(i.RCC_APB2PeriphResetCmd)
    i.RCC_GetClocksFreq                      0x08003800   Section        0  stm32f10x_rcc.o(i.RCC_GetClocksFreq)
    i.SDIO_ClearFlag                         0x08003890   Section        0  stm32f10x_sdio.o(i.SDIO_ClearFlag)
    i.SDIO_ClearITPendingBit                 0x0800389c   Section        0  stm32f10x_sdio.o(i.SDIO_ClearITPendingBit)
    i.SDIO_ClockCmd                          0x080038a8   Section        0  stm32f10x_sdio.o(i.SDIO_ClockCmd)
    i.SDIO_DMACmd                            0x080038b4   Section        0  stm32f10x_sdio.o(i.SDIO_DMACmd)
    i.SDIO_DataConfig                        0x080038c0   Section        0  stm32f10x_sdio.o(i.SDIO_DataConfig)
    i.SDIO_DeInit                            0x080038ec   Section        0  stm32f10x_sdio.o(i.SDIO_DeInit)
    i.SDIO_GetCommandResponse                0x08003910   Section        0  stm32f10x_sdio.o(i.SDIO_GetCommandResponse)
    i.SDIO_GetFlagStatus                     0x0800391c   Section        0  stm32f10x_sdio.o(i.SDIO_GetFlagStatus)
    i.SDIO_GetITStatus                       0x08003930   Section        0  stm32f10x_sdio.o(i.SDIO_GetITStatus)
    i.SDIO_GetPowerState                     0x08003944   Section        0  stm32f10x_sdio.o(i.SDIO_GetPowerState)
    i.SDIO_GetResponse                       0x08003954   Section        0  stm32f10x_sdio.o(i.SDIO_GetResponse)
    i.SDIO_IRQHandler                        0x08003960   Section        0  stm32f10x_it.o(i.SDIO_IRQHandler)
    i.SDIO_ITConfig                          0x08003964   Section        0  stm32f10x_sdio.o(i.SDIO_ITConfig)
    i.SDIO_Init                              0x0800397c   Section        0  stm32f10x_sdio.o(i.SDIO_Init)
    i.SDIO_ReadData                          0x080039a8   Section        0  stm32f10x_sdio.o(i.SDIO_ReadData)
    i.SDIO_SendCommand                       0x080039b4   Section        0  stm32f10x_sdio.o(i.SDIO_SendCommand)
    i.SDIO_SetPowerState                     0x080039dc   Section        0  stm32f10x_sdio.o(i.SDIO_SetPowerState)
    i.SDIO_WriteData                         0x080039f4   Section        0  stm32f10x_sdio.o(i.SDIO_WriteData)
    i.SD_GetCardInfo                         0x08003a00   Section        0  sdcard.o(i.SD_GetCardInfo)
    i.SD_Init                                0x08003c50   Section        0  sdcard.o(i.SD_Init)
    i.SD_InitializeCards                     0x08003d00   Section        0  sdcard.o(i.SD_InitializeCards)
    i.SD_PowerON                             0x08003e08   Section        0  sdcard.o(i.SD_PowerON)
    i.SD_ProcessIRQSrc                       0x08003fa8   Section        0  sdcard.o(i.SD_ProcessIRQSrc)
    i.SD_ReadBlock                           0x08004144   Section        0  sdcard.o(i.SD_ReadBlock)
    i.SD_ReadMultiBlocks                     0x0800434c   Section        0  sdcard.o(i.SD_ReadMultiBlocks)
    i.SD_SelectDeselect                      0x080045ac   Section        0  sdcard.o(i.SD_SelectDeselect)
    i.SD_SetDeviceMode                       0x080045d8   Section        0  sdcard.o(i.SD_SetDeviceMode)
    i.SD_StopTransfer                        0x080045f4   Section        0  sdcard.o(i.SD_StopTransfer)
    i.SD_WriteBlock                          0x0800461c   Section        0  sdcard.o(i.SD_WriteBlock)
    i.SD_WriteMultiBlocks                    0x080048ec   Section        0  sdcard.o(i.SD_WriteMultiBlocks)
    i.SVC_Handler                            0x08004c04   Section        0  stm32f10x_it.o(i.SVC_Handler)
    i.Second_AT_Command                      0x08004c08   Section        0  sim900a.o(i.Second_AT_Command)
    i.Serial_One_Init                        0x08004c88   Section        0  usart.o(i.Serial_One_Init)
    i.Serial_Two_Init                        0x08004d04   Section        0  usart.o(i.Serial_Two_Init)
    i.SetSysClockTo72                        0x08004db0   Section        0  system_stm32f10x.o(i.SetSysClockTo72)
    SetSysClockTo72                          0x08004db1   Thumb Code   160  system_stm32f10x.o(i.SetSysClockTo72)
    i.Set_ATE0                               0x08004e58   Section        0  sim900a.o(i.Set_ATE0)
    i.SysTick_Handler                        0x08004e70   Section        0  stm32f10x_it.o(i.SysTick_Handler)
    i.SystemInit                             0x08004e74   Section        0  system_stm32f10x.o(i.SystemInit)
    i.TIM2_IRQHandler                        0x08004eb4   Section        0  timer.o(i.TIM2_IRQHandler)
    i.TIM_ClearITPendingBit                  0x08004eec   Section        0  stm32f10x_tim.o(i.TIM_ClearITPendingBit)
    i.TIM_Cmd                                0x08004ef2   Section        0  stm32f10x_tim.o(i.TIM_Cmd)
    i.TIM_GetITStatus                        0x08004f08   Section        0  stm32f10x_tim.o(i.TIM_GetITStatus)
    i.TIM_ITConfig                           0x08004f20   Section        0  stm32f10x_tim.o(i.TIM_ITConfig)
    i.TIM_TimeBaseInit                       0x08004f30   Section        0  stm32f10x_tim.o(i.TIM_TimeBaseInit)
    i.Timer2_Init_Config                     0x08004f6c   Section        0  timer.o(i.Timer2_Init_Config)
    i.UART2_SendString                       0x08004fb0   Section        0  usart.o(i.UART2_SendString)
    i.USART1_IRQHandler                      0x08004fdc   Section        0  usart.o(i.USART1_IRQHandler)
    i.USART2_IRQHandler                      0x08004fe0   Section        0  usart.o(i.USART2_IRQHandler)
    i.USART_Cmd                              0x080050b4   Section        0  stm32f10x_usart.o(i.USART_Cmd)
    i.USART_DeInit                           0x080050c8   Section        0  stm32f10x_usart.o(i.USART_DeInit)
    i.USART_GetFlagStatus                    0x08005134   Section        0  stm32f10x_usart.o(i.USART_GetFlagStatus)
    i.USART_GetITStatus                      0x08005142   Section        0  stm32f10x_usart.o(i.USART_GetITStatus)
    i.USART_ITConfig                         0x08005180   Section        0  stm32f10x_usart.o(i.USART_ITConfig)
    i.USART_Init                             0x080051b0   Section        0  stm32f10x_usart.o(i.USART_Init)
    i.USART_ReceiveData                      0x0800523c   Section        0  stm32f10x_usart.o(i.USART_ReceiveData)
    i.USART_SendData                         0x08005244   Section        0  stm32f10x_usart.o(i.USART_SendData)
    i.UsageFault_Handler                     0x0800524c   Section        0  stm32f10x_it.o(i.UsageFault_Handler)
    i.Wait_CREG                              0x08005250   Section        0  sim900a.o(i.Wait_CREG)
    i.__0printf$5                            0x080052bc   Section        0  printf5.o(i.__0printf$5)
    i.__scatterload_copy                     0x080052dc   Section       14  handlers.o(i.__scatterload_copy)
    i.__scatterload_null                     0x080052ea   Section        2  handlers.o(i.__scatterload_null)
    i.__scatterload_zeroinit                 0x080052ec   Section       14  handlers.o(i.__scatterload_zeroinit)
    i._printf_core                           0x080052fc   Section        0  printf5.o(i._printf_core)
    _printf_core                             0x080052fd   Thumb Code   658  printf5.o(i._printf_core)
    i.ai_draw_init                           0x080055bc   Section        0  piclib.o(i.ai_draw_init)
    i.ai_load_picfile                        0x0800568c   Section        0  piclib.o(i.ai_load_picfile)
    i.alloc_pool                             0x080056dc   Section        0  tjpgd.o(i.alloc_pool)
    alloc_pool                               0x080056dd   Thumb Code    28  tjpgd.o(i.alloc_pool)
    i.bitext                                 0x080056f8   Section        0  tjpgd.o(i.bitext)
    bitext                                   0x080056f9   Thumb Code   126  tjpgd.o(i.bitext)
    i.block_idct                             0x08005778   Section        0  tjpgd.o(i.block_idct)
    block_idct                               0x08005779   Thumb Code   466  tjpgd.o(i.block_idct)
    i.check_fs                               0x08005950   Section        0  ff.o(i.check_fs)
    check_fs                                 0x08005951   Thumb Code    86  ff.o(i.check_fs)
    i.clust2sect                             0x080059ac   Section        0  ff.o(i.clust2sect)
    i.convert_from_bytes_to_power_of_two     0x080059c4   Section        0  sdcard.o(i.convert_from_bytes_to_power_of_two)
    convert_from_bytes_to_power_of_two       0x080059c5   Thumb Code    18  sdcard.o(i.convert_from_bytes_to_power_of_two)
    i.create_chain                           0x080059d6   Section        0  ff.o(i.create_chain)
    create_chain                             0x080059d7   Thumb Code   158  ff.o(i.create_chain)
    i.create_huffman_tbl                     0x08005a74   Section        0  tjpgd.o(i.create_huffman_tbl)
    create_huffman_tbl                       0x08005a75   Thumb Code   204  tjpgd.o(i.create_huffman_tbl)
    i.create_name                            0x08005b40   Section        0  ff.o(i.create_name)
    create_name                              0x08005b41   Thumb Code   274  ff.o(i.create_name)
    i.delay_nms                              0x08005c64   Section        0  delay.o(i.delay_nms)
    i.delay_nus                              0x08005c82   Section        0  delay.o(i.delay_nus)
    i.dir_next                               0x08005c9c   Section        0  ff.o(i.dir_next)
    dir_next                                 0x08005c9d   Thumb Code   230  ff.o(i.dir_next)
    i.dir_read                               0x08005d82   Section        0  ff.o(i.dir_read)
    dir_read                                 0x08005d83   Thumb Code    92  ff.o(i.dir_read)
    i.dir_register                           0x08005dde   Section        0  ff.o(i.dir_register)
    dir_register                             0x08005ddf   Thumb Code   100  ff.o(i.dir_register)
    i.dir_remove                             0x08005e42   Section        0  ff.o(i.dir_remove)
    dir_remove                               0x08005e43   Thumb Code    52  ff.o(i.dir_remove)
    i.dir_sdi                                0x08005e78   Section        0  ff.o(i.dir_sdi)
    dir_sdi                                  0x08005e79   Thumb Code   126  ff.o(i.dir_sdi)
    i.disk_initialize                        0x08005ef6   Section        0  diskio.o(i.disk_initialize)
    i.disk_ioctl                             0x08005efa   Section        0  diskio.o(i.disk_ioctl)
    i.disk_read                              0x08005efe   Section        0  diskio.o(i.disk_read)
    i.disk_status                            0x08005f18   Section        0  diskio.o(i.disk_status)
    i.disk_write                             0x08005f1c   Section        0  diskio.o(i.disk_write)
    i.f_close                                0x08005f36   Section        0  ff.o(i.f_close)
    i.f_lseek                                0x08005f52   Section        0  ff.o(i.f_lseek)
    i.f_mount                                0x08006080   Section        0  ff.o(i.f_mount)
    i.f_open                                 0x080060cc   Section        0  ff.o(i.f_open)
    i.f_read                                 0x08006210   Section        0  ff.o(i.f_read)
    i.f_sync                                 0x0800635a   Section        0  ff.o(i.f_sync)
    i.f_unlink                               0x080063f2   Section        0  ff.o(i.f_unlink)
    i.f_write                                0x08006482   Section        0  ff.o(i.f_write)
    i.find_volume                            0x08006600   Section        0  ff.o(i.find_volume)
    find_volume                              0x08006601   Thumb Code   554  ff.o(i.find_volume)
    i.follow_path                            0x08006838   Section        0  ff.o(i.follow_path)
    follow_path                              0x08006839   Thumb Code   170  ff.o(i.follow_path)
    i.fputc                                  0x080068e4   Section        0  usart.o(i.fputc)
    i.get_fat                                0x08006908   Section        0  ff.o(i.get_fat)
    i.get_fattime                            0x080069c6   Section        0  diskio.o(i.get_fattime)
    i.get_ldnumber                           0x080069ca   Section        0  ff.o(i.get_ldnumber)
    get_ldnumber                             0x080069cb   Thumb Code    60  ff.o(i.get_ldnumber)
    i.huffext                                0x08006a08   Section        0  tjpgd.o(i.huffext)
    huffext                                  0x08006a09   Thumb Code   160  tjpgd.o(i.huffext)
    i.is_element_ok                          0x08006aa8   Section        0  piclib.o(i.is_element_ok)
    i.jd_decomp                              0x08006acc   Section        0  tjpgd.o(i.jd_decomp)
    i.jd_prepare                             0x08006bc0   Section        0  tjpgd.o(i.jd_prepare)
    i.jpeg_freeall                           0x08006ecc   Section        0  tjpgd.o(i.jpeg_freeall)
    i.jpeg_in_func                           0x08006ef0   Section        0  tjpgd.o(i.jpeg_in_func)
    i.jpeg_mallocall                         0x08006f14   Section        0  tjpgd.o(i.jpeg_mallocall)
    i.jpeg_out_func_fill                     0x08006f4c   Section        0  tjpgd.o(i.jpeg_out_func_fill)
    i.jpeg_out_func_point                    0x08006fa0   Section        0  tjpgd.o(i.jpeg_out_func_point)
    i.jpg_decode                             0x08007048   Section        0  tjpgd.o(i.jpg_decode)
    i.ld_clust                               0x08007138   Section        0  ff.o(i.ld_clust)
    ld_clust                                 0x08007139   Thumb Code    18  ff.o(i.ld_clust)
    i.main                                   0x0800714c   Section        0  main.o(i.main)
    i.mcu_load                               0x080072a8   Section        0  tjpgd.o(i.mcu_load)
    mcu_load                                 0x080072a9   Thumb Code   358  tjpgd.o(i.mcu_load)
    i.mcu_output                             0x08007414   Section        0  tjpgd.o(i.mcu_output)
    mcu_output                               0x08007415   Thumb Code   766  tjpgd.o(i.mcu_output)
    i.mem_cpy                                0x08007718   Section        0  ff.o(i.mem_cpy)
    mem_cpy                                  0x08007719   Thumb Code    18  ff.o(i.mem_cpy)
    i.mem_free                               0x0800772c   Section        0  malloc.o(i.mem_free)
    i.mem_init                               0x08007784   Section        0  malloc.o(i.mem_init)
    i.mem_malloc                             0x080077c0   Section        0  malloc.o(i.mem_malloc)
    i.mem_perused                            0x08007850   Section        0  malloc.o(i.mem_perused)
    i.mem_set                                0x08007888   Section        0  ff.o(i.mem_set)
    mem_set                                  0x08007889   Thumb Code    14  ff.o(i.mem_set)
    i.move_window                            0x08007896   Section        0  ff.o(i.move_window)
    move_window                              0x08007897   Thumb Code    50  ff.o(i.move_window)
    i.myfree                                 0x080078c8   Section        0  malloc.o(i.myfree)
    i.mymalloc                               0x080078e0   Section        0  malloc.o(i.mymalloc)
    i.mymemset                               0x08007900   Section        0  malloc.o(i.mymemset)
    i.piclib_draw_hline                      0x08007910   Section        0  piclib.o(i.piclib_draw_hline)
    i.piclib_init                            0x08007938   Section        0  piclib.o(i.piclib_init)
    i.put_fat                                0x0800799c   Section        0  ff.o(i.put_fat)
    i.remove_chain                           0x08007a90   Section        0  ff.o(i.remove_chain)
    remove_chain                             0x08007a91   Thumb Code    98  ff.o(i.remove_chain)
    i.st_clust                               0x08007af2   Section        0  ff.o(i.st_clust)
    st_clust                                 0x08007af3   Thumb Code    16  ff.o(i.st_clust)
    i.sync_fs                                0x08007b02   Section        0  ff.o(i.sync_fs)
    sync_fs                                  0x08007b03   Thumb Code   176  ff.o(i.sync_fs)
    i.sync_window                            0x08007bb2   Section        0  ff.o(i.sync_window)
    sync_window                              0x08007bb3   Thumb Code    82  ff.o(i.sync_window)
    i.validate                               0x08007c04   Section        0  ff.o(i.validate)
    validate                                 0x08007c05   Thumb Code    34  ff.o(i.validate)
    .constdata                               0x08007c28   Section       24  malloc.o(.constdata)
    .constdata                               0x08007c40   Section     1216  tjpgd.o(.constdata)
    Zig                                      0x08007c40   Data          64  tjpgd.o(.constdata)
    Ipsf                                     0x08007c80   Data         128  tjpgd.o(.constdata)
    Clip8                                    0x08007d00   Data        1024  tjpgd.o(.constdata)
    .conststring                             0x08008100   Section       44  sim900a.o(.conststring)
    .data                                    0x20000000   Section       40  sdcard.o(.data)
    CardType                                 0x20000004   Data           4  sdcard.o(.data)
    RCA                                      0x20000008   Data           4  sdcard.o(.data)
    DeviceMode                               0x2000000c   Data           4  sdcard.o(.data)
    TotalNumberOfBytes                       0x20000010   Data           4  sdcard.o(.data)
    StopCondition                            0x20000014   Data           4  sdcard.o(.data)
    .data                                    0x20000028   Section        2  main.o(.data)
    .data                                    0x2000002c   Section       12  usart.o(.data)
    .data                                    0x20000038   Section       28  malloc.o(.data)
    .data                                    0x20000054   Section        4  sim900a.o(.data)
    .data                                    0x20000058   Section        3  timer.o(.data)
    .data                                    0x2000005b   Section       20  stm32f10x_rcc.o(.data)
    ADCPrescTable                            0x2000005b   Data           4  stm32f10x_rcc.o(.data)
    APBAHBPrescTable                         0x2000005f   Data          16  stm32f10x_rcc.o(.data)
    .data                                    0x20000070   Section        8  ff.o(.data)
    Fsid                                     0x20000070   Data           2  ff.o(.data)
    FatFs                                    0x20000074   Data           4  ff.o(.data)
    .data                                    0x20000078   Section       12  tjpgd.o(.data)
    .data                                    0x20000084   Section        4  stdout.o(.data)
    .bss                                     0x20000088   Section      100  sdcard.o(.bss)
    CSD_Tab                                  0x20000088   Data          16  sdcard.o(.bss)
    CID_Tab                                  0x20000098   Data          16  sdcard.o(.bss)
    .bss                                     0x200000ec   Section    10446  usart.o(.bss)
    .bss                                     0x200029bc   Section     1108  deal_file.o(.bss)
    .bss                                     0x20002e10   Section       14  lcd.o(.bss)
    .bss                                     0x20002e20   Section    40960  malloc.o(.bss)
    .bss                                     0x2000ce20   Section     2560  malloc.o(.bss)
    .bss                                     0x2000d820   Section       68  piclib.o(.bss)
    STACK                                    0x2000d868   Section      512  startup_stm32f10x_hd.o(STACK)
    .ARM.__AT_0x68000000                     0x68000000   Section    196608  malloc.o(.ARM.__AT_0x68000000)
    .ARM.__AT_0x68030000                     0x68030000   Section    12288  malloc.o(.ARM.__AT_0x68030000)

    Global Symbols

    Symbol Name                              Value     Ov Type        Size  Object(Section)

    BuildAttributes$$THM_ISAv4$P$D$K$B$S$PE$A:L22UL41UL21$X:L11$S22US41US21$IEEE1$IW$USESV6$~STKCKD$USESV7$~SHL$OTIME$ROPI$EBA8$MICROLIB$REQ8$PRES8$EABIv2 0x00000000   Number         0  anon$$obj.o ABSOLUTE
    __ARM_use_no_argv                        0x00000000   Number         0  main.o ABSOLUTE
    _printf_a                                0x00000000   Number         0  stubs.o ABSOLUTE
    _printf_c                                0x00000000   Number         0  stubs.o ABSOLUTE
    _printf_charcount                        0x00000000   Number         0  stubs.o ABSOLUTE
    _printf_d                                0x00000000   Number         0  stubs.o ABSOLUTE
    _printf_e                                0x00000000   Number         0  stubs.o ABSOLUTE
    _printf_f                                0x00000000   Number         0  stubs.o ABSOLUTE
    _printf_flags                            0x00000000   Number         0  stubs.o ABSOLUTE
    _printf_fp_dec                           0x00000000   Number         0  stubs.o ABSOLUTE
    _printf_fp_hex                           0x00000000   Number         0  stubs.o ABSOLUTE
    _printf_g                                0x00000000   Number         0  stubs.o ABSOLUTE
    _printf_i                                0x00000000   Number         0  stubs.o ABSOLUTE
    _printf_int_dec                          0x00000000   Number         0  stubs.o ABSOLUTE
    _printf_l                                0x00000000   Number         0  stubs.o ABSOLUTE
    _printf_lc                               0x00000000   Number         0  stubs.o ABSOLUTE
    _printf_ll                               0x00000000   Number         0  stubs.o ABSOLUTE
    _printf_lld                              0x00000000   Number         0  stubs.o ABSOLUTE
    _printf_lli                              0x00000000   Number         0  stubs.o ABSOLUTE
    _printf_llo                              0x00000000   Number         0  stubs.o ABSOLUTE
    _printf_llu                              0x00000000   Number         0  stubs.o ABSOLUTE
    _printf_llx                              0x00000000   Number         0  stubs.o ABSOLUTE
    _printf_longlong_dec                     0x00000000   Number         0  stubs.o ABSOLUTE
    _printf_longlong_hex                     0x00000000   Number         0  stubs.o ABSOLUTE
    _printf_longlong_oct                     0x00000000   Number         0  stubs.o ABSOLUTE
    _printf_ls                               0x00000000   Number         0  stubs.o ABSOLUTE
    _printf_mbtowc                           0x00000000   Number         0  stubs.o ABSOLUTE
    _printf_n                                0x00000000   Number         0  stubs.o ABSOLUTE
    _printf_o                                0x00000000   Number         0  stubs.o ABSOLUTE
    _printf_p                                0x00000000   Number         0  stubs.o ABSOLUTE
    _printf_percent                          0x00000000   Number         0  stubs.o ABSOLUTE
    _printf_pre_padding                      0x00000000   Number         0  stubs.o ABSOLUTE
    _printf_return_value                     0x00000000   Number         0  stubs.o ABSOLUTE
    _printf_s                                0x00000000   Number         0  stubs.o ABSOLUTE
    _printf_sizespec                         0x00000000   Number         0  stubs.o ABSOLUTE
    _printf_str                              0x00000000   Number         0  stubs.o ABSOLUTE
    _printf_truncate_signed                  0x00000000   Number         0  stubs.o ABSOLUTE
    _printf_truncate_unsigned                0x00000000   Number         0  stubs.o ABSOLUTE
    _printf_u                                0x00000000   Number         0  stubs.o ABSOLUTE
    _printf_wc                               0x00000000   Number         0  stubs.o ABSOLUTE
    _printf_wctomb                           0x00000000   Number         0  stubs.o ABSOLUTE
    _printf_widthprec                        0x00000000   Number         0  stubs.o ABSOLUTE
    _printf_x                                0x00000000   Number         0  stubs.o ABSOLUTE
    __cpp_initialize__aeabi_                  - Undefined Weak Reference
    __cxa_finalize                            - Undefined Weak Reference
    __decompress                              - Undefined Weak Reference
    _clock_init                               - Undefined Weak Reference
    _microlib_exit                            - Undefined Weak Reference
    __Vectors_Size                           0x00000130   Number         0  startup_stm32f10x_hd.o ABSOLUTE
    __Vectors                                0x08000000   Data           4  startup_stm32f10x_hd.o(RESET)
    __Vectors_End                            0x08000130   Data           0  startup_stm32f10x_hd.o(RESET)
    __main                                   0x08000131   Thumb Code     0  entry.o(.ARM.Collect$$$$00000000)
    _main_stk                                0x08000131   Thumb Code     0  entry2.o(.ARM.Collect$$$$00000001)
    _main_scatterload                        0x08000135   Thumb Code     0  entry5.o(.ARM.Collect$$$$00000004)
    __main_after_scatterload                 0x08000139   Thumb Code     0  entry5.o(.ARM.Collect$$$$00000004)
    _main_clock                              0x08000139   Thumb Code     0  entry7b.o(.ARM.Collect$$$$00000008)
    _main_cpp_init                           0x08000139   Thumb Code     0  entry8b.o(.ARM.Collect$$$$0000000A)
    _main_init                               0x08000139   Thumb Code     0  entry9a.o(.ARM.Collect$$$$0000000B)
    __rt_final_cpp                           0x08000141   Thumb Code     0  entry10a.o(.ARM.Collect$$$$0000000D)
    __rt_final_exit                          0x08000141   Thumb Code     0  entry11a.o(.ARM.Collect$$$$0000000F)
    SystemInit_ExtMemCtl                     0x08000145   Thumb Code     2  startup_stm32f10x_hd.o(.text)
    Reset_Handler                            0x08000147   Thumb Code    14  startup_stm32f10x_hd.o(.text)
    ADC1_2_IRQHandler                        0x08000167   Thumb Code     0  startup_stm32f10x_hd.o(.text)
    ADC3_IRQHandler                          0x08000167   Thumb Code     0  startup_stm32f10x_hd.o(.text)
    CAN1_RX1_IRQHandler                      0x08000167   Thumb Code     0  startup_stm32f10x_hd.o(.text)
    CAN1_SCE_IRQHandler                      0x08000167   Thumb Code     0  startup_stm32f10x_hd.o(.text)
    DMA1_Channel1_IRQHandler                 0x08000167   Thumb Code     0  startup_stm32f10x_hd.o(.text)
    DMA1_Channel2_IRQHandler                 0x08000167   Thumb Code     0  startup_stm32f10x_hd.o(.text)
    DMA1_Channel3_IRQHandler                 0x08000167   Thumb Code     0  startup_stm32f10x_hd.o(.text)
    DMA1_Channel4_IRQHandler                 0x08000167   Thumb Code     0  startup_stm32f10x_hd.o(.text)
    DMA1_Channel5_IRQHandler                 0x08000167   Thumb Code     0  startup_stm32f10x_hd.o(.text)
    DMA1_Channel6_IRQHandler                 0x08000167   Thumb Code     0  startup_stm32f10x_hd.o(.text)
    DMA1_Channel7_IRQHandler                 0x08000167   Thumb Code     0  startup_stm32f10x_hd.o(.text)
    DMA2_Channel1_IRQHandler                 0x08000167   Thumb Code     0  startup_stm32f10x_hd.o(.text)
    DMA2_Channel2_IRQHandler                 0x08000167   Thumb Code     0  startup_stm32f10x_hd.o(.text)
    DMA2_Channel3_IRQHandler                 0x08000167   Thumb Code     0  startup_stm32f10x_hd.o(.text)
    DMA2_Channel4_5_IRQHandler               0x08000167   Thumb Code     0  startup_stm32f10x_hd.o(.text)
    EXTI0_IRQHandler                         0x08000167   Thumb Code     0  startup_stm32f10x_hd.o(.text)
    EXTI15_10_IRQHandler                     0x08000167   Thumb Code     0  startup_stm32f10x_hd.o(.text)
    EXTI1_IRQHandler                         0x08000167   Thumb Code     0  startup_stm32f10x_hd.o(.text)
    EXTI2_IRQHandler                         0x08000167   Thumb Code     0  startup_stm32f10x_hd.o(.text)
    EXTI3_IRQHandler                         0x08000167   Thumb Code     0  startup_stm32f10x_hd.o(.text)
    EXTI4_IRQHandler                         0x08000167   Thumb Code     0  startup_stm32f10x_hd.o(.text)
    EXTI9_5_IRQHandler                       0x08000167   Thumb Code     0  startup_stm32f10x_hd.o(.text)
    FLASH_IRQHandler                         0x08000167   Thumb Code     0  startup_stm32f10x_hd.o(.text)
    FSMC_IRQHandler                          0x08000167   Thumb Code     0  startup_stm32f10x_hd.o(.text)
    I2C1_ER_IRQHandler                       0x08000167   Thumb Code     0  startup_stm32f10x_hd.o(.text)
    I2C1_EV_IRQHandler                       0x08000167   Thumb Code     0  startup_stm32f10x_hd.o(.text)
    I2C2_ER_IRQHandler                       0x08000167   Thumb Code     0  startup_stm32f10x_hd.o(.text)
    I2C2_EV_IRQHandler                       0x08000167   Thumb Code     0  startup_stm32f10x_hd.o(.text)
    PVD_IRQHandler                           0x08000167   Thumb Code     0  startup_stm32f10x_hd.o(.text)
    RCC_IRQHandler                           0x08000167   Thumb Code     0  startup_stm32f10x_hd.o(.text)
    RTCAlarm_IRQHandler                      0x08000167   Thumb Code     0  startup_stm32f10x_hd.o(.text)
    RTC_IRQHandler                           0x08000167   Thumb Code     0  startup_stm32f10x_hd.o(.text)
    SPI1_IRQHandler                          0x08000167   Thumb Code     0  startup_stm32f10x_hd.o(.text)
    SPI2_IRQHandler                          0x08000167   Thumb Code     0  startup_stm32f10x_hd.o(.text)
    SPI3_IRQHandler                          0x08000167   Thumb Code     0  startup_stm32f10x_hd.o(.text)
    TAMPER_IRQHandler                        0x08000167   Thumb Code     0  startup_stm32f10x_hd.o(.text)
    TIM1_BRK_IRQHandler                      0x08000167   Thumb Code     0  startup_stm32f10x_hd.o(.text)
    TIM1_CC_IRQHandler                       0x08000167   Thumb Code     0  startup_stm32f10x_hd.o(.text)
    TIM1_TRG_COM_IRQHandler                  0x08000167   Thumb Code     0  startup_stm32f10x_hd.o(.text)
    TIM1_UP_IRQHandler                       0x08000167   Thumb Code     0  startup_stm32f10x_hd.o(.text)
    TIM3_IRQHandler                          0x08000167   Thumb Code     0  startup_stm32f10x_hd.o(.text)
    TIM4_IRQHandler                          0x08000167   Thumb Code     0  startup_stm32f10x_hd.o(.text)
    TIM5_IRQHandler                          0x08000167   Thumb Code     0  startup_stm32f10x_hd.o(.text)
    TIM6_IRQHandler                          0x08000167   Thumb Code     0  startup_stm32f10x_hd.o(.text)
    TIM7_IRQHandler                          0x08000167   Thumb Code     0  startup_stm32f10x_hd.o(.text)
    TIM8_BRK_IRQHandler                      0x08000167   Thumb Code     0  startup_stm32f10x_hd.o(.text)
    TIM8_CC_IRQHandler                       0x08000167   Thumb Code     0  startup_stm32f10x_hd.o(.text)
    TIM8_TRG_COM_IRQHandler                  0x08000167   Thumb Code     0  startup_stm32f10x_hd.o(.text)
    TIM8_UP_IRQHandler                       0x08000167   Thumb Code     0  startup_stm32f10x_hd.o(.text)
    UART4_IRQHandler                         0x08000167   Thumb Code     0  startup_stm32f10x_hd.o(.text)
    UART5_IRQHandler                         0x08000167   Thumb Code     0  startup_stm32f10x_hd.o(.text)
    USART3_IRQHandler                        0x08000167   Thumb Code     0  startup_stm32f10x_hd.o(.text)
    USBWakeUp_IRQHandler                     0x08000167   Thumb Code     0  startup_stm32f10x_hd.o(.text)
    USB_HP_CAN1_TX_IRQHandler                0x08000167   Thumb Code     0  startup_stm32f10x_hd.o(.text)
    USB_LP_CAN1_RX0_IRQHandler               0x08000167   Thumb Code     0  startup_stm32f10x_hd.o(.text)
    WWDG_IRQHandler                          0x08000167   Thumb Code     0  startup_stm32f10x_hd.o(.text)
    strstr                                   0x08000175   Thumb Code    36  strstr.o(.text)
    __aeabi_fadd                             0x08000199   Thumb Code   164  fadd.o(.text)
    __aeabi_fsub                             0x0800023d   Thumb Code     6  fadd.o(.text)
    __aeabi_frsub                            0x08000243   Thumb Code     6  fadd.o(.text)
    __aeabi_fmul                             0x08000249   Thumb Code   108  fmul.o(.text)
    __aeabi_fdiv                             0x080002b5   Thumb Code   128  fdiv.o(.text)
    __ARM_scalbnf                            0x08000335   Thumb Code    24  fscalb.o(.text)
    scalbnf                                  0x08000335   Thumb Code     0  fscalb.o(.text)
    __aeabi_ui2f                             0x0800034d   Thumb Code    10  ffltui.o(.text)
    __aeabi_f2uiz                            0x08000357   Thumb Code    40  ffixui.o(.text)
    __aeabi_cfcmpeq                          0x08000381   Thumb Code     0  cfcmple.o(.text)
    __aeabi_cfcmple                          0x08000381   Thumb Code    20  cfcmple.o(.text)
    __aeabi_uldivmod                         0x08000395   Thumb Code    98  uldiv.o(.text)
    __I$use$fp                               0x080003f7   Thumb Code     0  iusefp.o(.text)
    _float_round                             0x080003f7   Thumb Code    18  fepilogue.o(.text)
    _float_epilogue                          0x08000409   Thumb Code    90  fepilogue.o(.text)
    __scatterload                            0x08000465   Thumb Code    28  init.o(.text)
    __scatterload_rt2                        0x08000465   Thumb Code     0  init.o(.text)
    __aeabi_llsl                             0x08000489   Thumb Code    30  llshl.o(.text)
    _ll_shift_l                              0x08000489   Thumb Code     0  llshl.o(.text)
    __aeabi_llsr                             0x080004a7   Thumb Code    32  llushr.o(.text)
    _ll_ushift_r                             0x080004a7   Thumb Code     0  llushr.o(.text)
    BusFault_Handler                         0x080004c7   Thumb Code     2  stm32f10x_it.o(i.BusFault_Handler)
    CLR_Buf2                                 0x080004c9   Thumb Code    22  usart.o(i.CLR_Buf2)
    Connect_Server                           0x080006b1   Thumb Code   130  sim900a.o(i.Connect_Server)
    CreateJPGFile                            0x080007f5   Thumb Code    70  deal_file.o(i.CreateJPGFile)
    DMA_ClearFlag                            0x08000881   Thumb Code    16  stm32f10x_dma.o(i.DMA_ClearFlag)
    DMA_Cmd                                  0x08000899   Thumb Code    20  stm32f10x_dma.o(i.DMA_Cmd)
    DMA_GetFlagStatus                        0x080008ad   Thumb Code    24  stm32f10x_dma.o(i.DMA_GetFlagStatus)
    DMA_Init                                 0x080008cd   Thumb Code    58  stm32f10x_dma.o(i.DMA_Init)
    DebugMon_Handler                         0x080009c5   Thumb Code     2  stm32f10x_it.o(i.DebugMon_Handler)
    FSMC_NORSRAMCmd                          0x080009c9   Thumb Code    28  stm32f10x_fsmc.o(i.FSMC_NORSRAMCmd)
    FSMC_NORSRAMInit                         0x080009e9   Thumb Code   192  stm32f10x_fsmc.o(i.FSMC_NORSRAMInit)
    Find                                     0x08000aa9   Thumb Code    18  sim900a.o(i.Find)
    GPIO_Init                                0x08000ac1   Thumb Code   158  stm32f10x_gpio.o(i.GPIO_Init)
    GPIO_ResetBits                           0x08000b5f   Thumb Code     4  stm32f10x_gpio.o(i.GPIO_ResetBits)
    HardFault_Handler                        0x08000b63   Thumb Code     2  stm32f10x_it.o(i.HardFault_Handler)
    LCD_BGR2RGB                              0x08000cb1   Thumb Code    18  lcd.o(i.LCD_BGR2RGB)
    LCD_Clear                                0x08000cc5   Thumb Code    98  lcd.o(i.LCD_Clear)
    LCD_Display_Dir                          0x08000d31   Thumb Code   328  lcd.o(i.LCD_Display_Dir)
    LCD_Fast_DrawPoint                       0x08000e7d   Thumb Code   118  lcd.o(i.LCD_Fast_DrawPoint)
    LCD_Fill                                 0x08000efd   Thumb Code   132  lcd.o(i.LCD_Fill)
    LCD_Init                                 0x08000f89   Thumb Code  8838  lcd.o(i.LCD_Init)
    LCD_ReadPoint                            0x08003215   Thumb Code   228  lcd.o(i.LCD_ReadPoint)
    LCD_ReadReg                              0x08003301   Thumb Code    20  lcd.o(i.LCD_ReadReg)
    LCD_Scan_Dir                             0x08003319   Thumb Code   320  lcd.o(i.LCD_Scan_Dir)
    LCD_SetCursor                            0x08003461   Thumb Code   112  lcd.o(i.LCD_SetCursor)
    LCD_Set_Window                           0x080034d9   Thumb Code   206  lcd.o(i.LCD_Set_Window)
    LCD_WriteRAM                             0x080035b1   Thumb Code     6  lcd.o(i.LCD_WriteRAM)
    LCD_WriteRAM_Prepare                     0x080035bd   Thumb Code    10  lcd.o(i.LCD_WriteRAM_Prepare)
    LCD_WriteReg                             0x080035d1   Thumb Code    10  lcd.o(i.LCD_WriteReg)
    MemManage_Handler                        0x080035e1   Thumb Code     2  stm32f10x_it.o(i.MemManage_Handler)
    MountSD                                  0x080035e5   Thumb Code    22  deal_file.o(i.MountSD)
    NMI_Handler                              0x08003605   Thumb Code     2  stm32f10x_it.o(i.NMI_Handler)
    NVIC_Configuration                       0x08003607   Thumb Code    66  main.o(i.NVIC_Configuration)
    NVIC_Init                                0x08003649   Thumb Code    90  misc.o(i.NVIC_Init)
    NVIC_PriorityGroupConfig                 0x080036ad   Thumb Code    10  misc.o(i.NVIC_PriorityGroupConfig)
    ParseMsg                                 0x080036c1   Thumb Code   136  parse_msg.o(i.ParseMsg)
    PendSV_Handler                           0x08003785   Thumb Code     2  stm32f10x_it.o(i.PendSV_Handler)
    RCC_AHBPeriphClockCmd                    0x08003789   Thumb Code    18  stm32f10x_rcc.o(i.RCC_AHBPeriphClockCmd)
    RCC_APB1PeriphClockCmd                   0x080037a1   Thumb Code    18  stm32f10x_rcc.o(i.RCC_APB1PeriphClockCmd)
    RCC_APB1PeriphResetCmd                   0x080037b9   Thumb Code    18  stm32f10x_rcc.o(i.RCC_APB1PeriphResetCmd)
    RCC_APB2PeriphClockCmd                   0x080037d1   Thumb Code    18  stm32f10x_rcc.o(i.RCC_APB2PeriphClockCmd)
    RCC_APB2PeriphResetCmd                   0x080037e9   Thumb Code    18  stm32f10x_rcc.o(i.RCC_APB2PeriphResetCmd)
    RCC_GetClocksFreq                        0x08003801   Thumb Code   128  stm32f10x_rcc.o(i.RCC_GetClocksFreq)
    SDIO_ClearFlag                           0x08003891   Thumb Code     6  stm32f10x_sdio.o(i.SDIO_ClearFlag)
    SDIO_ClearITPendingBit                   0x0800389d   Thumb Code     6  stm32f10x_sdio.o(i.SDIO_ClearITPendingBit)
    SDIO_ClockCmd                            0x080038a9   Thumb Code     6  stm32f10x_sdio.o(i.SDIO_ClockCmd)
    SDIO_DMACmd                              0x080038b5   Thumb Code     6  stm32f10x_sdio.o(i.SDIO_DMACmd)
    SDIO_DataConfig                          0x080038c1   Thumb Code    38  stm32f10x_sdio.o(i.SDIO_DataConfig)
    SDIO_DeInit                              0x080038ed   Thumb Code    26  stm32f10x_sdio.o(i.SDIO_DeInit)
    SDIO_GetCommandResponse                  0x08003911   Thumb Code     8  stm32f10x_sdio.o(i.SDIO_GetCommandResponse)
    SDIO_GetFlagStatus                       0x0800391d   Thumb Code    16  stm32f10x_sdio.o(i.SDIO_GetFlagStatus)
    SDIO_GetITStatus                         0x08003931   Thumb Code    16  stm32f10x_sdio.o(i.SDIO_GetITStatus)
    SDIO_GetPowerState                       0x08003945   Thumb Code    10  stm32f10x_sdio.o(i.SDIO_GetPowerState)
    SDIO_GetResponse                         0x08003955   Thumb Code     8  stm32f10x_sdio.o(i.SDIO_GetResponse)
    SDIO_IRQHandler                          0x08003961   Thumb Code     4  stm32f10x_it.o(i.SDIO_IRQHandler)
    SDIO_ITConfig                            0x08003965   Thumb Code    18  stm32f10x_sdio.o(i.SDIO_ITConfig)
    SDIO_Init                                0x0800397d   Thumb Code    40  stm32f10x_sdio.o(i.SDIO_Init)
    SDIO_ReadData                            0x080039a9   Thumb Code     6  stm32f10x_sdio.o(i.SDIO_ReadData)
    SDIO_SendCommand                         0x080039b5   Thumb Code    34  stm32f10x_sdio.o(i.SDIO_SendCommand)
    SDIO_SetPowerState                       0x080039dd   Thumb Code    18  stm32f10x_sdio.o(i.SDIO_SetPowerState)
    SDIO_WriteData                           0x080039f5   Thumb Code     6  stm32f10x_sdio.o(i.SDIO_WriteData)
    SD_GetCardInfo                           0x08003a01   Thumb Code   582  sdcard.o(i.SD_GetCardInfo)
    SD_Init                                  0x08003c51   Thumb Code   160  sdcard.o(i.SD_Init)
    SD_InitializeCards                       0x08003d01   Thumb Code   256  sdcard.o(i.SD_InitializeCards)
    SD_PowerON                               0x08003e09   Thumb Code   400  sdcard.o(i.SD_PowerON)
    SD_ProcessIRQSrc                         0x08003fa9   Thumb Code   406  sdcard.o(i.SD_ProcessIRQSrc)
    SD_ReadBlock                             0x08004145   Thumb Code   498  sdcard.o(i.SD_ReadBlock)
    SD_ReadMultiBlocks                       0x0800434d   Thumb Code   588  sdcard.o(i.SD_ReadMultiBlocks)
    SD_SelectDeselect                        0x080045ad   Thumb Code    40  sdcard.o(i.SD_SelectDeselect)
    SD_SetDeviceMode                         0x080045d9   Thumb Code    24  sdcard.o(i.SD_SetDeviceMode)
    SD_StopTransfer                          0x080045f5   Thumb Code    36  sdcard.o(i.SD_StopTransfer)
    SD_WriteBlock                            0x0800461d   Thumb Code   700  sdcard.o(i.SD_WriteBlock)
    SD_WriteMultiBlocks                      0x080048ed   Thumb Code   772  sdcard.o(i.SD_WriteMultiBlocks)
    SVC_Handler                              0x08004c05   Thumb Code     2  stm32f10x_it.o(i.SVC_Handler)
    Second_AT_Command                        0x08004c09   Thumb Code   108  sim900a.o(i.Second_AT_Command)
    Serial_One_Init                          0x08004c89   Thumb Code   116  usart.o(i.Serial_One_Init)
    Serial_Two_Init                          0x08004d05   Thumb Code   162  usart.o(i.Serial_Two_Init)
    Set_ATE0                                 0x08004e59   Thumb Code    10  sim900a.o(i.Set_ATE0)
    SysTick_Handler                          0x08004e71   Thumb Code     2  stm32f10x_it.o(i.SysTick_Handler)
    SystemInit                               0x08004e75   Thumb Code    50  system_stm32f10x.o(i.SystemInit)
    TIM2_IRQHandler                          0x08004eb5   Thumb Code    52  timer.o(i.TIM2_IRQHandler)
    TIM_ClearITPendingBit                    0x08004eed   Thumb Code     6  stm32f10x_tim.o(i.TIM_ClearITPendingBit)
    TIM_Cmd                                  0x08004ef3   Thumb Code    22  stm32f10x_tim.o(i.TIM_Cmd)
    TIM_GetITStatus                          0x08004f09   Thumb Code    24  stm32f10x_tim.o(i.TIM_GetITStatus)
    TIM_ITConfig                             0x08004f21   Thumb Code    16  stm32f10x_tim.o(i.TIM_ITConfig)
    TIM_TimeBaseInit                         0x08004f31   Thumb Code    50  stm32f10x_tim.o(i.TIM_TimeBaseInit)
    Timer2_Init_Config                       0x08004f6d   Thumb Code    68  timer.o(i.Timer2_Init_Config)
    UART2_SendString                         0x08004fb1   Thumb Code    38  usart.o(i.UART2_SendString)
    USART1_IRQHandler                        0x08004fdd   Thumb Code     2  usart.o(i.USART1_IRQHandler)
    USART2_IRQHandler                        0x08004fe1   Thumb Code   188  usart.o(i.USART2_IRQHandler)
    USART_Cmd                                0x080050b5   Thumb Code    20  stm32f10x_usart.o(i.USART_Cmd)
    USART_DeInit                             0x080050c9   Thumb Code    98  stm32f10x_usart.o(i.USART_DeInit)
    USART_GetFlagStatus                      0x08005135   Thumb Code    14  stm32f10x_usart.o(i.USART_GetFlagStatus)
    USART_GetITStatus                        0x08005143   Thumb Code    62  stm32f10x_usart.o(i.USART_GetITStatus)
    USART_ITConfig                           0x08005181   Thumb Code    48  stm32f10x_usart.o(i.USART_ITConfig)
    USART_Init                               0x080051b1   Thumb Code   134  stm32f10x_usart.o(i.USART_Init)
    USART_ReceiveData                        0x0800523d   Thumb Code     8  stm32f10x_usart.o(i.USART_ReceiveData)
    USART_SendData                           0x08005245   Thumb Code     8  stm32f10x_usart.o(i.USART_SendData)
    UsageFault_Handler                       0x0800524d   Thumb Code     2  stm32f10x_it.o(i.UsageFault_Handler)
    Wait_CREG                                0x08005251   Thumb Code    76  sim900a.o(i.Wait_CREG)
    __0printf$5                              0x080052bd   Thumb Code    22  printf5.o(i.__0printf$5)
    __1printf$5                              0x080052bd   Thumb Code     0  printf5.o(i.__0printf$5)
    __2printf                                0x080052bd   Thumb Code     0  printf5.o(i.__0printf$5)
    __scatterload_copy                       0x080052dd   Thumb Code    14  handlers.o(i.__scatterload_copy)
    __scatterload_null                       0x080052eb   Thumb Code     2  handlers.o(i.__scatterload_null)
    __scatterload_zeroinit                   0x080052ed   Thumb Code    14  handlers.o(i.__scatterload_zeroinit)
    ai_draw_init                             0x080055bd   Thumb Code   204  piclib.o(i.ai_draw_init)
    ai_load_picfile                          0x0800568d   Thumb Code    74  piclib.o(i.ai_load_picfile)
    clust2sect                               0x080059ad   Thumb Code    24  ff.o(i.clust2sect)
    delay_nms                                0x08005c65   Thumb Code    30  delay.o(i.delay_nms)
    delay_nus                                0x08005c83   Thumb Code    26  delay.o(i.delay_nus)
    disk_initialize                          0x08005ef7   Thumb Code     4  diskio.o(i.disk_initialize)
    disk_ioctl                               0x08005efb   Thumb Code     4  diskio.o(i.disk_ioctl)
    disk_read                                0x08005eff   Thumb Code    26  diskio.o(i.disk_read)
    disk_status                              0x08005f19   Thumb Code     4  diskio.o(i.disk_status)
    disk_write                               0x08005f1d   Thumb Code    26  diskio.o(i.disk_write)
    f_close                                  0x08005f37   Thumb Code    28  ff.o(i.f_close)
    f_lseek                                  0x08005f53   Thumb Code   302  ff.o(i.f_lseek)
    f_mount                                  0x08006081   Thumb Code    72  ff.o(i.f_mount)
    f_open                                   0x080060cd   Thumb Code   324  ff.o(i.f_open)
    f_read                                   0x08006211   Thumb Code   330  ff.o(i.f_read)
    f_sync                                   0x0800635b   Thumb Code   152  ff.o(i.f_sync)
    f_unlink                                 0x080063f3   Thumb Code   144  ff.o(i.f_unlink)
    f_write                                  0x08006483   Thumb Code   382  ff.o(i.f_write)
    fputc                                    0x080068e5   Thumb Code    30  usart.o(i.fputc)
    get_fat                                  0x08006909   Thumb Code   190  ff.o(i.get_fat)
    get_fattime                              0x080069c7   Thumb Code     4  diskio.o(i.get_fattime)
    is_element_ok                            0x08006aa9   Thumb Code    32  piclib.o(i.is_element_ok)
    jd_decomp                                0x08006acd   Thumb Code   244  tjpgd.o(i.jd_decomp)
    jd_prepare                               0x08006bc1   Thumb Code   774  tjpgd.o(i.jd_prepare)
    jpeg_freeall                             0x08006ecd   Thumb Code    32  tjpgd.o(i.jpeg_freeall)
    jpeg_in_func                             0x08006ef1   Thumb Code    36  tjpgd.o(i.jpeg_in_func)
    jpeg_mallocall                           0x08006f15   Thumb Code    52  tjpgd.o(i.jpeg_mallocall)
    jpeg_out_func_fill                       0x08006f4d   Thumb Code    76  tjpgd.o(i.jpeg_out_func_fill)
    jpeg_out_func_point                      0x08006fa1   Thumb Code   158  tjpgd.o(i.jpeg_out_func_point)
    jpg_decode                               0x08007049   Thumb Code   216  tjpgd.o(i.jpg_decode)
    main                                     0x0800714d   Thumb Code   198  main.o(i.main)
    mem_free                                 0x0800772d   Thumb Code    78  malloc.o(i.mem_free)
    mem_init                                 0x08007785   Thumb Code    50  malloc.o(i.mem_init)
    mem_malloc                               0x080077c1   Thumb Code   136  malloc.o(i.mem_malloc)
    mem_perused                              0x08007851   Thumb Code    48  malloc.o(i.mem_perused)
    myfree                                   0x080078c9   Thumb Code    20  malloc.o(i.myfree)
    mymalloc                                 0x080078e1   Thumb Code    28  malloc.o(i.mymalloc)
    mymemset                                 0x08007901   Thumb Code    14  malloc.o(i.mymemset)
    piclib_draw_hline                        0x08007911   Thumb Code    36  piclib.o(i.piclib_draw_hline)
    piclib_init                              0x08007939   Thumb Code    64  piclib.o(i.piclib_init)
    put_fat                                  0x0800799d   Thumb Code   244  ff.o(i.put_fat)
    memtblsize                               0x08007c28   Data           8  malloc.o(.constdata)
    memblksize                               0x08007c30   Data           8  malloc.o(.constdata)
    memsize                                  0x08007c38   Data           8  malloc.o(.constdata)
    Region$$Table$$Base                      0x0800812c   Number         0  anon$$obj.o(Region$$Table)
    Region$$Table$$Limit                     0x0800814c   Number         0  anon$$obj.o(Region$$Table)
    TransferError                            0x20000000   Data           1  sdcard.o(.data)
    TransferEnd                              0x20000018   Data           4  sdcard.o(.data)
    NumberOfBytes                            0x2000001c   Data           4  sdcard.o(.data)
    SrcBuffer                                0x20000020   Data           4  sdcard.o(.data)
    DestBuffer                               0x20000024   Data           4  sdcard.o(.data)
    IsClearGlobalParam                       0x20000028   Data           1  main.o(.data)
    IsConnectServer                          0x20000029   Data           1  main.o(.data)
    IsUsartRxStart                           0x2000002c   Data           1  usart.o(.data)
    IsRecvBufValid                           0x2000002d   Data           1  usart.o(.data)
    RealRecvBufLength                        0x2000002e   Data           2  usart.o(.data)
    p1                                       0x20000030   Data           4  usart.o(.data)
    RecvBufIndex                             0x20000034   Data           4  usart.o(.data)
    mallco_dev                               0x20000038   Data          28  malloc.o(.data)
    string                                   0x20000054   Data           4  sim900a.o(.data)
    Times                                    0x20000058   Data           1  timer.o(.data)
    shijian                                  0x20000059   Data           1  timer.o(.data)
    Timer0_start                             0x2000005a   Data           1  timer.o(.data)
    f_jpeg                                   0x20000078   Data           4  tjpgd.o(.data)
    jpeg_dev                                 0x2000007c   Data           4  tjpgd.o(.data)
    jpg_buffer                               0x20000080   Data           4  tjpgd.o(.data)
    __stdout                                 0x20000084   Data           4  stdout.o(.data)
    SDIO_InitStructure                       0x200000a8   Data          24  sdcard.o(.bss)
    SDIO_CmdInitStructure                    0x200000c0   Data          20  sdcard.o(.bss)
    SDIO_DataInitStructure                   0x200000d4   Data          24  sdcard.o(.bss)
    Uart2_Buf                                0x200000ec   Data         200  usart.o(.bss)
    USART_RecvMsg                            0x200001b4   Data       10246  usart.o(.bss)
    fs                                       0x200029bc   Data         560  deal_file.o(.bss)
    fsrc                                     0x20002bec   Data         548  deal_file.o(.bss)
    lcddev                                   0x20002e10   Data          14  lcd.o(.bss)
    mem1base                                 0x20002e20   Data       40960  malloc.o(.bss)
    mem1mapbase                              0x2000ce20   Data        2560  malloc.o(.bss)
    picinfo                                  0x2000d820   Data          40  piclib.o(.bss)
    pic_phy                                  0x2000d848   Data          28  piclib.o(.bss)
    __initial_sp                             0x2000da68   Data           0  startup_stm32f10x_hd.o(STACK)
    mem2base                                 0x68000000   Data       196608  malloc.o(.ARM.__AT_0x68000000)
    mem2mapbase                              0x68030000   Data       12288  malloc.o(.ARM.__AT_0x68030000)



==============================================================================

Memory Map of the image

  Image Entry point : 0x08000131

  Load Region LR_IROM1 (Base: 0x08000000, Size: 0x000081d4, Max: 0x00080000, ABSOLUTE)

    Execution Region ER_IROM1 (Base: 0x08000000, Size: 0x0000814c, Max: 0x00080000, ABSOLUTE)

    Base Addr    Size         Type   Attr      Idx    E Section Name        Object

    0x08000000   0x00000130   Data   RO         2270    RESET               startup_stm32f10x_hd.o
    0x08000130   0x00000000   Code   RO         2787  * .ARM.Collect$$$$00000000  mc_w.l(entry.o)
    0x08000130   0x00000004   Code   RO         3067    .ARM.Collect$$$$00000001  mc_w.l(entry2.o)
    0x08000134   0x00000004   Code   RO         3070    .ARM.Collect$$$$00000004  mc_w.l(entry5.o)
    0x08000138   0x00000000   Code   RO         3072    .ARM.Collect$$$$00000008  mc_w.l(entry7b.o)
    0x08000138   0x00000000   Code   RO         3074    .ARM.Collect$$$$0000000A  mc_w.l(entry8b.o)
    0x08000138   0x00000008   Code   RO         3075    .ARM.Collect$$$$0000000B  mc_w.l(entry9a.o)
    0x08000140   0x00000000   Code   RO         3077    .ARM.Collect$$$$0000000D  mc_w.l(entry10a.o)
    0x08000140   0x00000000   Code   RO         3079    .ARM.Collect$$$$0000000F  mc_w.l(entry11a.o)
    0x08000140   0x00000004   Code   RO         3068    .ARM.Collect$$$$00002712  mc_w.l(entry2.o)
    0x08000144   0x00000030   Code   RO         2271    .text               startup_stm32f10x_hd.o
    0x08000174   0x00000024   Code   RO         2790    .text               mc_w.l(strstr.o)
    0x08000198   0x000000b0   Code   RO         3053    .text               mf_w.l(fadd.o)
    0x08000248   0x0000006c   Code   RO         3055    .text               mf_w.l(fmul.o)
    0x080002b4   0x00000080   Code   RO         3057    .text               mf_w.l(fdiv.o)
    0x08000334   0x00000018   Code   RO         3059    .text               mf_w.l(fscalb.o)
    0x0800034c   0x0000000a   Code   RO         3061    .text               mf_w.l(ffltui.o)
    0x08000356   0x00000028   Code   RO         3063    .text               mf_w.l(ffixui.o)
    0x0800037e   0x00000002   PAD
    0x08000380   0x00000014   Code   RO         3065    .text               mf_w.l(cfcmple.o)
    0x08000394   0x00000062   Code   RO         3084    .text               mc_w.l(uldiv.o)
    0x080003f6   0x00000000   Code   RO         3086    .text               mc_w.l(iusefp.o)
    0x080003f6   0x0000006c   Code   RO         3087    .text               mf_w.l(fepilogue.o)
    0x08000462   0x00000002   PAD
    0x08000464   0x00000024   Code   RO         3099    .text               mc_w.l(init.o)
    0x08000488   0x0000001e   Code   RO         3101    .text               mc_w.l(llshl.o)
    0x080004a6   0x00000020   Code   RO         3103    .text               mc_w.l(llushr.o)
    0x080004c6   0x00000002   Code   RO            1    i.BusFault_Handler  stm32f10x_it.o
    0x080004c8   0x00000020   Code   RO          393    i.CLR_Buf2          usart.o
    0x080004e8   0x0000003c   Code   RO          269    i.ClearGlobalParam  main.o
    0x08000524   0x000000e8   Code   RO          106    i.CmdResp1Error     sdcard.o
    0x0800060c   0x00000034   Code   RO          107    i.CmdResp2Error     sdcard.o
    0x08000640   0x00000070   Code   RO          108    i.CmdResp6Error     sdcard.o
    0x080006b0   0x00000144   Code   RO          767    i.Connect_Server    sim900a.o
    0x080007f4   0x0000008c   Code   RO          446    i.CreateJPGFile     deal_file.o
    0x08000880   0x00000018   Code   RO         1549    i.DMA_ClearFlag     stm32f10x_dma.o
    0x08000898   0x00000014   Code   RO         1551    i.DMA_Cmd           stm32f10x_dma.o
    0x080008ac   0x00000020   Code   RO         1554    i.DMA_GetFlagStatus  stm32f10x_dma.o
    0x080008cc   0x0000003a   Code   RO         1557    i.DMA_Init          stm32f10x_dma.o
    0x08000906   0x00000002   PAD
    0x08000908   0x0000005c   Code   RO          109    i.DMA_RxConfiguration  sdcard.o
    0x08000964   0x00000060   Code   RO          110    i.DMA_TxConfiguration  sdcard.o
    0x080009c4   0x00000002   Code   RO            2    i.DebugMon_Handler  stm32f10x_it.o
    0x080009c6   0x00000002   PAD
    0x080009c8   0x00000020   Code   RO         1626    i.FSMC_NORSRAMCmd   stm32f10x_fsmc.o
    0x080009e8   0x000000c0   Code   RO         1628    i.FSMC_NORSRAMInit  stm32f10x_fsmc.o
    0x08000aa8   0x00000018   Code   RO          768    i.Find              sim900a.o
    0x08000ac0   0x0000009e   Code   RO          892    i.GPIO_Init         stm32f10x_gpio.o
    0x08000b5e   0x00000004   Code   RO          899    i.GPIO_ResetBits    stm32f10x_gpio.o
    0x08000b62   0x00000002   Code   RO            3    i.HardFault_Handler  stm32f10x_it.o
    0x08000b64   0x0000014c   Code   RO          112    i.IsCardProgramming  sdcard.o
    0x08000cb0   0x00000012   Code   RO          505    i.LCD_BGR2RGB       lcd.o
    0x08000cc2   0x00000002   PAD
    0x08000cc4   0x0000006c   Code   RO          506    i.LCD_Clear         lcd.o
    0x08000d30   0x0000014c   Code   RO          510    i.LCD_Display_Dir   lcd.o
    0x08000e7c   0x00000080   Code   RO          514    i.LCD_Fast_DrawPoint  lcd.o
    0x08000efc   0x0000008c   Code   RO          515    i.LCD_Fill          lcd.o
    0x08000f88   0x0000228c   Code   RO          516    i.LCD_Init          lcd.o
    0x08003214   0x000000ec   Code   RO          519    i.LCD_ReadPoint     lcd.o
    0x08003300   0x00000018   Code   RO          520    i.LCD_ReadReg       lcd.o
    0x08003318   0x00000148   Code   RO          521    i.LCD_Scan_Dir      lcd.o
    0x08003460   0x00000078   Code   RO          522    i.LCD_SetCursor     lcd.o
    0x080034d8   0x000000d8   Code   RO          523    i.LCD_Set_Window    lcd.o
    0x080035b0   0x0000000c   Code   RO          530    i.LCD_WriteRAM      lcd.o
    0x080035bc   0x00000014   Code   RO          531    i.LCD_WriteRAM_Prepare  lcd.o
    0x080035d0   0x00000010   Code   RO          532    i.LCD_WriteReg      lcd.o
    0x080035e0   0x00000002   Code   RO            4    i.MemManage_Handler  stm32f10x_it.o
    0x080035e2   0x00000002   PAD
    0x080035e4   0x00000020   Code   RO          448    i.MountSD           deal_file.o
    0x08003604   0x00000002   Code   RO            5    i.NMI_Handler       stm32f10x_it.o
    0x08003606   0x00000042   Code   RO          271    i.NVIC_Configuration  main.o
    0x08003648   0x00000064   Code   RO          835    i.NVIC_Init         misc.o
    0x080036ac   0x00000014   Code   RO          836    i.NVIC_PriorityGroupConfig  misc.o
    0x080036c0   0x000000c4   Code   RO          487    i.ParseMsg          parse_msg.o
    0x08003784   0x00000002   Code   RO            6    i.PendSV_Handler    stm32f10x_it.o
    0x08003786   0x00000002   PAD
    0x08003788   0x00000018   Code   RO          996    i.RCC_AHBPeriphClockCmd  stm32f10x_rcc.o
    0x080037a0   0x00000018   Code   RO          997    i.RCC_APB1PeriphClockCmd  stm32f10x_rcc.o
    0x080037b8   0x00000018   Code   RO          998    i.RCC_APB1PeriphResetCmd  stm32f10x_rcc.o
    0x080037d0   0x00000018   Code   RO          999    i.RCC_APB2PeriphClockCmd  stm32f10x_rcc.o
    0x080037e8   0x00000018   Code   RO         1000    i.RCC_APB2PeriphResetCmd  stm32f10x_rcc.o
    0x08003800   0x00000090   Code   RO         1007    i.RCC_GetClocksFreq  stm32f10x_rcc.o
    0x08003890   0x0000000c   Code   RO         1364    i.SDIO_ClearFlag    stm32f10x_sdio.o
    0x0800389c   0x0000000c   Code   RO         1365    i.SDIO_ClearITPendingBit  stm32f10x_sdio.o
    0x080038a8   0x0000000c   Code   RO         1366    i.SDIO_ClockCmd     stm32f10x_sdio.o
    0x080038b4   0x0000000c   Code   RO         1369    i.SDIO_DMACmd       stm32f10x_sdio.o
    0x080038c0   0x0000002c   Code   RO         1370    i.SDIO_DataConfig   stm32f10x_sdio.o
    0x080038ec   0x00000024   Code   RO         1372    i.SDIO_DeInit       stm32f10x_sdio.o
    0x08003910   0x0000000c   Code   RO         1373    i.SDIO_GetCommandResponse  stm32f10x_sdio.o
    0x0800391c   0x00000014   Code   RO         1376    i.SDIO_GetFlagStatus  stm32f10x_sdio.o
    0x08003930   0x00000014   Code   RO         1377    i.SDIO_GetITStatus  stm32f10x_sdio.o
    0x08003944   0x00000010   Code   RO         1378    i.SDIO_GetPowerState  stm32f10x_sdio.o
    0x08003954   0x0000000c   Code   RO         1379    i.SDIO_GetResponse  stm32f10x_sdio.o
    0x08003960   0x00000004   Code   RO            7    i.SDIO_IRQHandler   stm32f10x_it.o
    0x08003964   0x00000018   Code   RO         1380    i.SDIO_ITConfig     stm32f10x_sdio.o
    0x0800397c   0x0000002c   Code   RO         1381    i.SDIO_Init         stm32f10x_sdio.o
    0x080039a8   0x0000000c   Code   RO         1382    i.SDIO_ReadData     stm32f10x_sdio.o
    0x080039b4   0x00000028   Code   RO         1384    i.SDIO_SendCommand  stm32f10x_sdio.o
    0x080039dc   0x00000018   Code   RO         1386    i.SDIO_SetPowerState  stm32f10x_sdio.o
    0x080039f4   0x0000000c   Code   RO         1392    i.SDIO_WriteData    stm32f10x_sdio.o
    0x08003a00   0x00000250   Code   RO          116    i.SD_GetCardInfo    sdcard.o
    0x08003c50   0x000000b0   Code   RO          118    i.SD_Init           sdcard.o
    0x08003d00   0x00000108   Code   RO          119    i.SD_InitializeCards  sdcard.o
    0x08003e08   0x000001a0   Code   RO          121    i.SD_PowerON        sdcard.o
    0x08003fa8   0x0000019c   Code   RO          122    i.SD_ProcessIRQSrc  sdcard.o
    0x08004144   0x00000208   Code   RO          123    i.SD_ReadBlock      sdcard.o
    0x0800434c   0x00000260   Code   RO          124    i.SD_ReadMultiBlocks  sdcard.o
    0x080045ac   0x0000002c   Code   RO          125    i.SD_SelectDeselect  sdcard.o
    0x080045d8   0x0000001c   Code   RO          128    i.SD_SetDeviceMode  sdcard.o
    0x080045f4   0x00000028   Code   RO          129    i.SD_StopTransfer   sdcard.o
    0x0800461c   0x000002d0   Code   RO          130    i.SD_WriteBlock     sdcard.o
    0x080048ec   0x00000318   Code   RO          131    i.SD_WriteMultiBlocks  sdcard.o
    0x08004c04   0x00000002   Code   RO            8    i.SVC_Handler       stm32f10x_it.o
    0x08004c06   0x00000002   PAD
    0x08004c08   0x00000080   Code   RO          769    i.Second_AT_Command  sim900a.o
    0x08004c88   0x0000007c   Code   RO          394    i.Serial_One_Init   usart.o
    0x08004d04   0x000000ac   Code   RO          395    i.Serial_Two_Init   usart.o
    0x08004db0   0x000000a8   Code   RO         2276    i.SetSysClockTo72   system_stm32f10x.o
    0x08004e58   0x00000018   Code   RO          770    i.Set_ATE0          sim900a.o
    0x08004e70   0x00000002   Code   RO            9    i.SysTick_Handler   stm32f10x_it.o
    0x08004e72   0x00000002   PAD
    0x08004e74   0x00000040   Code   RO         2277    i.SystemInit        system_stm32f10x.o
    0x08004eb4   0x00000038   Code   RO          814    i.TIM2_IRQHandler   timer.o
    0x08004eec   0x00000006   Code   RO         1744    i.TIM_ClearITPendingBit  stm32f10x_tim.o
    0x08004ef2   0x00000016   Code   RO         1749    i.TIM_Cmd           stm32f10x_tim.o
    0x08004f08   0x00000018   Code   RO         1770    i.TIM_GetITStatus   stm32f10x_tim.o
    0x08004f20   0x00000010   Code   RO         1774    i.TIM_ITConfig      stm32f10x_tim.o
    0x08004f30   0x0000003c   Code   RO         1820    i.TIM_TimeBaseInit  stm32f10x_tim.o
    0x08004f6c   0x00000044   Code   RO          815    i.Timer2_Init_Config  timer.o
    0x08004fb0   0x0000002c   Code   RO          396    i.UART2_SendString  usart.o
    0x08004fdc   0x00000002   Code   RO          397    i.USART1_IRQHandler  usart.o
    0x08004fde   0x00000002   PAD
    0x08004fe0   0x000000d4   Code   RO          398    i.USART2_IRQHandler  usart.o
    0x080050b4   0x00000014   Code   RO         1199    i.USART_Cmd         stm32f10x_usart.o
    0x080050c8   0x0000006c   Code   RO         1201    i.USART_DeInit      stm32f10x_usart.o
    0x08005134   0x0000000e   Code   RO         1202    i.USART_GetFlagStatus  stm32f10x_usart.o
    0x08005142   0x0000003e   Code   RO         1203    i.USART_GetITStatus  stm32f10x_usart.o
    0x08005180   0x00000030   Code   RO         1205    i.USART_ITConfig    stm32f10x_usart.o
    0x080051b0   0x0000008c   Code   RO         1206    i.USART_Init        stm32f10x_usart.o
    0x0800523c   0x00000008   Code   RO         1211    i.USART_ReceiveData  stm32f10x_usart.o
    0x08005244   0x00000008   Code   RO         1214    i.USART_SendData    stm32f10x_usart.o
    0x0800524c   0x00000002   Code   RO           10    i.UsageFault_Handler  stm32f10x_it.o
    0x0800524e   0x00000002   PAD
    0x08005250   0x0000006c   Code   RO          771    i.Wait_CREG         sim900a.o
    0x080052bc   0x00000020   Code   RO         2925    i.__0printf$5       mc_w.l(printf5.o)
    0x080052dc   0x0000000e   Code   RO         3111    i.__scatterload_copy  mc_w.l(handlers.o)
    0x080052ea   0x00000002   Code   RO         3112    i.__scatterload_null  mc_w.l(handlers.o)
    0x080052ec   0x0000000e   Code   RO         3113    i.__scatterload_zeroinit  mc_w.l(handlers.o)
    0x080052fa   0x00000002   PAD
    0x080052fc   0x000002c0   Code   RO         2932    i._printf_core      mc_w.l(printf5.o)
    0x080055bc   0x000000d0   Code   RO         2609    i.ai_draw_init      piclib.o
    0x0800568c   0x00000050   Code   RO         2610    i.ai_load_picfile   piclib.o
    0x080056dc   0x0000001c   Code   RO         2674    i.alloc_pool        tjpgd.o
    0x080056f8   0x0000007e   Code   RO         2675    i.bitext            tjpgd.o
    0x08005776   0x00000002   PAD
    0x08005778   0x000001d8   Code   RO         2676    i.block_idct        tjpgd.o
    0x08005950   0x0000005c   Code   RO         2313    i.check_fs          ff.o
    0x080059ac   0x00000018   Code   RO         2314    i.clust2sect        ff.o
    0x080059c4   0x00000012   Code   RO          132    i.convert_from_bytes_to_power_of_two  sdcard.o
    0x080059d6   0x0000009e   Code   RO         2315    i.create_chain      ff.o
    0x08005a74   0x000000cc   Code   RO         2677    i.create_huffman_tbl  tjpgd.o
    0x08005b40   0x00000124   Code   RO         2316    i.create_name       ff.o
    0x08005c64   0x0000001e   Code   RO          370    i.delay_nms         delay.o
    0x08005c82   0x0000001a   Code   RO          371    i.delay_nus         delay.o
    0x08005c9c   0x000000e6   Code   RO         2317    i.dir_next          ff.o
    0x08005d82   0x0000005c   Code   RO         2318    i.dir_read          ff.o
    0x08005dde   0x00000064   Code   RO         2319    i.dir_register      ff.o
    0x08005e42   0x00000034   Code   RO         2320    i.dir_remove        ff.o
    0x08005e76   0x00000002   PAD
    0x08005e78   0x0000007e   Code   RO         2321    i.dir_sdi           ff.o
    0x08005ef6   0x00000004   Code   RO         2564    i.disk_initialize   diskio.o
    0x08005efa   0x00000004   Code   RO         2565    i.disk_ioctl        diskio.o
    0x08005efe   0x0000001a   Code   RO         2566    i.disk_read         diskio.o
    0x08005f18   0x00000004   Code   RO         2567    i.disk_status       diskio.o
    0x08005f1c   0x0000001a   Code   RO         2568    i.disk_write        diskio.o
    0x08005f36   0x0000001c   Code   RO         2323    i.f_close           ff.o
    0x08005f52   0x0000012e   Code   RO         2326    i.f_lseek           ff.o
    0x08006080   0x0000004c   Code   RO         2328    i.f_mount           ff.o
    0x080060cc   0x00000144   Code   RO         2329    i.f_open            ff.o
    0x08006210   0x0000014a   Code   RO         2331    i.f_read            ff.o
    0x0800635a   0x00000098   Code   RO         2335    i.f_sync            ff.o
    0x080063f2   0x00000090   Code   RO         2337    i.f_unlink          ff.o
    0x08006482   0x0000017e   Code   RO         2339    i.f_write           ff.o
    0x08006600   0x00000238   Code   RO         2340    i.find_volume       ff.o
    0x08006838   0x000000aa   Code   RO         2341    i.follow_path       ff.o
    0x080068e2   0x00000002   PAD
    0x080068e4   0x00000024   Code   RO          399    i.fputc             usart.o
    0x08006908   0x000000be   Code   RO         2342    i.get_fat           ff.o
    0x080069c6   0x00000004   Code   RO         2569    i.get_fattime       diskio.o
    0x080069ca   0x0000003c   Code   RO         2344    i.get_ldnumber      ff.o
    0x08006a06   0x00000002   PAD
    0x08006a08   0x000000a0   Code   RO         2678    i.huffext           tjpgd.o
    0x08006aa8   0x00000024   Code   RO         2611    i.is_element_ok     piclib.o
    0x08006acc   0x000000f4   Code   RO         2679    i.jd_decomp         tjpgd.o
    0x08006bc0   0x0000030c   Code   RO         2680    i.jd_prepare        tjpgd.o
    0x08006ecc   0x00000024   Code   RO         2681    i.jpeg_freeall      tjpgd.o
    0x08006ef0   0x00000024   Code   RO         2682    i.jpeg_in_func      tjpgd.o
    0x08006f14   0x00000038   Code   RO         2683    i.jpeg_mallocall    tjpgd.o
    0x08006f4c   0x00000054   Code   RO         2684    i.jpeg_out_func_fill  tjpgd.o
    0x08006fa0   0x000000a8   Code   RO         2685    i.jpeg_out_func_point  tjpgd.o
    0x08007048   0x000000f0   Code   RO         2686    i.jpg_decode        tjpgd.o
    0x08007138   0x00000012   Code   RO         2345    i.ld_clust          ff.o
    0x0800714a   0x00000002   PAD
    0x0800714c   0x0000015c   Code   RO          272    i.main              main.o
    0x080072a8   0x0000016c   Code   RO         2687    i.mcu_load          tjpgd.o
    0x08007414   0x00000304   Code   RO         2688    i.mcu_output        tjpgd.o
    0x08007718   0x00000012   Code   RO         2346    i.mem_cpy           ff.o
    0x0800772a   0x00000002   PAD
    0x0800772c   0x00000058   Code   RO          698    i.mem_free          malloc.o
    0x08007784   0x0000003c   Code   RO          699    i.mem_init          malloc.o
    0x080077c0   0x00000090   Code   RO          700    i.mem_malloc        malloc.o
    0x08007850   0x00000038   Code   RO          701    i.mem_perused       malloc.o
    0x08007888   0x0000000e   Code   RO         2347    i.mem_set           ff.o
    0x08007896   0x00000032   Code   RO         2348    i.move_window       ff.o
    0x080078c8   0x00000018   Code   RO          702    i.myfree            malloc.o
    0x080078e0   0x00000020   Code   RO          703    i.mymalloc          malloc.o
    0x08007900   0x0000000e   Code   RO          705    i.mymemset          malloc.o
    0x0800790e   0x00000002   PAD
    0x08007910   0x00000028   Code   RO         2613    i.piclib_draw_hline  piclib.o
    0x08007938   0x00000064   Code   RO         2614    i.piclib_init       piclib.o
    0x0800799c   0x000000f4   Code   RO         2349    i.put_fat           ff.o
    0x08007a90   0x00000062   Code   RO         2350    i.remove_chain      ff.o
    0x08007af2   0x00000010   Code   RO         2351    i.st_clust          ff.o
    0x08007b02   0x000000b0   Code   RO         2352    i.sync_fs           ff.o
    0x08007bb2   0x00000052   Code   RO         2353    i.sync_window       ff.o
    0x08007c04   0x00000022   Code   RO         2354    i.validate          ff.o
    0x08007c26   0x00000002   PAD
    0x08007c28   0x00000018   Data   RO          711    .constdata          malloc.o
    0x08007c40   0x000004c0   Data   RO         2689    .constdata          tjpgd.o
    0x08008100   0x0000002c   Data   RO          772    .conststring        sim900a.o
    0x0800812c   0x00000020   Data   RO         3109    Region$$Table       anon$$obj.o


    Execution Region RW_IRAM1 (Base: 0x20000000, Size: 0x0000da68, Max: 0x00010000, ABSOLUTE)

    Base Addr    Size         Type   Attr      Idx    E Section Name        Object

    0x20000000   0x00000028   Data   RW          134    .data               sdcard.o
    0x20000028   0x00000002   Data   RW          273    .data               main.o
    0x2000002a   0x00000002   PAD
    0x2000002c   0x0000000c   Data   RW          401    .data               usart.o
    0x20000038   0x0000001c   Data   RW          712    .data               malloc.o
    0x20000054   0x00000004   Data   RW          773    .data               sim900a.o
    0x20000058   0x00000003   Data   RW          816    .data               timer.o
    0x2000005b   0x00000014   Data   RW         1027    .data               stm32f10x_rcc.o
    0x2000006f   0x00000001   PAD
    0x20000070   0x00000008   Data   RW         2355    .data               ff.o
    0x20000078   0x0000000c   Data   RW         2690    .data               tjpgd.o
    0x20000084   0x00000004   Data   RW         3081    .data               mc_w.l(stdout.o)
    0x20000088   0x00000064   Zero   RW          133    .bss                sdcard.o
    0x200000ec   0x000028ce   Zero   RW          400    .bss                usart.o
    0x200029ba   0x00000002   PAD
    0x200029bc   0x00000454   Zero   RW          449    .bss                deal_file.o
    0x20002e10   0x0000000e   Zero   RW          534    .bss                lcd.o
    0x20002e1e   0x00000002   PAD
    0x20002e20   0x0000a000   Zero   RW          709    .bss                malloc.o
    0x2000ce20   0x00000a00   Zero   RW          710    .bss                malloc.o
    0x2000d820   0x00000044   Zero   RW         2615    .bss                piclib.o
    0x2000d864   0x00000004   PAD
    0x2000d868   0x00000200   Zero   RW         2268    STACK               startup_stm32f10x_hd.o



  Load Region LR$$.ARM.__AT_0x68000000 (Base: 0x68000000, Size: 0x00000000, Max: 0x00030000, ABSOLUTE)

    Execution Region ER$$.ARM.__AT_0x68000000 (Base: 0x68000000, Size: 0x00030000, Max: 0x00030000, ABSOLUTE, UNINIT)

    Base Addr    Size         Type   Attr      Idx    E Section Name        Object

    0x68000000   0x00030000   Zero   RW          707    .ARM.__AT_0x68000000  malloc.o



  Load Region LR$$.ARM.__AT_0x68030000 (Base: 0x68030000, Size: 0x00000000, Max: 0x00003000, ABSOLUTE)

    Execution Region ER$$.ARM.__AT_0x68030000 (Base: 0x68030000, Size: 0x00003000, Max: 0x00003000, ABSOLUTE, UNINIT)

    Base Addr    Size         Type   Attr      Idx    E Section Name        Object

    0x68030000   0x00003000   Zero   RW          708    .ARM.__AT_0x68030000  malloc.o


==============================================================================

Image component sizes


      Code (inc. data)   RO Data    RW Data    ZI Data      Debug   Object Name

       172         80          0          0       1108       3668   deal_file.o
        56          0          0          0          0        824   delay.o
        68          0          0          0          0       3104   diskio.o
      4642         42          0          8          0      25995   ff.o
     10542        162          0          0         14      25495   lcd.o
       474        174          0          2          0      34942   main.o
       418         44         24         28     252416       5212   malloc.o
       120         20          0          0          0     201007   misc.o
       196         60          0          0          0       1205   parse_msg.o
       464         54          0          0         68       4097   piclib.o
      5546        210          0         40        100      19254   sdcard.o
       608        266         44          4          0       3145   sim900a.o
        48         12        304          0        512        820   startup_stm32f10x_hd.o
       134         16          0          0          0       2949   stm32f10x_dma.o
       224          4          0          0          0       1645   stm32f10x_fsmc.o
       162          0          0          0          0       1933   stm32f10x_gpio.o
        22          0          0          0          0     247252   stm32f10x_it.o
       264         46          0         20          0       5580   stm32f10x_rcc.o
       364         96          0          0          0       9471   stm32f10x_sdio.o
       128         10          0          0          0       6285   stm32f10x_tim.o
       408         16          0          0          0       5660   stm32f10x_usart.o
       232         22          0          0          0       1345   system_stm32f10x.o
       124          4          0          3          0       1176   timer.o
      3770        104       1216         12          0      17429   tjpgd.o
       622         64          0         12      10446       4485   usart.o

    ----------------------------------------------------------------------
     29842       1506       1620        132     264672     633978   Object Totals
         0          0         32          0          0          0   (incl. Generated)
        34          0          0          3          8          0   (incl. Padding)

    ----------------------------------------------------------------------

      Code (inc. data)   RO Data    RW Data    ZI Data      Debug   Library Member Name

         0          0          0          0          0          0   entry.o
         0          0          0          0          0          0   entry10a.o
         0          0          0          0          0          0   entry11a.o
         8          4          0          0          0          0   entry2.o
         4          0          0          0          0          0   entry5.o
         0          0          0          0          0          0   entry7b.o
         0          0          0          0          0          0   entry8b.o
         8          4          0          0          0          0   entry9a.o
        30          0          0          0          0          0   handlers.o
        36          8          0          0          0         68   init.o
         0          0          0          0          0          0   iusefp.o
        30          0          0          0          0         68   llshl.o
        32          0          0          0          0         68   llushr.o
       736         56          0          0          0        184   printf5.o
         0          0          0          4          0          0   stdout.o
        36          0          0          0          0         80   strstr.o
        98          0          0          0          0         92   uldiv.o
        20          0          0          0          0         68   cfcmple.o
       176          0          0          0          0        140   fadd.o
       128          0          0          0          0         88   fdiv.o
       108          0          0          0          0        168   fepilogue.o
        40          0          0          0          0         68   ffixui.o
        10          0          0          0          0         68   ffltui.o
       108          0          0          0          0         76   fmul.o
        24          0          0          0          0         68   fscalb.o

    ----------------------------------------------------------------------
      1638         72          0          4          0       1304   Library Totals
         6          0          0          0          0          0   (incl. Padding)

    ----------------------------------------------------------------------

      Code (inc. data)   RO Data    RW Data    ZI Data      Debug   Library Name

      1018         72          0          4          0        560   mc_w.l
       614          0          0          0          0        744   mf_w.l

    ----------------------------------------------------------------------
      1638         72          0          4          0       1304   Library Totals

    ----------------------------------------------------------------------

==============================================================================


      Code (inc. data)   RO Data    RW Data    ZI Data      Debug   

     31480       1578       1620        136     264672     625558   Grand Totals
     31480       1578       1620        136     264672     625558   ELF Image Totals
     31480       1578       1620        136          0          0   ROM Totals

==============================================================================

    Total RO  Size (Code + RO Data)                33100 (  32.32kB)
    Total RW  Size (RW Data + ZI Data)            264808 ( 258.60kB)
    Total ROM Size (Code + RO Data + RW Data)      33236 (  32.46kB)

==============================================================================

