Component: ARM Compiler 5.06 update 1 (build 61) Tool: armlink [4d35a8]

==============================================================================

Section Cross References

    main.o(i.main) refers to system_stm32f10x.o(i.SystemInit) for SystemInit
    main.o(i.main) refers to lcd.o(i.LCD_Init) for LCD_Init
    main.o(i.main) refers to piclib.o(i.piclib_init) for piclib_init
    main.o(i.main) refers to lcd.o(i.LCD_Clear) for LCD_Clear
    main.o(i.main) refers to text.o(i.Show_Str) for Show_Str
    main.o(i.main) refers to sdcard.o(i.SD_GetStatus) for SD_GetStatus
    main.o(i.main) refers to jpg_create.o(i.MountSD) for MountSD
    main.o(i.main) refers to lcd.o(i.LCD_ShowString) for LCD_ShowString
    main.o(i.main) refers to fontupd.o(i.update_font) for update_font
    main.o(i.main) refers to delay.o(i.delay_nms) for delay_nms
    main.o(i.main) refers to lcd.o(i.LCD_Fill) for LCD_Fill
    main.o(i.main) refers to fontupd.o(i.font_init) for font_init
    main.o(i.main) refers to system_stm32f10x.o(.constdata) for SystemFrequency
    main.o(i.main) refers to lcd.o(.data) for POINT_COLOR
    stm32f10x_it.o(i.SDIO_IRQHandler) refers to sdcard.o(i.SD_ProcessIRQSrc) for SD_ProcessIRQSrc
    stm32f10x_it.o(i.SysTick_Handler) refers to timer.o(.data) for SystemTick
    system_stm32f10x.o(i.SystemInit) refers to system_stm32f10x.o(i.SetSysClockTo72) for SetSysClockTo72
    app_task.o(i.CLRJsonBuf) refers to app_task.o(.bss) for .bss
    app_task.o(i.Kill_ALLShowTask) refers to libtimer.o(i.TimerCancel) for TimerCancel
    app_task.o(i.Kill_ALLShowTask) refers to app_task.o(.data) for .data
    app_task.o(i.Start_ALLShowTask) refers to libtimer.o(i.TimerStart) for TimerStart
    app_task.o(i.Start_ALLShowTask) refers to app_task.o(.data) for .data
    app_task.o(i.Start_ALLShowTask) refers to app_task.o(i.Task_NameShow) for Task_NameShow
    app_task.o(i.Start_ALLShowTask) refers to app_task.o(i.Task_JGPShow) for Task_JGPShow
    app_task.o(i.Task_JGPShow) refers to memseta.o(.text) for __aeabi_memclr4
    app_task.o(i.Task_JGPShow) refers to lcd.o(i.LCD_Fill) for LCD_Fill
    app_task.o(i.Task_JGPShow) refers to printfa.o(i.__0sprintf) for __2sprintf
    app_task.o(i.Task_JGPShow) refers to piclib.o(i.ai_load_picfile) for ai_load_picfile
    app_task.o(i.Task_JGPShow) refers to libtimer.o(i.TimerCancel) for TimerCancel
    app_task.o(i.Task_JGPShow) refers to libtimer.o(i.TimerStart) for TimerStart
    app_task.o(i.Task_JGPShow) refers to app_task.o(.data) for .data
    app_task.o(i.Task_JGPShow) refers to app_task.o(.bss) for .bss
    app_task.o(i.Task_JGPShow) refers to lcd.o(.bss) for lcddev
    app_task.o(i.Task_NameShow) refers to libtimer.o(i.TimerCancel) for TimerCancel
    app_task.o(i.Task_NameShow) refers to libtimer.o(i.TimerStart) for TimerStart
    app_task.o(i.Task_NameShow) refers to memseta.o(.text) for __aeabi_memclr
    app_task.o(i.Task_NameShow) refers to strlen.o(.text) for strlen
    app_task.o(i.Task_NameShow) refers to memcpya.o(.text) for __aeabi_memcpy
    app_task.o(i.Task_NameShow) refers to lcd.o(i.LCD_Fill) for LCD_Fill
    app_task.o(i.Task_NameShow) refers to text.o(i.Show_Str) for Show_Str
    app_task.o(i.Task_NameShow) refers to app_task.o(.data) for .data
    app_task.o(i.Task_NameShow) refers to app_task.o(.bss) for .bss
    app_task.o(i.Task_NameShow) refers to lcd.o(.data) for POINT_COLOR
    app_task.o(.data) refers to app_task.o(.conststring) for .conststring
    stm32f10x_gpio.o(i.GPIO_AFIODeInit) refers to stm32f10x_rcc.o(i.RCC_APB2PeriphResetCmd) for RCC_APB2PeriphResetCmd
    stm32f10x_gpio.o(i.GPIO_DeInit) refers to stm32f10x_rcc.o(i.RCC_APB2PeriphResetCmd) for RCC_APB2PeriphResetCmd
    stm32f10x_rcc.o(i.RCC_GetClocksFreq) refers to stm32f10x_rcc.o(.data) for .data
    stm32f10x_rcc.o(i.RCC_WaitForHSEStartUp) refers to stm32f10x_rcc.o(i.RCC_GetFlagStatus) for RCC_GetFlagStatus
    stm32f10x_usart.o(i.USART_DeInit) refers to stm32f10x_rcc.o(i.RCC_APB2PeriphResetCmd) for RCC_APB2PeriphResetCmd
    stm32f10x_usart.o(i.USART_DeInit) refers to stm32f10x_rcc.o(i.RCC_APB1PeriphResetCmd) for RCC_APB1PeriphResetCmd
    stm32f10x_usart.o(i.USART_Init) refers to stm32f10x_rcc.o(i.RCC_GetClocksFreq) for RCC_GetClocksFreq
    stm32f10x_tim.o(i.TIM_DeInit) refers to stm32f10x_rcc.o(i.RCC_APB1PeriphResetCmd) for RCC_APB1PeriphResetCmd
    stm32f10x_tim.o(i.TIM_DeInit) refers to stm32f10x_rcc.o(i.RCC_APB2PeriphResetCmd) for RCC_APB2PeriphResetCmd
    stm32f10x_tim.o(i.TIM_ETRClockMode1Config) refers to stm32f10x_tim.o(i.TIM_ETRConfig) for TIM_ETRConfig
    stm32f10x_tim.o(i.TIM_ETRClockMode2Config) refers to stm32f10x_tim.o(i.TIM_ETRConfig) for TIM_ETRConfig
    stm32f10x_tim.o(i.TIM_ICInit) refers to stm32f10x_tim.o(i.TIM_SetIC4Prescaler) for TIM_SetIC4Prescaler
    stm32f10x_tim.o(i.TIM_ICInit) refers to stm32f10x_tim.o(i.TI1_Config) for TI1_Config
    stm32f10x_tim.o(i.TIM_ICInit) refers to stm32f10x_tim.o(i.TIM_SetIC1Prescaler) for TIM_SetIC1Prescaler
[...]
    ../mathlib/floor.c                       0x00000000   Number         0  floor.o ABSOLUTE
    ../mathlib/fpclassify.c                  0x00000000   Number         0  fpclassify.o ABSOLUTE
    ../mathlib/poly.c                        0x00000000   Number         0  poly.o ABSOLUTE
    ../mathlib/pow.c                         0x00000000   Number         0  pow_x.o ABSOLUTE
    ../mathlib/pow.c                         0x00000000   Number         0  pow.o ABSOLUTE
    ../mathlib/qnan.c                        0x00000000   Number         0  qnan.o ABSOLUTE
    ../mathlib/sqrt.c                        0x00000000   Number         0  sqrt.o ABSOLUTE
    ../mathlib/sqrt.c                        0x00000000   Number         0  sqrt_x.o ABSOLUTE
    Core\\core_cm3.c                         0x00000000   Number         0  core_cm3.o ABSOLUTE
    Core\core_cm3.c                          0x00000000   Number         0  core_cm3.o ABSOLUTE
    Core\startup_stm32f10x_hd.s              0x00000000   Number         0  startup_stm32f10x_hd.o ABSOLUTE
    FWlib\SRC\misc.c                         0x00000000   Number         0  misc.o ABSOLUTE
    FWlib\SRC\stm32f10x_dma.c                0x00000000   Number         0  stm32f10x_dma.o ABSOLUTE
    FWlib\SRC\stm32f10x_fsmc.c               0x00000000   Number         0  stm32f10x_fsmc.o ABSOLUTE
    FWlib\SRC\stm32f10x_gpio.c               0x00000000   Number         0  stm32f10x_gpio.o ABSOLUTE
    FWlib\SRC\stm32f10x_rcc.c                0x00000000   Number         0  stm32f10x_rcc.o ABSOLUTE
    FWlib\SRC\stm32f10x_sdio.c               0x00000000   Number         0  stm32f10x_sdio.o ABSOLUTE
    FWlib\SRC\stm32f10x_spi.c                0x00000000   Number         0  stm32f10x_spi.o ABSOLUTE
    FWlib\SRC\stm32f10x_tim.c                0x00000000   Number         0  stm32f10x_tim.o ABSOLUTE
    FWlib\SRC\stm32f10x_usart.c              0x00000000   Number         0  stm32f10x_usart.o ABSOLUTE
    Fatfs\src\diskio.c                       0x00000000   Number         0  diskio.o ABSOLUTE
    Fatfs\src\ff.c                           0x00000000   Number         0  ff.o ABSOLUTE
    HardWare\src\flash\flash.c               0x00000000   Number         0  flash.o ABSOLUTE
    HardWare\src\key\keys.c                  0x00000000   Number         0  keys.o ABSOLUTE
    HardWare\src\lcd\lcd.c                   0x00000000   Number         0  lcd.o ABSOLUTE
    HardWare\src\sd\sdcard.c                 0x00000000   Number         0  sdcard.o ABSOLUTE
    HardWare\src\sim900a\sim900a.c           0x00000000   Number         0  sim900a.o ABSOLUTE
    HardWare\src\spi\spi.c                   0x00000000   Number         0  spi.o ABSOLUTE
    HardWare\src\sram\fsmc_sram.c            0x00000000   Number         0  fsmc_sram.o ABSOLUTE
    Json\cJSON.c                             0x00000000   Number         0  cjson.o ABSOLUTE
    Json\cjsonutil.c                         0x00000000   Number         0  cjsonutil.o ABSOLUTE
    Malloc\malloc.c                          0x00000000   Number         0  malloc.o ABSOLUTE
    Picture\src\data_parse.c                 0x00000000   Number         0  data_parse.o ABSOLUTE
    Picture\src\gif.c                        0x00000000   Number         0  gif.o ABSOLUTE
    Picture\src\jpg_create.c                 0x00000000   Number         0  jpg_create.o ABSOLUTE
    Picture\src\piclib.c                     0x00000000   Number         0  piclib.o ABSOLUTE
    Picture\src\tjpgd.c                      0x00000000   Number         0  tjpgd.o ABSOLUTE
    System\src\delay\delay.c                 0x00000000   Number         0  delay.o ABSOLUTE
    System\src\timer\timer.c                 0x00000000   Number         0  timer.o ABSOLUTE
    System\src\usart\usart.c                 0x00000000   Number         0  usart.o ABSOLUTE
    Task\src\getimage.c                      0x00000000   Number         0  getimage.o ABSOLUTE
    Task\src\getqrcodelist.c                 0x00000000   Number         0  getqrcodelist.o ABSOLUTE
    Task\src\getscancodelist.c               0x00000000   Number         0  getscancodelist.o ABSOLUTE
    Task\src\getversion.c                    0x00000000   Number         0  getversion.o ABSOLUTE
    Text\fontupd.c                           0x00000000   Number         0  fontupd.o ABSOLUTE
    Text\text.c                              0x00000000   Number         0  text.o ABSOLUTE
    User\src\app_task.c                      0x00000000   Number         0  app_task.o ABSOLUTE
    User\src\main.c                          0x00000000   Number         0  main.o ABSOLUTE
    User\src\stm32f10x_it.c                  0x00000000   Number         0  stm32f10x_it.o ABSOLUTE
    User\src\system_stm32f10x.c              0x00000000   Number         0  system_stm32f10x.o ABSOLUTE
    cdcmple.s                                0x00000000   Number         0  cdcmple.o ABSOLUTE
    cdrcmple.s                               0x00000000   Number         0  cdrcmple.o ABSOLUTE
    cfcmple.s                                0x00000000   Number         0  cfcmple.o ABSOLUTE
    crc32\crc32.c                            0x00000000   Number         0  crc32.o ABSOLUTE
    dc.s                                     0x00000000   Number         0  dc.o ABSOLUTE
    handlers.s                               0x00000000   Number         0  handlers.o ABSOLUTE
    init.s                                   0x00000000   Number         0  init.o ABSOLUTE
    os\liblist.c                             0x00000000   Number         0  liblist.o ABSOLUTE
    os\libtimer.c                            0x00000000   Number         0  libtimer.o ABSOLUTE
    RESET                                    0x08000000   Section      304  startup_stm32f10x_hd.o(RESET)
    .ARM.Collect$$$$00000000                 0x08000130   Section        0  entry.o(.ARM.Collect$$$$00000000)
    .ARM.Collect$$$$00000001                 0x08000130   Section        4  entry2.o(.ARM.Collect$$$$00000001)
    .ARM.Collect$$$$00000004                 0x08000134   Section        4  entry5.o(.ARM.Collect$$$$00000004)
    .ARM.Collect$$$$00000008                 0x08000138   Section        0  entry7b.o(.ARM.Collect$$$$00000008)
    .ARM.Collect$$$$0000000A                 0x08000138   Section        0  entry8b.o(.ARM.Collect$$$$0000000A)
    .ARM.Collect$$$$0000000B                 0x08000138   Section        8  entry9a.o(.ARM.Collect$$$$0000000B)
    .ARM.Collect$$$$0000000D                 0x08000140   Section        0  entry10a.o(.ARM.Collect$$$$0000000D)
    .ARM.Collect$$$$0000000F                 0x08000140   Section        0  entry11a.o(.ARM.Collect$$$$0000000F)
    .ARM.Collect$$$$00002712                 0x08000140   Section        4  entry2.o(.ARM.Collect$$$$00002712)
    __lit__00000000                          0x08000140   Data           4  entry2.o(.ARM.Collect$$$$00002712)
    .text                                    0x08000144   Section       48  startup_stm32f10x_hd.o(.text)
    .text                                    0x08000174   Section        0  fmul.o(.text)
    .text                                    0x080001d8   Section        0  fdiv.o(.text)
    .text                                    0x08000254   Section        0  dadd.o(.text)
    .text                                    0x080003a2   Section        0  dmul.o(.text)
    .text                                    0x08000486   Section        0  ffltui.o(.text)
    .text                                    0x08000490   Section        0  ffixui.o(.text)
    .text                                    0x080004b8   Section       48  cdrcmple.o(.text)
    .text                                    0x080004e8   Section       20  cfcmple.o(.text)
    .text                                    0x080004fc   Section        0  uidiv.o(.text)
    .text                                    0x08000528   Section        0  uldiv.o(.text)
    .text                                    0x0800058a   Section        0  llshl.o(.text)
    .text                                    0x080005a8   Section        0  llushr.o(.text)
    .text                                    0x080005c8   Section        0  llsshr.o(.text)
    .text                                    0x080005ec   Section        0  fepilogue.o(.text)
    .text                                    0x080005ec   Section        0  iusefp.o(.text)
    .text                                    0x0800065a   Section        0  depilogue.o(.text)
    .text                                    0x08000714   Section        0  ddiv.o(.text)
    .text                                    0x080007f2   Section        0  dfixul.o(.text)
    .text                                    0x08000824   Section       36  init.o(.text)
    i.BusFault_Handler                       0x08000848   Section        0  stm32f10x_it.o(i.BusFault_Handler)
    i.CmdResp1Error                          0x0800084c   Section        0  sdcard.o(i.CmdResp1Error)
    CmdResp1Error                            0x0800084d   Thumb Code   224  sdcard.o(i.CmdResp1Error)
    i.CmdResp2Error                          0x08000934   Section        0  sdcard.o(i.CmdResp2Error)
    CmdResp2Error                            0x08000935   Thumb Code    46  sdcard.o(i.CmdResp2Error)
    i.CmdResp6Error                          0x08000968   Section        0  sdcard.o(i.CmdResp6Error)
    CmdResp6Error                            0x08000969   Thumb Code   106  sdcard.o(i.CmdResp6Error)
    i.DMA_ClearFlag                          0x080009d8   Section        0  stm32f10x_dma.o(i.DMA_ClearFlag)
    i.DMA_Cmd                                0x080009f0   Section        0  stm32f10x_dma.o(i.DMA_Cmd)
    i.DMA_GetFlagStatus                      0x08000a04   Section        0  stm32f10x_dma.o(i.DMA_GetFlagStatus)
    i.DMA_Init                               0x08000a24   Section        0  stm32f10x_dma.o(i.DMA_Init)
    i.DMA_RxConfiguration                    0x08000a60   Section        0  sdcard.o(i.DMA_RxConfiguration)
    DMA_RxConfiguration                      0x08000a61   Thumb Code    80  sdcard.o(i.DMA_RxConfiguration)
    i.DMA_TxConfiguration                    0x08000abc   Section        0  sdcard.o(i.DMA_TxConfiguration)
    DMA_TxConfiguration                      0x08000abd   Thumb Code    82  sdcard.o(i.DMA_TxConfiguration)
    i.DebugMon_Handler                       0x08000b1c   Section        0  stm32f10x_it.o(i.DebugMon_Handler)
    i.FSMC_NORSRAMCmd                        0x08000b20   Section        0  stm32f10x_fsmc.o(i.FSMC_NORSRAMCmd)
    i.FSMC_NORSRAMInit                       0x08000b40   Section        0  stm32f10x_fsmc.o(i.FSMC_NORSRAMInit)
    i.GPIO_Init                              0x08000c08   Section        0  stm32f10x_gpio.o(i.GPIO_Init)
    i.GPIO_ResetBits                         0x08000caa   Section        0  stm32f10x_gpio.o(i.GPIO_ResetBits)
    i.GPIO_SetBits                           0x08000cae   Section        0  stm32f10x_gpio.o(i.GPIO_SetBits)
    i.Get_HzMat                              0x08000cb4   Section        0  text.o(i.Get_HzMat)
    i.HardFault_Handler                      0x08000d2c   Section        0  stm32f10x_it.o(i.HardFault_Handler)
    i.IsCardProgramming                      0x08000d30   Section        0  sdcard.o(i.IsCardProgramming)
    IsCardProgramming                        0x08000d31   Thumb Code   316  sdcard.o(i.IsCardProgramming)
    i.LCD_BGR2RGB                            0x08000e7c   Section        0  lcd.o(i.LCD_BGR2RGB)
    i.LCD_Clear                              0x08000e90   Section        0  lcd.o(i.LCD_Clear)
    i.LCD_Display_Dir                        0x08000efc   Section        0  lcd.o(i.LCD_Display_Dir)
    i.LCD_DrawPoint                          0x08001048   Section        0  lcd.o(i.LCD_DrawPoint)
    i.LCD_Fast_DrawPoint                     0x08001064   Section        0  lcd.o(i.LCD_Fast_DrawPoint)
    i.LCD_Fill                               0x080010e4   Section        0  lcd.o(i.LCD_Fill)
    i.LCD_Init                               0x08001170   Section        0  lcd.o(i.LCD_Init)
    i.LCD_Pow                                0x080033e8   Section        0  lcd.o(i.LCD_Pow)
    i.LCD_ReadPoint                          0x080033f8   Section        0  lcd.o(i.LCD_ReadPoint)
    i.LCD_ReadReg                            0x080034d4   Section        0  lcd.o(i.LCD_ReadReg)
    i.LCD_Scan_Dir                           0x080034ec   Section        0  lcd.o(i.LCD_Scan_Dir)
    i.LCD_SetCursor                          0x08003634   Section        0  lcd.o(i.LCD_SetCursor)
    i.LCD_Set_Window                         0x080036b0   Section        0  lcd.o(i.LCD_Set_Window)
    i.LCD_ShowChar                           0x08003788   Section        0  lcd.o(i.LCD_ShowChar)
    i.LCD_ShowNum                            0x080038b8   Section        0  lcd.o(i.LCD_ShowNum)
    i.LCD_ShowString                         0x0800392e   Section        0  lcd.o(i.LCD_ShowString)
    i.LCD_WriteRAM                           0x08003984   Section        0  lcd.o(i.LCD_WriteRAM)
    i.LCD_WriteRAM_Prepare                   0x08003990   Section        0  lcd.o(i.LCD_WriteRAM_Prepare)
    i.LCD_WriteReg                           0x080039a4   Section        0  lcd.o(i.LCD_WriteReg)
    i.MemManage_Handler                      0x080039b4   Section        0  stm32f10x_it.o(i.MemManage_Handler)
    i.MountSD                                0x080039b8   Section        0  jpg_create.o(i.MountSD)
    i.NMI_Handler                            0x080039d8   Section        0  stm32f10x_it.o(i.NMI_Handler)
    i.NVIC_Init                              0x080039dc   Section        0  misc.o(i.NVIC_Init)
    i.NVIC_PriorityGroupConfig               0x08003a40   Section        0  misc.o(i.NVIC_PriorityGroupConfig)
    i.PendSV_Handler                         0x08003a54   Section        0  stm32f10x_it.o(i.PendSV_Handler)
    i.RCC_AHBPeriphClockCmd                  0x08003a58   Section        0  stm32f10x_rcc.o(i.RCC_AHBPeriphClockCmd)
    i.RCC_APB1PeriphClockCmd                 0x08003a70   Section        0  stm32f10x_rcc.o(i.RCC_APB1PeriphClockCmd)
    i.RCC_APB2PeriphClockCmd                 0x08003a88   Section        0  stm32f10x_rcc.o(i.RCC_APB2PeriphClockCmd)
    i.SDIO_ClearFlag                         0x08003aa0   Section        0  stm32f10x_sdio.o(i.SDIO_ClearFlag)
    i.SDIO_ClearITPendingBit                 0x08003aac   Section        0  stm32f10x_sdio.o(i.SDIO_ClearITPendingBit)
    i.SDIO_ClockCmd                          0x08003ab8   Section        0  stm32f10x_sdio.o(i.SDIO_ClockCmd)
    i.SDIO_DMACmd                            0x08003ac4   Section        0  stm32f10x_sdio.o(i.SDIO_DMACmd)
    i.SDIO_DataConfig                        0x08003ad0   Section        0  stm32f10x_sdio.o(i.SDIO_DataConfig)
    i.SDIO_DeInit                            0x08003afc   Section        0  stm32f10x_sdio.o(i.SDIO_DeInit)
    i.SDIO_GetCommandResponse                0x08003b20   Section        0  stm32f10x_sdio.o(i.SDIO_GetCommandResponse)
    i.SDIO_GetFlagStatus                     0x08003b2c   Section        0  stm32f10x_sdio.o(i.SDIO_GetFlagStatus)
    i.SDIO_GetITStatus                       0x08003b40   Section        0  stm32f10x_sdio.o(i.SDIO_GetITStatus)
    i.SDIO_GetPowerState                     0x08003b54   Section        0  stm32f10x_sdio.o(i.SDIO_GetPowerState)
    i.SDIO_GetResponse                       0x08003b64   Section        0  stm32f10x_sdio.o(i.SDIO_GetResponse)
    i.SDIO_IRQHandler                        0x08003b70   Section        0  stm32f10x_it.o(i.SDIO_IRQHandler)
    i.SDIO_ITConfig                          0x08003b74   Section        0  stm32f10x_sdio.o(i.SDIO_ITConfig)
    i.SDIO_Init                              0x08003b8c   Section        0  stm32f10x_sdio.o(i.SDIO_Init)
    i.SDIO_ReadData                          0x08003bb8   Section        0  stm32f10x_sdio.o(i.SDIO_ReadData)
    i.SDIO_SendCommand                       0x08003bc4   Section        0  stm32f10x_sdio.o(i.SDIO_SendCommand)
    i.SDIO_SetPowerState                     0x08003bec   Section        0  stm32f10x_sdio.o(i.SDIO_SetPowerState)
    i.SDIO_WriteData                         0x08003c04   Section        0  stm32f10x_sdio.o(i.SDIO_WriteData)
    i.SD_GetCardInfo                         0x08003c10   Section        0  sdcard.o(i.SD_GetCardInfo)
    i.SD_GetStatus                           0x08003e58   Section        0  sdcard.o(i.SD_GetStatus)
    i.SD_Init                                0x08003e88   Section        0  sdcard.o(i.SD_Init)
    i.SD_InitializeCards                     0x08003f5c   Section        0  sdcard.o(i.SD_InitializeCards)
    i.SD_PowerON                             0x08004064   Section        0  sdcard.o(i.SD_PowerON)
    i.SD_ProcessIRQSrc                       0x08004208   Section        0  sdcard.o(i.SD_ProcessIRQSrc)
    i.SD_ReadBlock                           0x080043a4   Section        0  sdcard.o(i.SD_ReadBlock)
    i.SD_ReadMultiBlocks                     0x080045ac   Section        0  sdcard.o(i.SD_ReadMultiBlocks)
    i.SD_SelectDeselect                      0x08004808   Section        0  sdcard.o(i.SD_SelectDeselect)
    i.SD_SetDeviceMode                       0x08004834   Section        0  sdcard.o(i.SD_SetDeviceMode)
    i.SD_StopTransfer                        0x08004850   Section        0  sdcard.o(i.SD_StopTransfer)
    i.SD_WriteBlock                          0x08004878   Section        0  sdcard.o(i.SD_WriteBlock)
    i.SD_WriteMultiBlocks                    0x08004b48   Section        0  sdcard.o(i.SD_WriteMultiBlocks)
    i.SPI2_Init                              0x08004e5c   Section        0  spi.o(i.SPI2_Init)
    i.SPI2_ReadWriteByte                     0x08004ef0   Section        0  spi.o(i.SPI2_ReadWriteByte)
    i.SPI2_SetSpeed                          0x08004f40   Section        0  spi.o(i.SPI2_SetSpeed)
    i.SPI_Cmd                                0x08004f5c   Section        0  stm32f10x_spi.o(i.SPI_Cmd)
    i.SPI_FLASH_Write_Enable                 0x08004f70   Section        0  flash.o(i.SPI_FLASH_Write_Enable)
    i.SPI_Flash_Erase_Sector                 0x08004f98   Section        0  flash.o(i.SPI_Flash_Erase_Sector)
    i.SPI_Flash_Init                         0x08004fe4   Section        0  flash.o(i.SPI_Flash_Init)
    i.SPI_Flash_Read                         0x0800506c   Section        0  flash.o(i.SPI_Flash_Read)
    i.SPI_Flash_ReadID                       0x080050c8   Section        0  flash.o(i.SPI_Flash_ReadID)
    i.SPI_Flash_ReadSR                       0x08005114   Section        0  flash.o(i.SPI_Flash_ReadSR)
    i.SPI_Flash_Wait_Busy                    0x08005144   Section        0  flash.o(i.SPI_Flash_Wait_Busy)
    i.SPI_Flash_Write                        0x08005154   Section        0  flash.o(i.SPI_Flash_Write)
    i.SPI_Flash_Write_NoCheck                0x080051f0   Section        0  flash.o(i.SPI_Flash_Write_NoCheck)
    i.SPI_Flash_Write_Page                   0x08005230   Section        0  flash.o(i.SPI_Flash_Write_Page)
    i.SPI_I2S_GetFlagStatus                  0x08005290   Section        0  stm32f10x_spi.o(i.SPI_I2S_GetFlagStatus)
    i.SPI_I2S_ReceiveData                    0x0800529e   Section        0  stm32f10x_spi.o(i.SPI_I2S_ReceiveData)
    i.SPI_I2S_SendData                       0x080052a2   Section        0  stm32f10x_spi.o(i.SPI_I2S_SendData)
    i.SPI_Init                               0x080052a6   Section        0  stm32f10x_spi.o(i.SPI_Init)
    i.SVC_Handler                            0x080052de   Section        0  stm32f10x_it.o(i.SVC_Handler)
    i.SetSysClockTo72                        0x080052e0   Section        0  system_stm32f10x.o(i.SetSysClockTo72)
    SetSysClockTo72                          0x080052e1   Thumb Code   160  system_stm32f10x.o(i.SetSysClockTo72)
    i.Show_Font                              0x08005388   Section        0  text.o(i.Show_Font)
    i.Show_Str                               0x0800547c   Section        0  text.o(i.Show_Str)
    i.SysTick_Handler                        0x08005510   Section        0  stm32f10x_it.o(i.SysTick_Handler)
    i.SystemInit                             0x08005520   Section        0  system_stm32f10x.o(i.SystemInit)
    i.USART1_IRQHandler                      0x08005560   Section        0  usart.o(i.USART1_IRQHandler)
    i.USART2_IRQHandler                      0x08005564   Section        0  usart.o(i.USART2_IRQHandler)
    i.USART_ClearFlag                        0x080055f8   Section        0  stm32f10x_usart.o(i.USART_ClearFlag)
    i.USART_GetFlagStatus                    0x080055fe   Section        0  stm32f10x_usart.o(i.USART_GetFlagStatus)
    i.USART_GetITStatus                      0x0800560c   Section        0  stm32f10x_usart.o(i.USART_GetITStatus)
    i.USART_ReceiveData                      0x0800564a   Section        0  stm32f10x_usart.o(i.USART_ReceiveData)
    i.USART_SendData                         0x08005652   Section        0  stm32f10x_usart.o(i.USART_SendData)
    i.UsageFault_Handler                     0x0800565a   Section        0  stm32f10x_it.o(i.UsageFault_Handler)
    i.__0printf                              0x0800565c   Section        0  printfa.o(i.__0printf)
    i.__scatterload_copy                     0x0800567c   Section       14  handlers.o(i.__scatterload_copy)
    i.__scatterload_null                     0x0800568a   Section        2  handlers.o(i.__scatterload_null)
    i.__scatterload_zeroinit                 0x0800568c   Section       14  handlers.o(i.__scatterload_zeroinit)
    i._fp_digits                             0x0800569c   Section        0  printfa.o(i._fp_digits)
    _fp_digits                               0x0800569d   Thumb Code   334  printfa.o(i._fp_digits)
    i._printf_core                           0x08005800   Section        0  printfa.o(i._printf_core)
    _printf_core                             0x08005801   Thumb Code  1744  printfa.o(i._printf_core)
    i._printf_post_padding                   0x08005edc   Section        0  printfa.o(i._printf_post_padding)
    _printf_post_padding                     0x08005edd   Thumb Code    36  printfa.o(i._printf_post_padding)
    i._printf_pre_padding                    0x08005f00   Section        0  printfa.o(i._printf_pre_padding)
    _printf_pre_padding                      0x08005f01   Thumb Code    46  printfa.o(i._printf_pre_padding)
    i.check_fs                               0x08005f30   Section        0  ff.o(i.check_fs)
    check_fs                                 0x08005f31   Thumb Code    86  ff.o(i.check_fs)
    i.clust2sect                             0x08005f8c   Section        0  ff.o(i.clust2sect)
    i.convert_from_bytes_to_power_of_two     0x08005fa4   Section        0  sdcard.o(i.convert_from_bytes_to_power_of_two)
    convert_from_bytes_to_power_of_two       0x08005fa5   Thumb Code    18  sdcard.o(i.convert_from_bytes_to_power_of_two)
    i.create_chain                           0x08005fb6   Section        0  ff.o(i.create_chain)
    create_chain                             0x08005fb7   Thumb Code   158  ff.o(i.create_chain)
    i.create_name                            0x08006054   Section        0  ff.o(i.create_name)
    create_name                              0x08006055   Thumb Code   278  ff.o(i.create_name)
    i.delay_nms                              0x0800617c   Section        0  delay.o(i.delay_nms)
    i.delay_nus                              0x08006192   Section        0  delay.o(i.delay_nus)
    i.dir_next                               0x080061a4   Section        0  ff.o(i.dir_next)
    dir_next                                 0x080061a5   Thumb Code   230  ff.o(i.dir_next)
    i.dir_register                           0x0800628a   Section        0  ff.o(i.dir_register)
    dir_register                             0x0800628b   Thumb Code   100  ff.o(i.dir_register)
    i.dir_sdi                                0x080062f0   Section        0  ff.o(i.dir_sdi)
    dir_sdi                                  0x080062f1   Thumb Code   126  ff.o(i.dir_sdi)
    i.disk_initialize                        0x0800636e   Section        0  diskio.o(i.disk_initialize)
    i.disk_ioctl                             0x08006372   Section        0  diskio.o(i.disk_ioctl)
    i.disk_read                              0x08006376   Section        0  diskio.o(i.disk_read)
    i.disk_status                            0x08006390   Section        0  diskio.o(i.disk_status)
    i.disk_write                             0x08006394   Section        0  diskio.o(i.disk_write)
    i.f_close                                0x080063ae   Section        0  ff.o(i.f_close)
    i.f_mount                                0x080063cc   Section        0  ff.o(i.f_mount)
    i.f_open                                 0x08006418   Section        0  ff.o(i.f_open)
    i.f_read                                 0x08006558   Section        0  ff.o(i.f_read)
    i.f_sync                                 0x080066a2   Section        0  ff.o(i.f_sync)
    i.find_volume                            0x0800673c   Section        0  ff.o(i.find_volume)
    find_volume                              0x0800673d   Thumb Code   554  ff.o(i.find_volume)
    i.follow_path                            0x08006974   Section        0  ff.o(i.follow_path)
    follow_path                              0x08006975   Thumb Code   170  ff.o(i.follow_path)
    i.font_init                              0x08006a20   Section        0  fontupd.o(i.font_init)
    i.fputc                                  0x08006a58   Section        0  usart.o(i.fputc)
    i.fupd_prog                              0x08006a7c   Section        0  fontupd.o(i.fupd_prog)
    i.get_fat                                0x08006af8   Section        0  ff.o(i.get_fat)
    i.get_fattime                            0x08006bb6   Section        0  diskio.o(i.get_fattime)
    i.get_ldnumber                           0x08006bba   Section        0  ff.o(i.get_ldnumber)
    get_ldnumber                             0x08006bbb   Thumb Code    60  ff.o(i.get_ldnumber)
    i.ld_clust                               0x08006bf6   Section        0  ff.o(i.ld_clust)
    ld_clust                                 0x08006bf7   Thumb Code    18  ff.o(i.ld_clust)
    i.main                                   0x08006c08   Section        0  main.o(i.main)
    i.mem_cpy                                0x08006de4   Section        0  ff.o(i.mem_cpy)
    mem_cpy                                  0x08006de5   Thumb Code    18  ff.o(i.mem_cpy)
    i.mem_free                               0x08006df8   Section        0  malloc.o(i.mem_free)
    i.mem_init                               0x08006e50   Section        0  malloc.o(i.mem_init)
    i.mem_malloc                             0x08006e8c   Section        0  malloc.o(i.mem_malloc)
    i.mem_perused                            0x08006f1c   Section        0  malloc.o(i.mem_perused)
    i.mem_set                                0x08006f54   Section        0  ff.o(i.mem_set)
    mem_set                                  0x08006f55   Thumb Code    14  ff.o(i.mem_set)
    i.move_window                            0x08006f62   Section        0  ff.o(i.move_window)
    move_window                              0x08006f63   Thumb Code    50  ff.o(i.move_window)
    i.myfree                                 0x08006f94   Section        0  malloc.o(i.myfree)
    i.mymalloc                               0x08006fac   Section        0  malloc.o(i.mymalloc)
    i.mymemset                               0x08006fcc   Section        0  malloc.o(i.mymemset)
    i.piclib_draw_hline                      0x08006fdc   Section        0  piclib.o(i.piclib_draw_hline)
    i.piclib_init                            0x08007004   Section        0  piclib.o(i.piclib_init)
    i.put_fat                                0x08007068   Section        0  ff.o(i.put_fat)
    i.remove_chain                           0x0800715c   Section        0  ff.o(i.remove_chain)
    remove_chain                             0x0800715d   Thumb Code    98  ff.o(i.remove_chain)
    i.st_clust                               0x080071be   Section        0  ff.o(i.st_clust)
    st_clust                                 0x080071bf   Thumb Code    16  ff.o(i.st_clust)
    i.sync_fs                                0x080071ce   Section        0  ff.o(i.sync_fs)
    sync_fs                                  0x080071cf   Thumb Code   176  ff.o(i.sync_fs)
    i.sync_window                            0x0800727e   Section        0  ff.o(i.sync_window)
    sync_window                              0x0800727f   Thumb Code    82  ff.o(i.sync_window)
    i.updata_fontx                           0x080072d0   Section        0  fontupd.o(i.updata_fontx)
    i.update_font                            0x080073a8   Section        0  fontupd.o(i.update_font)
    i.validate                               0x080074d4   Section        0  ff.o(i.validate)
    validate                                 0x080074d5   Thumb Code    34  ff.o(i.validate)
    .constdata                               0x080074f8   Section        4  system_stm32f10x.o(.constdata)
    .constdata                               0x080074fc   Section     2660  lcd.o(.constdata)
    .constdata                               0x08007f60   Section       24  malloc.o(.constdata)
    .conststring                             0x08007f78   Section      165  fontupd.o(.conststring)
    .data                                    0x20000000   Section        8  ff.o(.data)
    Fsid                                     0x20000000   Data           2  ff.o(.data)
    FatFs                                    0x20000004   Data           4  ff.o(.data)
    .data                                    0x20000008   Section        4  lcd.o(.data)
    .data                                    0x2000000c   Section       40  sdcard.o(.data)
    CardType                                 0x20000010   Data           4  sdcard.o(.data)
    RCA                                      0x20000014   Data           4  sdcard.o(.data)
    DeviceMode                               0x20000018   Data           4  sdcard.o(.data)
    TotalNumberOfBytes                       0x2000001c   Data           4  sdcard.o(.data)
    StopCondition                            0x20000020   Data           4  sdcard.o(.data)
    .data                                    0x20000034   Section        2  flash.o(.data)
    .data                                    0x20000038   Section        4  timer.o(.data)
    .data                                    0x2000003c   Section       12  usart.o(.data)
    .data                                    0x20000048   Section       28  malloc.o(.data)
    .data                                    0x20000064   Section       28  fontupd.o(.data)
    .data                                    0x20000080   Section        4  stdout.o(.data)
    .bss                                     0x20000084   Section     1108  jpg_create.o(.bss)
    .bss                                     0x200004d8   Section       68  piclib.o(.bss)
    .bss                                     0x2000051c   Section       14  lcd.o(.bss)
    .bss                                     0x2000052c   Section      100  sdcard.o(.bss)
    CSD_Tab                                  0x2000052c   Data          16  sdcard.o(.bss)
    CID_Tab                                  0x2000053c   Data          16  sdcard.o(.bss)
    .bss                                     0x20000590   Section     4096  flash.o(.bss)
    .bss                                     0x20001590   Section    10290  usart.o(.bss)
    .bss                                     0x20003dc4   Section    40960  malloc.o(.bss)
    .bss                                     0x2000ddc4   Section     2560  malloc.o(.bss)
    .bss                                     0x2000e7c4   Section       25  fontupd.o(.bss)
    STACK                                    0x2000e7e0   Section      512  startup_stm32f10x_hd.o(STACK)
    .ARM.__AT_0x68000000                     0x68000000   Section    196608  malloc.o(.ARM.__AT_0x68000000)
    .ARM.__AT_0x68030000                     0x68030000   Section    12288  malloc.o(.ARM.__AT_0x68030000)

    Global Symbols

    Symbol Name                              Value     Ov Type        Size  Object(Section)

    BuildAttributes$$THM_ISAv4$P$D$K$B$S$PE$A:L22UL41UL21$X:L11$S22US41US21$IEEE1$IW$USESV6$~STKCKD$USESV7$~SHL$OTIME$ROPI$IEEEX$EBA8$MICROLIB$REQ8$PRES8$EABIv2 0x00000000   Number         0  anon$$obj.o ABSOLUTE
    __ARM_use_no_argv                        0x00000000   Number         0  main.o ABSOLUTE
    _printf_a                                0x00000000   Number         0  stubs.o ABSOLUTE
    _printf_c                                0x00000000   Number         0  stubs.o ABSOLUTE
    _printf_charcount                        0x00000000   Number         0  stubs.o ABSOLUTE
    _printf_d                                0x00000000   Number         0  stubs.o ABSOLUTE
    _printf_e                                0x00000000   Number         0  stubs.o ABSOLUTE
    _printf_f                                0x00000000   Number         0  stubs.o ABSOLUTE
    _printf_flags                            0x00000000   Number         0  stubs.o ABSOLUTE
    _printf_fp_dec                           0x00000000   Number         0  stubs.o ABSOLUTE
    _printf_fp_hex                           0x00000000   Number         0  stubs.o ABSOLUTE
    _printf_g                                0x00000000   Number         0  stubs.o ABSOLUTE
    _printf_i                                0x00000000   Number         0  stubs.o ABSOLUTE
    _printf_int_dec                          0x00000000   Number         0  stubs.o ABSOLUTE
    _printf_l                                0x00000000   Number         0  stubs.o ABSOLUTE
    _printf_lc                               0x00000000   Number         0  stubs.o ABSOLUTE
    _printf_ll                               0x00000000   Number         0  stubs.o ABSOLUTE
    _printf_lld                              0x00000000   Number         0  stubs.o ABSOLUTE
    _printf_lli                              0x00000000   Number         0  stubs.o ABSOLUTE
    _printf_llo                              0x00000000   Number         0  stubs.o ABSOLUTE
    _printf_llu                              0x00000000   Number         0  stubs.o ABSOLUTE
    _printf_llx                              0x00000000   Number         0  stubs.o ABSOLUTE
    _printf_longlong_dec                     0x00000000   Number         0  stubs.o ABSOLUTE
    _printf_longlong_hex                     0x00000000   Number         0  stubs.o ABSOLUTE
    _printf_longlong_oct                     0x00000000   Number         0  stubs.o ABSOLUTE
    _printf_ls                               0x00000000   Number         0  stubs.o ABSOLUTE
    _printf_mbtowc                           0x00000000   Number         0  stubs.o ABSOLUTE
    _printf_n                                0x00000000   Number         0  stubs.o ABSOLUTE
    _printf_o                                0x00000000   Number         0  stubs.o ABSOLUTE
    _printf_p                                0x00000000   Number         0  stubs.o ABSOLUTE
    _printf_percent                          0x00000000   Number         0  stubs.o ABSOLUTE
    _printf_pre_padding                      0x00000000   Number         0  stubs.o ABSOLUTE
    _printf_return_value                     0x00000000   Number         0  stubs.o ABSOLUTE
    _printf_s                                0x00000000   Number         0  stubs.o ABSOLUTE
    _printf_sizespec                         0x00000000   Number         0  stubs.o ABSOLUTE
    _printf_str                              0x00000000   Number         0  stubs.o ABSOLUTE
    _printf_truncate_signed                  0x00000000   Number         0  stubs.o ABSOLUTE
    _printf_truncate_unsigned                0x00000000   Number         0  stubs.o ABSOLUTE
    _printf_u                                0x00000000   Number         0  stubs.o ABSOLUTE
    _printf_wc                               0x00000000   Number         0  stubs.o ABSOLUTE
    _printf_wctomb                           0x00000000   Number         0  stubs.o ABSOLUTE
    _printf_widthprec                        0x00000000   Number         0  stubs.o ABSOLUTE
    _printf_x                                0x00000000   Number         0  stubs.o ABSOLUTE
    __cpp_initialize__aeabi_                  - Undefined Weak Reference
    __cxa_finalize                            - Undefined Weak Reference
    __decompress                              - Undefined Weak Reference
    _clock_init                               - Undefined Weak Reference
    _microlib_exit                            - Undefined Weak Reference
    __Vectors_Size                           0x00000130   Number         0  startup_stm32f10x_hd.o ABSOLUTE
    __Vectors                                0x08000000   Data           4  startup_stm32f10x_hd.o(RESET)
    __Vectors_End                            0x08000130   Data           0  startup_stm32f10x_hd.o(RESET)
    __main                                   0x08000131   Thumb Code     0  entry.o(.ARM.Collect$$$$00000000)
    _main_stk                                0x08000131   Thumb Code     0  entry2.o(.ARM.Collect$$$$00000001)
    _main_scatterload                        0x08000135   Thumb Code     0  entry5.o(.ARM.Collect$$$$00000004)
    __main_after_scatterload                 0x08000139   Thumb Code     0  entry5.o(.ARM.Collect$$$$00000004)
    _main_clock                              0x08000139   Thumb Code     0  entry7b.o(.ARM.Collect$$$$00000008)
    _main_cpp_init                           0x08000139   Thumb Code     0  entry8b.o(.ARM.Collect$$$$0000000A)
    _main_init                               0x08000139   Thumb Code     0  entry9a.o(.ARM.Collect$$$$0000000B)
    __rt_final_cpp                           0x08000141   Thumb Code     0  entry10a.o(.ARM.Collect$$$$0000000D)
    __rt_final_exit                          0x08000141   Thumb Code     0  entry11a.o(.ARM.Collect$$$$0000000F)
    SystemInit_ExtMemCtl                     0x08000145   Thumb Code     2  startup_stm32f10x_hd.o(.text)
    Reset_Handler                            0x08000147   Thumb Code    14  startup_stm32f10x_hd.o(.text)
    ADC1_2_IRQHandler                        0x08000167   Thumb Code     0  startup_stm32f10x_hd.o(.text)
    ADC3_IRQHandler                          0x08000167   Thumb Code     0  startup_stm32f10x_hd.o(.text)
    CAN1_RX1_IRQHandler                      0x08000167   Thumb Code     0  startup_stm32f10x_hd.o(.text)
    CAN1_SCE_IRQHandler                      0x08000167   Thumb Code     0  startup_stm32f10x_hd.o(.text)
    DMA1_Channel1_IRQHandler                 0x08000167   Thumb Code     0  startup_stm32f10x_hd.o(.text)
    DMA1_Channel2_IRQHandler                 0x08000167   Thumb Code     0  startup_stm32f10x_hd.o(.text)
    DMA1_Channel3_IRQHandler                 0x08000167   Thumb Code     0  startup_stm32f10x_hd.o(.text)
    DMA1_Channel4_IRQHandler                 0x08000167   Thumb Code     0  startup_stm32f10x_hd.o(.text)
    DMA1_Channel5_IRQHandler                 0x08000167   Thumb Code     0  startup_stm32f10x_hd.o(.text)
    DMA1_Channel6_IRQHandler                 0x08000167   Thumb Code     0  startup_stm32f10x_hd.o(.text)
    DMA1_Channel7_IRQHandler                 0x08000167   Thumb Code     0  startup_stm32f10x_hd.o(.text)
    DMA2_Channel1_IRQHandler                 0x08000167   Thumb Code     0  startup_stm32f10x_hd.o(.text)
    DMA2_Channel2_IRQHandler                 0x08000167   Thumb Code     0  startup_stm32f10x_hd.o(.text)
    DMA2_Channel3_IRQHandler                 0x08000167   Thumb Code     0  startup_stm32f10x_hd.o(.text)
    DMA2_Channel4_5_IRQHandler               0x08000167   Thumb Code     0  startup_stm32f10x_hd.o(.text)
    EXTI0_IRQHandler                         0x08000167   Thumb Code     0  startup_stm32f10x_hd.o(.text)
    EXTI15_10_IRQHandler                     0x08000167   Thumb Code     0  startup_stm32f10x_hd.o(.text)
    EXTI1_IRQHandler                         0x08000167   Thumb Code     0  startup_stm32f10x_hd.o(.text)
    EXTI2_IRQHandler                         0x08000167   Thumb Code     0  startup_stm32f10x_hd.o(.text)
    EXTI3_IRQHandler                         0x08000167   Thumb Code     0  startup_stm32f10x_hd.o(.text)
    EXTI4_IRQHandler                         0x08000167   Thumb Code     0  startup_stm32f10x_hd.o(.text)
    EXTI9_5_IRQHandler                       0x08000167   Thumb Code     0  startup_stm32f10x_hd.o(.text)
    FLASH_IRQHandler                         0x08000167   Thumb Code     0  startup_stm32f10x_hd.o(.text)
    FSMC_IRQHandler                          0x08000167   Thumb Code     0  startup_stm32f10x_hd.o(.text)
    I2C1_ER_IRQHandler                       0x08000167   Thumb Code     0  startup_stm32f10x_hd.o(.text)
    I2C1_EV_IRQHandler                       0x08000167   Thumb Code     0  startup_stm32f10x_hd.o(.text)
    I2C2_ER_IRQHandler                       0x08000167   Thumb Code     0  startup_stm32f10x_hd.o(.text)
    I2C2_EV_IRQHandler                       0x08000167   Thumb Code     0  startup_stm32f10x_hd.o(.text)
    PVD_IRQHandler                           0x08000167   Thumb Code     0  startup_stm32f10x_hd.o(.text)
    RCC_IRQHandler                           0x08000167   Thumb Code     0  startup_stm32f10x_hd.o(.text)
    RTCAlarm_IRQHandler                      0x08000167   Thumb Code     0  startup_stm32f10x_hd.o(.text)
    RTC_IRQHandler                           0x08000167   Thumb Code     0  startup_stm32f10x_hd.o(.text)
    SPI1_IRQHandler                          0x08000167   Thumb Code     0  startup_stm32f10x_hd.o(.text)
    SPI2_IRQHandler                          0x08000167   Thumb Code     0  startup_stm32f10x_hd.o(.text)
    SPI3_IRQHandler                          0x08000167   Thumb Code     0  startup_stm32f10x_hd.o(.text)
    TAMPER_IRQHandler                        0x08000167   Thumb Code     0  startup_stm32f10x_hd.o(.text)
    TIM1_BRK_IRQHandler                      0x08000167   Thumb Code     0  startup_stm32f10x_hd.o(.text)
    TIM1_CC_IRQHandler                       0x08000167   Thumb Code     0  startup_stm32f10x_hd.o(.text)
    TIM1_TRG_COM_IRQHandler                  0x08000167   Thumb Code     0  startup_stm32f10x_hd.o(.text)
    TIM1_UP_IRQHandler                       0x08000167   Thumb Code     0  startup_stm32f10x_hd.o(.text)
    TIM2_IRQHandler                          0x08000167   Thumb Code     0  startup_stm32f10x_hd.o(.text)
    TIM3_IRQHandler                          0x08000167   Thumb Code     0  startup_stm32f10x_hd.o(.text)
    TIM4_IRQHandler                          0x08000167   Thumb Code     0  startup_stm32f10x_hd.o(.text)
    TIM5_IRQHandler                          0x08000167   Thumb Code     0  startup_stm32f10x_hd.o(.text)
    TIM6_IRQHandler                          0x08000167   Thumb Code     0  startup_stm32f10x_hd.o(.text)
    TIM7_IRQHandler                          0x08000167   Thumb Code     0  startup_stm32f10x_hd.o(.text)
    TIM8_BRK_IRQHandler                      0x08000167   Thumb Code     0  startup_stm32f10x_hd.o(.text)
    TIM8_CC_IRQHandler                       0x08000167   Thumb Code     0  startup_stm32f10x_hd.o(.text)
    TIM8_TRG_COM_IRQHandler                  0x08000167   Thumb Code     0  startup_stm32f10x_hd.o(.text)
    TIM8_UP_IRQHandler                       0x08000167   Thumb Code     0  startup_stm32f10x_hd.o(.text)
    UART4_IRQHandler                         0x08000167   Thumb Code     0  startup_stm32f10x_hd.o(.text)
    UART5_IRQHandler                         0x08000167   Thumb Code     0  startup_stm32f10x_hd.o(.text)
    USART3_IRQHandler                        0x08000167   Thumb Code     0  startup_stm32f10x_hd.o(.text)
    USBWakeUp_IRQHandler                     0x08000167   Thumb Code     0  startup_stm32f10x_hd.o(.text)
    USB_HP_CAN1_TX_IRQHandler                0x08000167   Thumb Code     0  startup_stm32f10x_hd.o(.text)
    USB_LP_CAN1_RX0_IRQHandler               0x08000167   Thumb Code     0  startup_stm32f10x_hd.o(.text)
    WWDG_IRQHandler                          0x08000167   Thumb Code     0  startup_stm32f10x_hd.o(.text)
    __aeabi_fmul                             0x08000175   Thumb Code   100  fmul.o(.text)
    __aeabi_fdiv                             0x080001d9   Thumb Code   124  fdiv.o(.text)
    __aeabi_dadd                             0x08000255   Thumb Code   322  dadd.o(.text)
    __aeabi_dsub                             0x08000397   Thumb Code     6  dadd.o(.text)
    __aeabi_drsub                            0x0800039d   Thumb Code     6  dadd.o(.text)
    __aeabi_dmul                             0x080003a3   Thumb Code   228  dmul.o(.text)
    __aeabi_ui2f                             0x08000487   Thumb Code    10  ffltui.o(.text)
    __aeabi_f2uiz                            0x08000491   Thumb Code    40  ffixui.o(.text)
    __aeabi_cdrcmple                         0x080004b9   Thumb Code    48  cdrcmple.o(.text)
    __aeabi_cfcmpeq                          0x080004e9   Thumb Code     0  cfcmple.o(.text)
    __aeabi_cfcmple                          0x080004e9   Thumb Code    20  cfcmple.o(.text)
    __aeabi_uidiv                            0x080004fd   Thumb Code     0  uidiv.o(.text)
    __aeabi_uidivmod                         0x080004fd   Thumb Code    44  uidiv.o(.text)
    __aeabi_uldivmod                         0x08000529   Thumb Code    98  uldiv.o(.text)
    __aeabi_llsl                             0x0800058b   Thumb Code    30  llshl.o(.text)
    _ll_shift_l                              0x0800058b   Thumb Code     0  llshl.o(.text)
    __aeabi_llsr                             0x080005a9   Thumb Code    32  llushr.o(.text)
    _ll_ushift_r                             0x080005a9   Thumb Code     0  llushr.o(.text)
    __aeabi_lasr                             0x080005c9   Thumb Code    36  llsshr.o(.text)
    _ll_sshift_r                             0x080005c9   Thumb Code     0  llsshr.o(.text)
    __I$use$fp                               0x080005ed   Thumb Code     0  iusefp.o(.text)
    _float_round                             0x080005ed   Thumb Code    18  fepilogue.o(.text)
    _float_epilogue                          0x080005ff   Thumb Code    92  fepilogue.o(.text)
    _double_round                            0x0800065b   Thumb Code    30  depilogue.o(.text)
    _double_epilogue                         0x08000679   Thumb Code   156  depilogue.o(.text)
    __aeabi_ddiv                             0x08000715   Thumb Code   222  ddiv.o(.text)
    __aeabi_d2ulz                            0x080007f3   Thumb Code    48  dfixul.o(.text)
    __scatterload                            0x08000825   Thumb Code    28  init.o(.text)
    __scatterload_rt2                        0x08000825   Thumb Code     0  init.o(.text)
    BusFault_Handler                         0x08000849   Thumb Code     2  stm32f10x_it.o(i.BusFault_Handler)
    DMA_ClearFlag                            0x080009d9   Thumb Code    16  stm32f10x_dma.o(i.DMA_ClearFlag)
    DMA_Cmd                                  0x080009f1   Thumb Code    20  stm32f10x_dma.o(i.DMA_Cmd)
    DMA_GetFlagStatus                        0x08000a05   Thumb Code    24  stm32f10x_dma.o(i.DMA_GetFlagStatus)
    DMA_Init                                 0x08000a25   Thumb Code    58  stm32f10x_dma.o(i.DMA_Init)
    DebugMon_Handler                         0x08000b1d   Thumb Code     2  stm32f10x_it.o(i.DebugMon_Handler)
    FSMC_NORSRAMCmd                          0x08000b21   Thumb Code    26  stm32f10x_fsmc.o(i.FSMC_NORSRAMCmd)
    FSMC_NORSRAMInit                         0x08000b41   Thumb Code   200  stm32f10x_fsmc.o(i.FSMC_NORSRAMInit)
    GPIO_Init                                0x08000c09   Thumb Code   162  stm32f10x_gpio.o(i.GPIO_Init)
    GPIO_ResetBits                           0x08000cab   Thumb Code     4  stm32f10x_gpio.o(i.GPIO_ResetBits)
    GPIO_SetBits                             0x08000caf   Thumb Code     4  stm32f10x_gpio.o(i.GPIO_SetBits)
    Get_HzMat                                0x08000cb5   Thumb Code   114  text.o(i.Get_HzMat)
    HardFault_Handler                        0x08000d2d   Thumb Code     2  stm32f10x_it.o(i.HardFault_Handler)
    LCD_BGR2RGB                              0x08000e7d   Thumb Code    18  lcd.o(i.LCD_BGR2RGB)
    LCD_Clear                                0x08000e91   Thumb Code    98  lcd.o(i.LCD_Clear)
    LCD_Display_Dir                          0x08000efd   Thumb Code   328  lcd.o(i.LCD_Display_Dir)
    LCD_DrawPoint                            0x08001049   Thumb Code    20  lcd.o(i.LCD_DrawPoint)
    LCD_Fast_DrawPoint                       0x08001065   Thumb Code   118  lcd.o(i.LCD_Fast_DrawPoint)
    LCD_Fill                                 0x080010e5   Thumb Code   132  lcd.o(i.LCD_Fill)
    LCD_Init                                 0x08001171   Thumb Code  8820  lcd.o(i.LCD_Init)
    LCD_Pow                                  0x080033e9   Thumb Code    16  lcd.o(i.LCD_Pow)
    LCD_ReadPoint                            0x080033f9   Thumb Code   212  lcd.o(i.LCD_ReadPoint)
    LCD_ReadReg                              0x080034d5   Thumb Code    20  lcd.o(i.LCD_ReadReg)
    LCD_Scan_Dir                             0x080034ed   Thumb Code   320  lcd.o(i.LCD_Scan_Dir)
    LCD_SetCursor                            0x08003635   Thumb Code   114  lcd.o(i.LCD_SetCursor)
    LCD_Set_Window                           0x080036b1   Thumb Code   206  lcd.o(i.LCD_Set_Window)
    LCD_ShowChar                             0x08003789   Thumb Code   286  lcd.o(i.LCD_ShowChar)
    LCD_ShowNum                              0x080038b9   Thumb Code   118  lcd.o(i.LCD_ShowNum)
    LCD_ShowString                           0x0800392f   Thumb Code    84  lcd.o(i.LCD_ShowString)
    LCD_WriteRAM                             0x08003985   Thumb Code     6  lcd.o(i.LCD_WriteRAM)
    LCD_WriteRAM_Prepare                     0x08003991   Thumb Code    10  lcd.o(i.LCD_WriteRAM_Prepare)
    LCD_WriteReg                             0x080039a5   Thumb Code    10  lcd.o(i.LCD_WriteReg)
    MemManage_Handler                        0x080039b5   Thumb Code     2  stm32f10x_it.o(i.MemManage_Handler)
    MountSD                                  0x080039b9   Thumb Code    22  jpg_create.o(i.MountSD)
    NMI_Handler                              0x080039d9   Thumb Code     2  stm32f10x_it.o(i.NMI_Handler)
    NVIC_Init                                0x080039dd   Thumb Code    94  misc.o(i.NVIC_Init)
    NVIC_PriorityGroupConfig                 0x08003a41   Thumb Code    10  misc.o(i.NVIC_PriorityGroupConfig)
    PendSV_Handler                           0x08003a55   Thumb Code     2  stm32f10x_it.o(i.PendSV_Handler)
    RCC_AHBPeriphClockCmd                    0x08003a59   Thumb Code    18  stm32f10x_rcc.o(i.RCC_AHBPeriphClockCmd)
    RCC_APB1PeriphClockCmd                   0x08003a71   Thumb Code    18  stm32f10x_rcc.o(i.RCC_APB1PeriphClockCmd)
    RCC_APB2PeriphClockCmd                   0x08003a89   Thumb Code    18  stm32f10x_rcc.o(i.RCC_APB2PeriphClockCmd)
    SDIO_ClearFlag                           0x08003aa1   Thumb Code     6  stm32f10x_sdio.o(i.SDIO_ClearFlag)
    SDIO_ClearITPendingBit                   0x08003aad   Thumb Code     6  stm32f10x_sdio.o(i.SDIO_ClearITPendingBit)
    SDIO_ClockCmd                            0x08003ab9   Thumb Code     8  stm32f10x_sdio.o(i.SDIO_ClockCmd)
    SDIO_DMACmd                              0x08003ac5   Thumb Code     6  stm32f10x_sdio.o(i.SDIO_DMACmd)
    SDIO_DataConfig                          0x08003ad1   Thumb Code    38  stm32f10x_sdio.o(i.SDIO_DataConfig)
    SDIO_DeInit                              0x08003afd   Thumb Code    26  stm32f10x_sdio.o(i.SDIO_DeInit)
    SDIO_GetCommandResponse                  0x08003b21   Thumb Code     8  stm32f10x_sdio.o(i.SDIO_GetCommandResponse)
    SDIO_GetFlagStatus                       0x08003b2d   Thumb Code    16  stm32f10x_sdio.o(i.SDIO_GetFlagStatus)
    SDIO_GetITStatus                         0x08003b41   Thumb Code    16  stm32f10x_sdio.o(i.SDIO_GetITStatus)
    SDIO_GetPowerState                       0x08003b55   Thumb Code    10  stm32f10x_sdio.o(i.SDIO_GetPowerState)
    SDIO_GetResponse                         0x08003b65   Thumb Code     8  stm32f10x_sdio.o(i.SDIO_GetResponse)
    SDIO_IRQHandler                          0x08003b71   Thumb Code     4  stm32f10x_it.o(i.SDIO_IRQHandler)
    SDIO_ITConfig                            0x08003b75   Thumb Code    18  stm32f10x_sdio.o(i.SDIO_ITConfig)
    SDIO_Init                                0x08003b8d   Thumb Code    40  stm32f10x_sdio.o(i.SDIO_Init)
    SDIO_ReadData                            0x08003bb9   Thumb Code     8  stm32f10x_sdio.o(i.SDIO_ReadData)
    SDIO_SendCommand                         0x08003bc5   Thumb Code    34  stm32f10x_sdio.o(i.SDIO_SendCommand)
    SDIO_SetPowerState                       0x08003bed   Thumb Code    18  stm32f10x_sdio.o(i.SDIO_SetPowerState)
    SDIO_WriteData                           0x08003c05   Thumb Code     8  stm32f10x_sdio.o(i.SDIO_WriteData)
    SD_GetCardInfo                           0x08003c11   Thumb Code   574  sdcard.o(i.SD_GetCardInfo)
    SD_GetStatus                             0x08003e59   Thumb Code    46  sdcard.o(i.SD_GetStatus)
    SD_Init                                  0x08003e89   Thumb Code   196  sdcard.o(i.SD_Init)
    SD_InitializeCards                       0x08003f5d   Thumb Code   254  sdcard.o(i.SD_InitializeCards)
    SD_PowerON                               0x08004065   Thumb Code   402  sdcard.o(i.SD_PowerON)
    SD_ProcessIRQSrc                         0x08004209   Thumb Code   406  sdcard.o(i.SD_ProcessIRQSrc)
    SD_ReadBlock                             0x080043a5   Thumb Code   498  sdcard.o(i.SD_ReadBlock)
    SD_ReadMultiBlocks                       0x080045ad   Thumb Code   584  sdcard.o(i.SD_ReadMultiBlocks)
    SD_SelectDeselect                        0x08004809   Thumb Code    40  sdcard.o(i.SD_SelectDeselect)
    SD_SetDeviceMode                         0x08004835   Thumb Code    24  sdcard.o(i.SD_SetDeviceMode)
    SD_StopTransfer                          0x08004851   Thumb Code    36  sdcard.o(i.SD_StopTransfer)
    SD_WriteBlock                            0x08004879   Thumb Code   700  sdcard.o(i.SD_WriteBlock)
    SD_WriteMultiBlocks                      0x08004b49   Thumb Code   768  sdcard.o(i.SD_WriteMultiBlocks)
    SPI2_Init                                0x08004e5d   Thumb Code   138  spi.o(i.SPI2_Init)
    SPI2_ReadWriteByte                       0x08004ef1   Thumb Code    76  spi.o(i.SPI2_ReadWriteByte)
    SPI2_SetSpeed                            0x08004f41   Thumb Code    24  spi.o(i.SPI2_SetSpeed)
    SPI_Cmd                                  0x08004f5d   Thumb Code    20  stm32f10x_spi.o(i.SPI_Cmd)
    SPI_FLASH_Write_Enable                   0x08004f71   Thumb Code    34  flash.o(i.SPI_FLASH_Write_Enable)
    SPI_Flash_Erase_Sector                   0x08004f99   Thumb Code    70  flash.o(i.SPI_Flash_Erase_Sector)
    SPI_Flash_Init                           0x08004fe5   Thumb Code   118  flash.o(i.SPI_Flash_Init)
    SPI_Flash_Read                           0x0800506d   Thumb Code    86  flash.o(i.SPI_Flash_Read)
    SPI_Flash_ReadID                         0x080050c9   Thumb Code    72  flash.o(i.SPI_Flash_ReadID)
    SPI_Flash_ReadSR                         0x08005115   Thumb Code    42  flash.o(i.SPI_Flash_ReadSR)
    SPI_Flash_Wait_Busy                      0x08005145   Thumb Code    14  flash.o(i.SPI_Flash_Wait_Busy)
    SPI_Flash_Write                          0x08005155   Thumb Code   152  flash.o(i.SPI_Flash_Write)
    SPI_Flash_Write_NoCheck                  0x080051f1   Thumb Code    62  flash.o(i.SPI_Flash_Write_NoCheck)
    SPI_Flash_Write_Page                     0x08005231   Thumb Code    92  flash.o(i.SPI_Flash_Write_Page)
    SPI_I2S_GetFlagStatus                    0x08005291   Thumb Code    14  stm32f10x_spi.o(i.SPI_I2S_GetFlagStatus)
    SPI_I2S_ReceiveData                      0x0800529f   Thumb Code     4  stm32f10x_spi.o(i.SPI_I2S_ReceiveData)
    SPI_I2S_SendData                         0x080052a3   Thumb Code     4  stm32f10x_spi.o(i.SPI_I2S_SendData)
    SPI_Init                                 0x080052a7   Thumb Code    56  stm32f10x_spi.o(i.SPI_Init)
    SVC_Handler                              0x080052df   Thumb Code     2  stm32f10x_it.o(i.SVC_Handler)
    Show_Font                                0x08005389   Thumb Code   236  text.o(i.Show_Font)
    Show_Str                                 0x0800547d   Thumb Code   146  text.o(i.Show_Str)
    SysTick_Handler                          0x08005511   Thumb Code    10  stm32f10x_it.o(i.SysTick_Handler)
    SystemInit                               0x08005521   Thumb Code    50  system_stm32f10x.o(i.SystemInit)
    USART1_IRQHandler                        0x08005561   Thumb Code     2  usart.o(i.USART1_IRQHandler)
    USART2_IRQHandler                        0x08005565   Thumb Code   136  usart.o(i.USART2_IRQHandler)
    USART_ClearFlag                          0x080055f9   Thumb Code     6  stm32f10x_usart.o(i.USART_ClearFlag)
    USART_GetFlagStatus                      0x080055ff   Thumb Code    14  stm32f10x_usart.o(i.USART_GetFlagStatus)
    USART_GetITStatus                        0x0800560d   Thumb Code    62  stm32f10x_usart.o(i.USART_GetITStatus)
    USART_ReceiveData                        0x0800564b   Thumb Code     8  stm32f10x_usart.o(i.USART_ReceiveData)
    USART_SendData                           0x08005653   Thumb Code     8  stm32f10x_usart.o(i.USART_SendData)
    UsageFault_Handler                       0x0800565b   Thumb Code     2  stm32f10x_it.o(i.UsageFault_Handler)
    __0printf                                0x0800565d   Thumb Code    22  printfa.o(i.__0printf)
    __1printf                                0x0800565d   Thumb Code     0  printfa.o(i.__0printf)
    __2printf                                0x0800565d   Thumb Code     0  printfa.o(i.__0printf)
    __c89printf                              0x0800565d   Thumb Code     0  printfa.o(i.__0printf)
    printf                                   0x0800565d   Thumb Code     0  printfa.o(i.__0printf)
    __scatterload_copy                       0x0800567d   Thumb Code    14  handlers.o(i.__scatterload_copy)
    __scatterload_null                       0x0800568b   Thumb Code     2  handlers.o(i.__scatterload_null)
    __scatterload_zeroinit                   0x0800568d   Thumb Code    14  handlers.o(i.__scatterload_zeroinit)
    clust2sect                               0x08005f8d   Thumb Code    24  ff.o(i.clust2sect)
    delay_nms                                0x0800617d   Thumb Code    22  delay.o(i.delay_nms)
    delay_nus                                0x08006193   Thumb Code    18  delay.o(i.delay_nus)
    disk_initialize                          0x0800636f   Thumb Code     4  diskio.o(i.disk_initialize)
    disk_ioctl                               0x08006373   Thumb Code     4  diskio.o(i.disk_ioctl)
    disk_read                                0x08006377   Thumb Code    26  diskio.o(i.disk_read)
    disk_status                              0x08006391   Thumb Code     4  diskio.o(i.disk_status)
    disk_write                               0x08006395   Thumb Code    26  diskio.o(i.disk_write)
    f_close                                  0x080063af   Thumb Code    28  ff.o(i.f_close)
    f_mount                                  0x080063cd   Thumb Code    72  ff.o(i.f_mount)
    f_open                                   0x08006419   Thumb Code   320  ff.o(i.f_open)
    f_read                                   0x08006559   Thumb Code   330  ff.o(i.f_read)
    f_sync                                   0x080066a3   Thumb Code   152  ff.o(i.f_sync)
    font_init                                0x08006a21   Thumb Code    44  fontupd.o(i.font_init)
    fputc                                    0x08006a59   Thumb Code    30  usart.o(i.fputc)
    fupd_prog                                0x08006a7d   Thumb Code   110  fontupd.o(i.fupd_prog)
    get_fat                                  0x08006af9   Thumb Code   190  ff.o(i.get_fat)
    get_fattime                              0x08006bb7   Thumb Code     4  diskio.o(i.get_fattime)
    main                                     0x08006c09   Thumb Code   336  main.o(i.main)
    mem_free                                 0x08006df9   Thumb Code    78  malloc.o(i.mem_free)
    mem_init                                 0x08006e51   Thumb Code    50  malloc.o(i.mem_init)
    mem_malloc                               0x08006e8d   Thumb Code   136  malloc.o(i.mem_malloc)
    mem_perused                              0x08006f1d   Thumb Code    48  malloc.o(i.mem_perused)
    myfree                                   0x08006f95   Thumb Code    20  malloc.o(i.myfree)
    mymalloc                                 0x08006fad   Thumb Code    28  malloc.o(i.mymalloc)
    mymemset                                 0x08006fcd   Thumb Code    14  malloc.o(i.mymemset)
    piclib_draw_hline                        0x08006fdd   Thumb Code    36  piclib.o(i.piclib_draw_hline)
    piclib_init                              0x08007005   Thumb Code    64  piclib.o(i.piclib_init)
    put_fat                                  0x08007069   Thumb Code   244  ff.o(i.put_fat)
    updata_fontx                             0x080072d1   Thumb Code   208  fontupd.o(i.updata_fontx)
    update_font                              0x080073a9   Thumb Code   224  fontupd.o(i.update_font)
    SystemFrequency                          0x080074f8   Data           4  system_stm32f10x.o(.constdata)
    asc2_1206                                0x080074fc   Data        1140  lcd.o(.constdata)
    asc2_1608                                0x08007970   Data        1520  lcd.o(.constdata)
    memtblsize                               0x08007f60   Data           8  malloc.o(.constdata)
    memblksize                               0x08007f68   Data           8  malloc.o(.constdata)
    memsize                                  0x08007f70   Data           8  malloc.o(.constdata)
    Region$$Table$$Base                      0x08008020   Number         0  anon$$obj.o(Region$$Table)
    Region$$Table$$Limit                     0x08008040   Number         0  anon$$obj.o(Region$$Table)
    POINT_COLOR                              0x20000008   Data           2  lcd.o(.data)
    BACK_COLOR                               0x2000000a   Data           2  lcd.o(.data)
    TransferError                            0x2000000c   Data           1  sdcard.o(.data)
    TransferEnd                              0x20000024   Data           4  sdcard.o(.data)
    NumberOfBytes                            0x20000028   Data           4  sdcard.o(.data)
    SrcBuffer                                0x2000002c   Data           4  sdcard.o(.data)
    DestBuffer                               0x20000030   Data           4  sdcard.o(.data)
    SPI_FLASH_TYPE                           0x20000034   Data           2  flash.o(.data)
    SystemTick                               0x20000038   Data           4  timer.o(.data)
    g_cStartRecvMsg                          0x2000003c   Data           1  usart.o(.data)
    p1                                       0x20000040   Data           4  usart.o(.data)
    g_uRecvBufIndex                          0x20000044   Data           4  usart.o(.data)
    mallco_dev                               0x20000048   Data          28  malloc.o(.data)
    FONTINFOADDR                             0x20000064   Data           4  fontupd.o(.data)
    GBK16_SDPATH                             0x20000068   Data           4  fontupd.o(.data)
    GBK12_SDPATH                             0x2000006c   Data           4  fontupd.o(.data)
    UNIGBK_SDPATH                            0x20000070   Data           4  fontupd.o(.data)
    GBK16_25QPATH                            0x20000074   Data           4  fontupd.o(.data)
    GBK12_25QPATH                            0x20000078   Data           4  fontupd.o(.data)
    UNIGBK_25QPATH                           0x2000007c   Data           4  fontupd.o(.data)
    __stdout                                 0x20000080   Data           4  stdout.o(.data)
    fs                                       0x20000084   Data         560  jpg_create.o(.bss)
    fsrc                                     0x200002b4   Data         548  jpg_create.o(.bss)
    picinfo                                  0x200004d8   Data          40  piclib.o(.bss)
    pic_phy                                  0x20000500   Data          28  piclib.o(.bss)
    lcddev                                   0x2000051c   Data          14  lcd.o(.bss)
    SDIO_InitStructure                       0x2000054c   Data          24  sdcard.o(.bss)
    SDIO_CmdInitStructure                    0x20000564   Data          20  sdcard.o(.bss)
    SDIO_DataInitStructure                   0x20000578   Data          24  sdcard.o(.bss)
    SPI_FLASH_BUF                            0x20000590   Data        4096  flash.o(.bss)
    Uart2Buf                                 0x20001590   Data          50  usart.o(.bss)
    RecvBuf                                  0x200015c2   Data       10240  usart.o(.bss)
    mem1base                                 0x20003dc4   Data       40960  malloc.o(.bss)
    mem1mapbase                              0x2000ddc4   Data        2560  malloc.o(.bss)
    ftinfo                                   0x2000e7c4   Data          25  fontupd.o(.bss)
    __initial_sp                             0x2000e9e0   Data           0  startup_stm32f10x_hd.o(STACK)
    mem2base                                 0x68000000   Data       196608  malloc.o(.ARM.__AT_0x68000000)
    mem2mapbase                              0x68030000   Data       12288  malloc.o(.ARM.__AT_0x68030000)



==============================================================================

Memory Map of the image

  Image Entry point : 0x08000131

  Load Region LR_IROM1 (Base: 0x08000000, Size: 0x000080c4, Max: 0x00080000, ABSOLUTE)

    Execution Region ER_IROM1 (Base: 0x08000000, Size: 0x00008040, Max: 0x00080000, ABSOLUTE)

    Base Addr    Size         Type   Attr      Idx    E Section Name        Object

    0x08000000   0x00000130   Data   RO         2008    RESET               startup_stm32f10x_hd.o
    0x08000130   0x00000000   Code   RO         4154  * .ARM.Collect$$$$00000000  mc_w.l(entry.o)
    0x08000130   0x00000004   Code   RO         4489    .ARM.Collect$$$$00000001  mc_w.l(entry2.o)
    0x08000134   0x00000004   Code   RO         4492    .ARM.Collect$$$$00000004  mc_w.l(entry5.o)
    0x08000138   0x00000000   Code   RO         4494    .ARM.Collect$$$$00000008  mc_w.l(entry7b.o)
    0x08000138   0x00000000   Code   RO         4496    .ARM.Collect$$$$0000000A  mc_w.l(entry8b.o)
    0x08000138   0x00000008   Code   RO         4497    .ARM.Collect$$$$0000000B  mc_w.l(entry9a.o)
    0x08000140   0x00000000   Code   RO         4499    .ARM.Collect$$$$0000000D  mc_w.l(entry10a.o)
    0x08000140   0x00000000   Code   RO         4501    .ARM.Collect$$$$0000000F  mc_w.l(entry11a.o)
    0x08000140   0x00000004   Code   RO         4490    .ARM.Collect$$$$00002712  mc_w.l(entry2.o)
    0x08000144   0x00000030   Code   RO         2009    .text               startup_stm32f10x_hd.o
    0x08000174   0x00000064   Code   RO         4438    .text               mf_w.l(fmul.o)
    0x080001d8   0x0000007c   Code   RO         4440    .text               mf_w.l(fdiv.o)
    0x08000254   0x0000014e   Code   RO         4444    .text               mf_w.l(dadd.o)
    0x080003a2   0x000000e4   Code   RO         4446    .text               mf_w.l(dmul.o)
    0x08000486   0x0000000a   Code   RO         4448    .text               mf_w.l(ffltui.o)
    0x08000490   0x00000028   Code   RO         4452    .text               mf_w.l(ffixui.o)
    0x080004b8   0x00000030   Code   RO         4460    .text               mf_w.l(cdrcmple.o)
    0x080004e8   0x00000014   Code   RO         4462    .text               mf_w.l(cfcmple.o)
    0x080004fc   0x0000002c   Code   RO         4504    .text               mc_w.l(uidiv.o)
    0x08000528   0x00000062   Code   RO         4506    .text               mc_w.l(uldiv.o)
    0x0800058a   0x0000001e   Code   RO         4508    .text               mc_w.l(llshl.o)
    0x080005a8   0x00000020   Code   RO         4510    .text               mc_w.l(llushr.o)
    0x080005c8   0x00000024   Code   RO         4512    .text               mc_w.l(llsshr.o)
    0x080005ec   0x00000000   Code   RO         4521    .text               mc_w.l(iusefp.o)
    0x080005ec   0x0000006e   Code   RO         4522    .text               mf_w.l(fepilogue.o)
    0x0800065a   0x000000ba   Code   RO         4524    .text               mf_w.l(depilogue.o)
    0x08000714   0x000000de   Code   RO         4526    .text               mf_w.l(ddiv.o)
    0x080007f2   0x00000030   Code   RO         4530    .text               mf_w.l(dfixul.o)
    0x08000822   0x00000002   PAD
    0x08000824   0x00000024   Code   RO         4532    .text               mc_w.l(init.o)
    0x08000848   0x00000002   Code   RO          145    i.BusFault_Handler  stm32f10x_it.o
    0x0800084a   0x00000002   PAD
    0x0800084c   0x000000e8   Code   RO         2846    i.CmdResp1Error     sdcard.o
    0x08000934   0x00000034   Code   RO         2847    i.CmdResp2Error     sdcard.o
    0x08000968   0x00000070   Code   RO         2848    i.CmdResp6Error     sdcard.o
    0x080009d8   0x00000018   Code   RO         1123    i.DMA_ClearFlag     stm32f10x_dma.o
    0x080009f0   0x00000014   Code   RO         1125    i.DMA_Cmd           stm32f10x_dma.o
    0x08000a04   0x00000020   Code   RO         1128    i.DMA_GetFlagStatus  stm32f10x_dma.o
    0x08000a24   0x0000003a   Code   RO         1131    i.DMA_Init          stm32f10x_dma.o
    0x08000a5e   0x00000002   PAD
    0x08000a60   0x0000005c   Code   RO         2849    i.DMA_RxConfiguration  sdcard.o
    0x08000abc   0x00000060   Code   RO         2850    i.DMA_TxConfiguration  sdcard.o
    0x08000b1c   0x00000002   Code   RO          146    i.DebugMon_Handler  stm32f10x_it.o
    0x08000b1e   0x00000002   PAD
    0x08000b20   0x00000020   Code   RO         1200    i.FSMC_NORSRAMCmd   stm32f10x_fsmc.o
    0x08000b40   0x000000c8   Code   RO         1202    i.FSMC_NORSRAMInit  stm32f10x_fsmc.o
    0x08000c08   0x000000a2   Code   RO          463    i.GPIO_Init         stm32f10x_gpio.o
    0x08000caa   0x00000004   Code   RO          470    i.GPIO_ResetBits    stm32f10x_gpio.o
    0x08000cae   0x00000004   Code   RO          471    i.GPIO_SetBits      stm32f10x_gpio.o
    0x08000cb2   0x00000002   PAD
    0x08000cb4   0x00000078   Code   RO         3939    i.Get_HzMat         text.o
    0x08000d2c   0x00000002   Code   RO          147    i.HardFault_Handler  stm32f10x_it.o
    0x08000d2e   0x00000002   PAD
    0x08000d30   0x0000014c   Code   RO         2852    i.IsCardProgramming  sdcard.o
    0x08000e7c   0x00000012   Code   RO         2656    i.LCD_BGR2RGB       lcd.o
    0x08000e8e   0x00000002   PAD
    0x08000e90   0x0000006c   Code   RO         2657    i.LCD_Clear         lcd.o
    0x08000efc   0x0000014c   Code   RO         2661    i.LCD_Display_Dir   lcd.o
    0x08001048   0x0000001c   Code   RO         2663    i.LCD_DrawPoint     lcd.o
    0x08001064   0x00000080   Code   RO         2665    i.LCD_Fast_DrawPoint  lcd.o
    0x080010e4   0x0000008c   Code   RO         2666    i.LCD_Fill          lcd.o
    0x08001170   0x00002278   Code   RO         2667    i.LCD_Init          lcd.o
    0x080033e8   0x00000010   Code   RO         2668    i.LCD_Pow           lcd.o
    0x080033f8   0x000000dc   Code   RO         2670    i.LCD_ReadPoint     lcd.o
    0x080034d4   0x00000018   Code   RO         2671    i.LCD_ReadReg       lcd.o
    0x080034ec   0x00000148   Code   RO         2672    i.LCD_Scan_Dir      lcd.o
    0x08003634   0x0000007c   Code   RO         2673    i.LCD_SetCursor     lcd.o
    0x080036b0   0x000000d8   Code   RO         2674    i.LCD_Set_Window    lcd.o
    0x08003788   0x00000130   Code   RO         2675    i.LCD_ShowChar      lcd.o
    0x080038b8   0x00000076   Code   RO         2676    i.LCD_ShowNum       lcd.o
    0x0800392e   0x00000054   Code   RO         2677    i.LCD_ShowString    lcd.o
    0x08003982   0x00000002   PAD
    0x08003984   0x0000000c   Code   RO         2681    i.LCD_WriteRAM      lcd.o
    0x08003990   0x00000014   Code   RO         2682    i.LCD_WriteRAM_Prepare  lcd.o
    0x080039a4   0x00000010   Code   RO         2683    i.LCD_WriteReg      lcd.o
    0x080039b4   0x00000002   Code   RO          148    i.MemManage_Handler  stm32f10x_it.o
    0x080039b6   0x00000002   PAD
    0x080039b8   0x00000020   Code   RO         2356    i.MountSD           jpg_create.o
    0x080039d8   0x00000002   Code   RO          149    i.NMI_Handler       stm32f10x_it.o
    0x080039da   0x00000002   PAD
    0x080039dc   0x00000064   Code   RO          422    i.NVIC_Init         misc.o
    0x08003a40   0x00000014   Code   RO          423    i.NVIC_PriorityGroupConfig  misc.o
    0x08003a54   0x00000002   Code   RO          150    i.PendSV_Handler    stm32f10x_it.o
    0x08003a56   0x00000002   PAD
    0x08003a58   0x00000018   Code   RO          567    i.RCC_AHBPeriphClockCmd  stm32f10x_rcc.o
    0x08003a70   0x00000018   Code   RO          568    i.RCC_APB1PeriphClockCmd  stm32f10x_rcc.o
    0x08003a88   0x00000018   Code   RO          570    i.RCC_APB2PeriphClockCmd  stm32f10x_rcc.o
    0x08003aa0   0x0000000c   Code   RO          938    i.SDIO_ClearFlag    stm32f10x_sdio.o
    0x08003aac   0x0000000c   Code   RO          939    i.SDIO_ClearITPendingBit  stm32f10x_sdio.o
    0x08003ab8   0x0000000c   Code   RO          940    i.SDIO_ClockCmd     stm32f10x_sdio.o
    0x08003ac4   0x0000000c   Code   RO          943    i.SDIO_DMACmd       stm32f10x_sdio.o
    0x08003ad0   0x0000002c   Code   RO          944    i.SDIO_DataConfig   stm32f10x_sdio.o
    0x08003afc   0x00000024   Code   RO          946    i.SDIO_DeInit       stm32f10x_sdio.o
    0x08003b20   0x0000000c   Code   RO          947    i.SDIO_GetCommandResponse  stm32f10x_sdio.o
    0x08003b2c   0x00000014   Code   RO          950    i.SDIO_GetFlagStatus  stm32f10x_sdio.o
    0x08003b40   0x00000014   Code   RO          951    i.SDIO_GetITStatus  stm32f10x_sdio.o
    0x08003b54   0x00000010   Code   RO          952    i.SDIO_GetPowerState  stm32f10x_sdio.o
    0x08003b64   0x0000000c   Code   RO          953    i.SDIO_GetResponse  stm32f10x_sdio.o
    0x08003b70   0x00000004   Code   RO          151    i.SDIO_IRQHandler   stm32f10x_it.o
    0x08003b74   0x00000018   Code   RO          954    i.SDIO_ITConfig     stm32f10x_sdio.o
    0x08003b8c   0x0000002c   Code   RO          955    i.SDIO_Init         stm32f10x_sdio.o
    0x08003bb8   0x0000000c   Code   RO          956    i.SDIO_ReadData     stm32f10x_sdio.o
    0x08003bc4   0x00000028   Code   RO          958    i.SDIO_SendCommand  stm32f10x_sdio.o
    0x08003bec   0x00000018   Code   RO          960    i.SDIO_SetPowerState  stm32f10x_sdio.o
    0x08003c04   0x0000000c   Code   RO          966    i.SDIO_WriteData    stm32f10x_sdio.o
    0x08003c10   0x00000248   Code   RO         2856    i.SD_GetCardInfo    sdcard.o
    0x08003e58   0x0000002e   Code   RO         2857    i.SD_GetStatus      sdcard.o
    0x08003e86   0x00000002   PAD
    0x08003e88   0x000000d4   Code   RO         2859    i.SD_Init           sdcard.o
    0x08003f5c   0x00000108   Code   RO         2860    i.SD_InitializeCards  sdcard.o
    0x08004064   0x000001a4   Code   RO         2862    i.SD_PowerON        sdcard.o
    0x08004208   0x0000019c   Code   RO         2863    i.SD_ProcessIRQSrc  sdcard.o
    0x080043a4   0x00000208   Code   RO         2864    i.SD_ReadBlock      sdcard.o
    0x080045ac   0x0000025c   Code   RO         2865    i.SD_ReadMultiBlocks  sdcard.o
    0x08004808   0x0000002c   Code   RO         2866    i.SD_SelectDeselect  sdcard.o
    0x08004834   0x0000001c   Code   RO         2869    i.SD_SetDeviceMode  sdcard.o
    0x08004850   0x00000028   Code   RO         2870    i.SD_StopTransfer   sdcard.o
    0x08004878   0x000002d0   Code   RO         2871    i.SD_WriteBlock     sdcard.o
    0x08004b48   0x00000314   Code   RO         2872    i.SD_WriteMultiBlocks  sdcard.o
    0x08004e5c   0x00000094   Code   RO         3237    i.SPI2_Init         spi.o
    0x08004ef0   0x00000050   Code   RO         3238    i.SPI2_ReadWriteByte  spi.o
    0x08004f40   0x0000001c   Code   RO         3239    i.SPI2_SetSpeed     spi.o
    0x08004f5c   0x00000014   Code   RO         1853    i.SPI_Cmd           stm32f10x_spi.o
    0x08004f70   0x00000028   Code   RO         3135    i.SPI_FLASH_Write_Enable  flash.o
    0x08004f98   0x0000004c   Code   RO         3138    i.SPI_Flash_Erase_Sector  flash.o
    0x08004fe4   0x00000088   Code   RO         3139    i.SPI_Flash_Init    flash.o
    0x0800506c   0x0000005c   Code   RO         3141    i.SPI_Flash_Read    flash.o
    0x080050c8   0x0000004c   Code   RO         3142    i.SPI_Flash_ReadID  flash.o
    0x08005114   0x00000030   Code   RO         3143    i.SPI_Flash_ReadSR  flash.o
    0x08005144   0x0000000e   Code   RO         3145    i.SPI_Flash_Wait_Busy  flash.o
    0x08005152   0x00000002   PAD
    0x08005154   0x0000009c   Code   RO         3146    i.SPI_Flash_Write   flash.o
    0x080051f0   0x0000003e   Code   RO         3147    i.SPI_Flash_Write_NoCheck  flash.o
    0x0800522e   0x00000002   PAD
    0x08005230   0x00000060   Code   RO         3148    i.SPI_Flash_Write_Page  flash.o
    0x08005290   0x0000000e   Code   RO         1861    i.SPI_I2S_GetFlagStatus  stm32f10x_spi.o
    0x0800529e   0x00000004   Code   RO         1864    i.SPI_I2S_ReceiveData  stm32f10x_spi.o
    0x080052a2   0x00000004   Code   RO         1865    i.SPI_I2S_SendData  stm32f10x_spi.o
    0x080052a6   0x00000038   Code   RO         1866    i.SPI_Init          stm32f10x_spi.o
    0x080052de   0x00000002   Code   RO          152    i.SVC_Handler       stm32f10x_it.o
    0x080052e0   0x000000a8   Code   RO          246    i.SetSysClockTo72   system_stm32f10x.o
    0x08005388   0x000000f4   Code   RO         3940    i.Show_Font         text.o
    0x0800547c   0x00000092   Code   RO         3941    i.Show_Str          text.o
    0x0800550e   0x00000002   PAD
    0x08005510   0x00000010   Code   RO          153    i.SysTick_Handler   stm32f10x_it.o
    0x08005520   0x00000040   Code   RO          247    i.SystemInit        system_stm32f10x.o
    0x08005560   0x00000002   Code   RO         3307    i.USART1_IRQHandler  usart.o
    0x08005562   0x00000002   PAD
    0x08005564   0x00000094   Code   RO         3308    i.USART2_IRQHandler  usart.o
    0x080055f8   0x00000006   Code   RO          766    i.USART_ClearFlag   stm32f10x_usart.o
    0x080055fe   0x0000000e   Code   RO          773    i.USART_GetFlagStatus  stm32f10x_usart.o
    0x0800560c   0x0000003e   Code   RO          774    i.USART_GetITStatus  stm32f10x_usart.o
    0x0800564a   0x00000008   Code   RO          782    i.USART_ReceiveData  stm32f10x_usart.o
    0x08005652   0x00000008   Code   RO          785    i.USART_SendData    stm32f10x_usart.o
    0x0800565a   0x00000002   Code   RO          154    i.UsageFault_Handler  stm32f10x_it.o
    0x0800565c   0x00000020   Code   RO         4408    i.__0printf         mc_w.l(printfa.o)
    0x0800567c   0x0000000e   Code   RO         4538    i.__scatterload_copy  mc_w.l(handlers.o)
    0x0800568a   0x00000002   Code   RO         4539    i.__scatterload_null  mc_w.l(handlers.o)
    0x0800568c   0x0000000e   Code   RO         4540    i.__scatterload_zeroinit  mc_w.l(handlers.o)
    0x0800569a   0x00000002   PAD
    0x0800569c   0x00000164   Code   RO         4415    i._fp_digits        mc_w.l(printfa.o)
    0x08005800   0x000006dc   Code   RO         4416    i._printf_core      mc_w.l(printfa.o)
    0x08005edc   0x00000024   Code   RO         4417    i._printf_post_padding  mc_w.l(printfa.o)
    0x08005f00   0x0000002e   Code   RO         4418    i._printf_pre_padding  mc_w.l(printfa.o)
    0x08005f2e   0x00000002   PAD
    0x08005f30   0x0000005c   Code   RO         2064    i.check_fs          ff.o
    0x08005f8c   0x00000018   Code   RO         2065    i.clust2sect        ff.o
    0x08005fa4   0x00000012   Code   RO         2873    i.convert_from_bytes_to_power_of_two  sdcard.o
    0x08005fb6   0x0000009e   Code   RO         2066    i.create_chain      ff.o
    0x08006054   0x00000128   Code   RO         2067    i.create_name       ff.o
    0x0800617c   0x00000016   Code   RO         3262    i.delay_nms         delay.o
    0x08006192   0x00000012   Code   RO         3263    i.delay_nus         delay.o
    0x080061a4   0x000000e6   Code   RO         2068    i.dir_next          ff.o
    0x0800628a   0x00000064   Code   RO         2070    i.dir_register      ff.o
    0x080062ee   0x00000002   PAD
    0x080062f0   0x0000007e   Code   RO         2072    i.dir_sdi           ff.o
    0x0800636e   0x00000004   Code   RO         2013    i.disk_initialize   diskio.o
    0x08006372   0x00000004   Code   RO         2014    i.disk_ioctl        diskio.o
    0x08006376   0x0000001a   Code   RO         2015    i.disk_read         diskio.o
    0x08006390   0x00000004   Code   RO         2016    i.disk_status       diskio.o
    0x08006394   0x0000001a   Code   RO         2017    i.disk_write        diskio.o
    0x080063ae   0x0000001c   Code   RO         2074    i.f_close           ff.o
    0x080063ca   0x00000002   PAD
    0x080063cc   0x0000004c   Code   RO         2079    i.f_mount           ff.o
    0x08006418   0x00000140   Code   RO         2080    i.f_open            ff.o
    0x08006558   0x0000014a   Code   RO         2082    i.f_read            ff.o
    0x080066a2   0x00000098   Code   RO         2086    i.f_sync            ff.o
    0x0800673a   0x00000002   PAD
    0x0800673c   0x00000238   Code   RO         2091    i.find_volume       ff.o
    0x08006974   0x000000aa   Code   RO         2092    i.follow_path       ff.o
    0x08006a1e   0x00000002   PAD
    0x08006a20   0x00000038   Code   RO         3983    i.font_init         fontupd.o
    0x08006a58   0x00000024   Code   RO         3309    i.fputc             usart.o
    0x08006a7c   0x0000007c   Code   RO         3984    i.fupd_prog         fontupd.o
    0x08006af8   0x000000be   Code   RO         2093    i.get_fat           ff.o
    0x08006bb6   0x00000004   Code   RO         2018    i.get_fattime       diskio.o
    0x08006bba   0x0000003c   Code   RO         2095    i.get_ldnumber      ff.o
    0x08006bf6   0x00000012   Code   RO         2096    i.ld_clust          ff.o
    0x08006c08   0x000001dc   Code   RO            1    i.main              main.o
    0x08006de4   0x00000012   Code   RO         2097    i.mem_cpy           ff.o
    0x08006df6   0x00000002   PAD
    0x08006df8   0x00000058   Code   RO         3357    i.mem_free          malloc.o
    0x08006e50   0x0000003c   Code   RO         3358    i.mem_init          malloc.o
    0x08006e8c   0x00000090   Code   RO         3359    i.mem_malloc        malloc.o
    0x08006f1c   0x00000038   Code   RO         3360    i.mem_perused       malloc.o
    0x08006f54   0x0000000e   Code   RO         2098    i.mem_set           ff.o
    0x08006f62   0x00000032   Code   RO         2099    i.move_window       ff.o
    0x08006f94   0x00000018   Code   RO         3361    i.myfree            malloc.o
    0x08006fac   0x00000020   Code   RO         3362    i.mymalloc          malloc.o
    0x08006fcc   0x0000000e   Code   RO         3364    i.mymemset          malloc.o
    0x08006fda   0x00000002   PAD
    0x08006fdc   0x00000028   Code   RO         2392    i.piclib_draw_hline  piclib.o
    0x08007004   0x00000064   Code   RO         2393    i.piclib_init       piclib.o
    0x08007068   0x000000f4   Code   RO         2100    i.put_fat           ff.o
    0x0800715c   0x00000062   Code   RO         2101    i.remove_chain      ff.o
    0x080071be   0x00000010   Code   RO         2102    i.st_clust          ff.o
    0x080071ce   0x000000b0   Code   RO         2103    i.sync_fs           ff.o
    0x0800727e   0x00000052   Code   RO         2104    i.sync_window       ff.o
    0x080072d0   0x000000d8   Code   RO         3985    i.updata_fontx      fontupd.o
    0x080073a8   0x0000012c   Code   RO         3986    i.update_font       fontupd.o
    0x080074d4   0x00000022   Code   RO         2105    i.validate          ff.o
    0x080074f6   0x00000002   PAD
    0x080074f8   0x00000004   Data   RO          248    .constdata          system_stm32f10x.o
    0x080074fc   0x00000a64   Data   RO         2686    .constdata          lcd.o
    0x08007f60   0x00000018   Data   RO         3370    .constdata          malloc.o
    0x08007f78   0x000000a5   Data   RO         3988    .conststring        fontupd.o
    0x0800801d   0x00000003   PAD
    0x08008020   0x00000020   Data   RO         4536    Region$$Table       anon$$obj.o


    Execution Region RW_IRAM1 (Base: 0x20000000, Size: 0x0000e9e0, Max: 0x00010000, ABSOLUTE)

    Base Addr    Size         Type   Attr      Idx    E Section Name        Object

    0x20000000   0x00000008   Data   RW         2106    .data               ff.o
    0x20000008   0x00000004   Data   RW         2687    .data               lcd.o
    0x2000000c   0x00000028   Data   RW         2875    .data               sdcard.o
    0x20000034   0x00000002   Data   RW         3150    .data               flash.o
    0x20000036   0x00000002   PAD
    0x20000038   0x00000004   Data   RW         3286    .data               timer.o
    0x2000003c   0x0000000c   Data   RW         3311    .data               usart.o
    0x20000048   0x0000001c   Data   RW         3371    .data               malloc.o
    0x20000064   0x0000001c   Data   RW         3989    .data               fontupd.o
    0x20000080   0x00000004   Data   RW         4503    .data               mc_w.l(stdout.o)
    0x20000084   0x00000454   Zero   RW         2357    .bss                jpg_create.o
    0x200004d8   0x00000044   Zero   RW         2394    .bss                piclib.o
    0x2000051c   0x0000000e   Zero   RW         2685    .bss                lcd.o
    0x2000052a   0x00000002   PAD
    0x2000052c   0x00000064   Zero   RW         2874    .bss                sdcard.o
    0x20000590   0x00001000   Zero   RW         3149    .bss                flash.o
    0x20001590   0x00002832   Zero   RW         3310    .bss                usart.o
    0x20003dc2   0x00000002   PAD
    0x20003dc4   0x0000a000   Zero   RW         3368    .bss                malloc.o
    0x2000ddc4   0x00000a00   Zero   RW         3369    .bss                malloc.o
    0x2000e7c4   0x00000019   Zero   RW         3987    .bss                fontupd.o
    0x2000e7dd   0x00000003   PAD
    0x2000e7e0   0x00000200   Zero   RW         2006    STACK               startup_stm32f10x_hd.o



  Load Region LR$$.ARM.__AT_0x68000000 (Base: 0x68000000, Size: 0x00000000, Max: 0x00030000, ABSOLUTE)

    Execution Region ER$$.ARM.__AT_0x68000000 (Base: 0x68000000, Size: 0x00030000, Max: 0x00030000, ABSOLUTE, UNINIT)

    Base Addr    Size         Type   Attr      Idx    E Section Name        Object

    0x68000000   0x00030000   Zero   RW         3366    .ARM.__AT_0x68000000  malloc.o



  Load Region LR$$.ARM.__AT_0x68030000 (Base: 0x68030000, Size: 0x00000000, Max: 0x00003000, ABSOLUTE)

    Execution Region ER$$.ARM.__AT_0x68030000 (Base: 0x68030000, Size: 0x00003000, Max: 0x00003000, ABSOLUTE, UNINIT)

    Base Addr    Size         Type   Attr      Idx    E Section Name        Object

    0x68030000   0x00003000   Zero   RW         3367    .ARM.__AT_0x68030000  malloc.o


==============================================================================

Image component sizes


      Code (inc. data)   RO Data    RW Data    ZI Data      Debug   Object Name

         0          0          0          0          0     213068   app_task.o
         0          0          0          0          0         32   core_cm3.o
        40          0          0          0          0        916   delay.o
        68          0          0          0          0       4368   diskio.o
      3670         42          0          8          0      24824   ff.o
       796         54          0          2       4096       6736   flash.o
       696        110        165         28         25       4590   fontupd.o
        32         10          0          0       1108        640   jpg_create.o
     11060        190       2660          4         14      30517   lcd.o
       476        140          0          0          0     208883   main.o
       418         44         24         28     252416       5796   malloc.o
       120         16          0          0          0       1311   misc.o
       140         40          0          0         68       2192   piclib.o
      5616        216          0         40        100      22069   sdcard.o
       256         18          0          0          0       1661   spi.o
        48         12        304          0        512        800   startup_stm32f10x_hd.o
       134         16          0          0          0       3073   stm32f10x_dma.o
       232          6          0          0          0       9569   stm32f10x_fsmc.o
       170          0          0          0          0       2528   stm32f10x_gpio.o
        36          6          0          0          0     234784   stm32f10x_it.o
        72         18          0          0          0       1574   stm32f10x_rcc.o
       364         90          0          0          0       9707   stm32f10x_sdio.o
        98          0          0          0          0      10206   stm32f10x_spi.o
        98          0          0          0          0      10553   stm32f10x_usart.o
       232         22          4          0          0       1797   system_stm32f10x.o
       510         14          0          0          0       3119   text.o
         0          0          0          4          0        461   timer.o
       186         18          0         12      10290       2434   usart.o

    ----------------------------------------------------------------------
     25612       1082       3192        128     268636     818208   Object Totals
         0          0         32          0          0          0   (incl. Generated)
        44          0          3          2          7          0   (incl. Padding)

    ----------------------------------------------------------------------

      Code (inc. data)   RO Data    RW Data    ZI Data      Debug   Library Member Name

         0          0          0          0          0          0   entry.o
         0          0          0          0          0          0   entry10a.o
         0          0          0          0          0          0   entry11a.o
         8          4          0          0          0          0   entry2.o
         4          0          0          0          0          0   entry5.o
         0          0          0          0          0          0   entry7b.o
         0          0          0          0          0          0   entry8b.o
         8          4          0          0          0          0   entry9a.o
        30          0          0          0          0          0   handlers.o
        36          8          0          0          0         68   init.o
         0          0          0          0          0          0   iusefp.o
        30          0          0          0          0         68   llshl.o
        36          0          0          0          0         68   llsshr.o
        32          0          0          0          0         68   llushr.o
      2226         90          0          0          0        444   printfa.o
         0          0          0          4          0          0   stdout.o
        44          0          0          0          0         80   uidiv.o
        98          0          0          0          0         92   uldiv.o
        48          0          0          0          0         68   cdrcmple.o
        20          0          0          0          0         68   cfcmple.o
       334          0          0          0          0        148   dadd.o
       222          0          0          0          0        100   ddiv.o
       186          0          0          0          0        176   depilogue.o
        48          0          0          0          0         68   dfixul.o
       228          0          0          0          0         96   dmul.o
       124          0          0          0          0         88   fdiv.o
       110          0          0          0          0        168   fepilogue.o
        40          0          0          0          0         68   ffixui.o
        10          0          0          0          0         68   ffltui.o
       100          0          0          0          0         76   fmul.o

    ----------------------------------------------------------------------
      4028        106          0          4          0       2080   Library Totals
         6          0          0          0          0          0   (incl. Padding)

    ----------------------------------------------------------------------

      Code (inc. data)   RO Data    RW Data    ZI Data      Debug   Library Name

      2552        106          0          4          0        888   mc_w.l
      1470          0          0          0          0       1192   mf_w.l

    ----------------------------------------------------------------------
      4028        106          0          4          0       2080   Library Totals

    ----------------------------------------------------------------------

==============================================================================


      Code (inc. data)   RO Data    RW Data    ZI Data      Debug   

     29640       1188       3192        132     268636     811184   Grand Totals
     29640       1188       3192        132     268636     811184   ELF Image Totals
     29640       1188       3192        132          0          0   ROM Totals

==============================================================================

    Total RO  Size (Code + RO Data)                32832 (  32.06kB)
    Total RW  Size (RW Data + ZI Data)            268768 ( 262.47kB)
    Total ROM Size (Code + RO Data + RW Data)      32964 (  32.19kB)

==============================================================================

