<html>
<body>
<pre>
<h1>礦ision Build Log</h1>
<h2>Project:</h2>
E:\技术资料\二维码图片显示项目-20160325\TestDemo\STM32-FD-SDCard-SDIO.uvproj
Project File Date:  04/07/2016

<h2>Output:</h2>
Build target 'TestDemo'
compiling main.c...
compiling stm32f10x_it.c...
compiling system_stm32f10x.c...
compiling misc.c...
compiling stm32f10x_gpio.c...
compiling stm32f10x_rcc.c...
compiling stm32f10x_usart.c...
compiling stm32f10x_sdio.c...
compiling stm32f10x_dma.c...
compiling stm32f10x_fsmc.c...
compiling stm32f10x_tim.c...
compiling core_cm3.c...
assembling startup_stm32f10x_hd.s...
compiling diskio.c...
compiling ff.c...
compiling data_parse.c...
Picture\src\data_parse.c(3): error:  #5: cannot open source input file "deal_file.h": No such file or directory
compiling jpg_create.c...
Picture\src\jpg_create.c(1): error:  #5: cannot open source input file "deal_file.h": No such file or directory
compiling piclib.c...
compiling tjpgd.c...
compiling lcd.c...
compiling sdcard.c...
compiling fsmc_sram.c...
compiling delay.c...
compiling timer.c...
compiling usart.c...
compiling malloc.c...
".\Obj\TestDemo.axf" - 2 Errors, 0 Warning(s).
Target not created
Build target 'TestDemo'
compiling main.c...
compiling data_parse.c...
Picture\src\data_parse.c(33): warning:  #550-D: variable "type" was set but never used
Picture\src\data_parse.c(34): warning:  #550-D: variable "command" was set but never used
Picture\src\data_parse.c(37): warning:  #177-D: variable "i" was declared but never referenced
compiling jpg_create.c...
linking...
.\Obj\TestDemo.axf: Error: L6218E: Undefined symbol Connect_Server (referred from main.o).
.\Obj\TestDemo.axf: Error: L6218E: Undefined symbol Set_ATE0 (referred from main.o).
.\Obj\TestDemo.axf: Error: L6218E: Undefined symbol Wait_CREG (referred from main.o).
".\Obj\TestDemo.axf" - 3 Errors, 3 Warning(s).
Target not created
Build target 'TestDemo'
compiling data_parse.c...
Picture\src\data_parse.c(33): warning:  #550-D: variable "type" was set but never used
Picture\src\data_parse.c(34): warning:  #550-D: variable "command" was set but never used
Picture\src\data_parse.c(37): warning:  #177-D: variable "i" was declared but never referenced
compiling jpg_create.c...
compiling sim900a.c...
linking...
Program Size: Code=31478 RO-data=1622 RW-data=136 ZI-data=264672  
FromELF: creating hex file...
".\Obj\TestDemo.axf" - 0 Errors, 3 Warning(s).
Build target 'TestDemo'
compiling main.c...
compiling data_parse.c...
Picture\src\data_parse.c(33): warning:  #550-D: variable "type" was set but never used
Picture\src\data_parse.c(34): warning:  #550-D: variable "command" was set but never used
Picture\src\data_parse.c(37): warning:  #177-D: variable "i" was declared but never referenced
linking...
Program Size: Code=31478 RO-data=1622 RW-data=136 ZI-data=264672  
FromELF: creating hex file...
".\Obj\TestDemo.axf" - 0 Errors, 3 Warning(s).
