<html>
<body>
<pre>
<h1>礦ision Build Log</h1>
<h2>Tool Versions:</h2>
IDE-Version: μVision V5.18a
Copyright (C) 2016 ARM Ltd and ARM Germany GmbH. All rights reserved.
License Information: dzbei dzbei, ritu, LIC=UB401-CS6WY-C0JN2-9IFG3-6IJFF-QE5IL
 
Tool Versions:
Toolchain:       MDK-ARM Professional  Version: 5.18a
Toolchain Path:  C:\Keil_v5\ARM\ARMCC\Bin
C Compiler:      Armcc.exe V5.06 update 1 (build 61)
Assembler:       Armasm.exe V5.06 update 1 (build 61)
Linker/Locator:  ArmLink.exe V5.06 update 1 (build 61)
Library Manager: ArmAr.exe V5.06 update 1 (build 61)
Hex Converter:   FromElf.exe V5.06 update 1 (build 61)
CPU DLL:         SARMCM3.DLL V5.18a
Dialog DLL:      DARMSTM.DLL V1.65.0.0
Target DLL:      Segger\JL2CM3.dll V2.99.19.0
Dialog DLL:      TARMSTM.DLL V1.64.0.0
 
<h2>Project:</h2>
E:\技术资料\显示\TestDemo_字库更新\TestDemo\STM32-FD-SDCard-SDIO.uvproj
Project File Date:  05/12/2016

<h2>Output:</h2>
*** Using Compiler 'V5.06 update 1 (build 61)', folder: 'C:\Keil_v5\ARM\ARMCC\Bin'
Build target 'TestDemo'
compiling getqrcodelist.c...
Task\src\getqrcodelist.c(93): warning:  #167-D: argument of type "char *" is incompatible with parameter of type "u8 *"
  						Show_Str(60,170,200,16,buf,16,0);
Task\src\getqrcodelist.c: 1 warning, 0 errors
compiling main.c...
compiling getimage.c...
Task\src\getimage.c(96): warning:  #167-D: argument of type "char *" is incompatible with parameter of type "u8 *"
  						Show_Str(60,170,200,16,buf,16,0);
Task\src\getimage.c: 1 warning, 0 errors
compiling getversion.c...
linking...
Program Size: Code=29640 RO-data=3192 RW-data=132 ZI-data=268636  
FromELF: creating hex file...
".\Obj\TestDemo.axf" - 0 Error(s), 2 Warning(s).
Build Time Elapsed:  00:00:02
</pre>
</body>
</html>
